[01:23:53] [hd] prompt set: /opt/fastvideo-rs/scripts/gpu/prompts-hd5.json
[01:23:53] [hd] matrix start image=e459d24cc5a25933
GPU 0: NVIDIA RTX PRO 6000 Blackwell Server Edition (UUID: GPU-66a841d7-a0c7-8ff5-ff72-a1bbc3558223)
NVIDIA RTX PRO 6000 Blackwell Server Edition, 97887 MiB, 595.91.07
[01:23:53] [hd] skip turbo-768p (not in FV_CELLS)
[01:23:53] [hd] turbo-768p 
[01:23:53] [hd] skip turbo-1080p (not in FV_CELLS)
[01:23:53] [hd] turbo-1080p 
[01:23:53] [hd] skip turbo-768p-v (not in FV_CELLS)
[01:23:53] [hd] turbo-768p-v 
[01:23:53] [hd] skip turbo-1080p-v (not in FV_CELLS)
[01:23:53] [hd] turbo-1080p-v 
[01:23:55] [hd] ▶ max-768p  /opt/fastvideo-rs/target/release/fv-gpucheck --mode fast --techniques h3/sol_h3_4step_engine_ladder h3 gen --weights /workspace/weights/h3-base --h3-recipe sol-h3 --height 768 --width 1344 --adaln-cache /fvscratch/runs/hd/2cd1ba0-09290122/sol-h3-adaln.cache --clip-dir /fvscratch/runs/hd/2cd1ba0-09290122/max-768p/frames --seconds 5 --prompt A man in his thirties talking to the camera in a bright living room, medium close-up, natural expressions and hand gestures, soft window light. He says: <d>Hello, this was generated entirely in Rust.</d> --seed 1024 --prompts /opt/fastvideo-rs/scripts/gpu/prompts-hd5.json --text-encoder streamed --text-cache /fvscratch/h3-text-cache --text-weights /workspace/weights/h3-base  (wall cap 3600s; 0=none)
[01:34:44] [hd] ok max-768p  649s  /fvscratch/runs/hd/2cd1ba0-09290122/max-768p/stderr.log:[INFO] h3/timings/h3-demo {"audio_decode_s":0.064638074,"decode_s":6.612991009000001,"denoise_s":22.055218634,"load_s":104.43226769,"peak_mib":35854,"refine_s":0.006917962,"step_s":[8.394324683,4.811775774,4.544182602,4.304694197],"text_cache":"miss","text_encoder":"streamed","text_s":84.537754185,"total_s":113.59434606,"video_decode_s":6.5483529350000005,"video_encode_s":0.164745855,"video_push_s":0.000051889,"video_rgb_s":0.18849525600819111,"video_vae_s":6.354483453691005,"video_wait_s":0.282552527,"warm":false,"write_s":0.287277219}
[01:34:44] [hd] max-768p "denoise_s": 21.266662461 "peak_memory_mb": 35008.0 "total_s": 118.242690346 "denoise_s": 21.505863882 "peak_memory_mb": 35072.0 "total_s": 87.806745129 "denoise_s": 21.766486801 "peak_memory_mb": 35104.0 
[01:35:03] [hd] ▶ max-1080p  /opt/fastvideo-rs/target/release/fv-gpucheck --mode fast --techniques h3/sol_h3_4step_engine_ladder h3 gen --weights /workspace/weights/h3-base --h3-recipe sol-h3 --height 1088 --width 1920 --oversize-canvas --adaln-cache /fvscratch/runs/hd/2cd1ba0-09290122/sol-h3-adaln.cache --clip-dir /fvscratch/runs/hd/2cd1ba0-09290122/max-1080p/frames --seconds 5 --prompt A man in his thirties talking to the camera in a bright living room, medium close-up, natural expressions and hand gestures, soft window light. He says: <d>Hello, this was generated entirely in Rust.</d> --seed 1024 --prompts /opt/fastvideo-rs/scripts/gpu/prompts-hd5.json --text-encoder streamed --text-cache /fvscratch/h3-text-cache --text-weights /workspace/weights/h3-base  (wall cap 3600s; 0=none)
[01:43:47] [hd] ok max-1080p  524s  /fvscratch/runs/hd/2cd1ba0-09290122/max-1080p/stderr.log:[INFO] h3/timings/h3-demo {"audio_decode_s":0.056017115,"decode_s":14.536614132999999,"denoise_s":68.823662402,"load_s":107.542281175,"peak_mib":41996,"refine_s":0.011181166,"step_s":[30.449090229,13.930723147,12.723233951,11.720268998],"text_cache":"hit","text_encoder":"cache","text_s":0.363480253,"total_s":84.449532493,"video_decode_s":14.480597018,"video_encode_s":0.367904126,"video_push_s":0.000053269,"video_rgb_s":0.44589020002017266,"video_vae_s":14.046899973273279,"video_wait_s":0.081868173,"warm":false,"write_s":0.535874532}
[01:43:47] [hd] max-1080p "denoise_s": 64.290426215 "peak_memory_mb": 41056.0 "total_s": 79.187182211 "denoise_s": 66.128392457 "peak_memory_mb": 41120.0 "total_s": 81.15990922900001 "denoise_s": 68.459052661 "peak_memory_mb": 41216.0 
[01:43:59] [hd] ▶ turbo-1080p-10s  /opt/fastvideo-rs/target/release/fv-gpucheck --mode fast --techniques h3/fasth3_4step_vsa h3 gen --weights /workspace/weights/h3-base --h3-recipe 4step-vsa --height 1088 --width 1920 --oversize-canvas --seconds 10 --prompt A man in his thirties talking to the camera in a bright living room, medium close-up, natural expressions and hand gestures, soft window light. He says: <d>Hello, this was generated entirely in Rust.</d> --seed 1024 --text-encoder streamed --text-cache /fvscratch/h3-text-cache --text-weights /workspace/weights/h3-base --adaln-cache /fvscratch/runs/hd/2cd1ba0-09290122/4step-vsa-adaln.cache --clip-dir /fvscratch/runs/hd/2cd1ba0-09290122/turbo-1080p-10s/frames  (wall cap 3600s; 0=none)
[01:48:17] [hd] ok turbo-1080p-10s  258s  /fvscratch/runs/hd/2cd1ba0-09290122/turbo-1080p-10s/stderr.log:[INFO] h3/timings {"audio_decode_s":0.155383057,"decode_s":28.944445403000003,"denoise_s":114.208240215,"load_s":112.529584562,"peak_mib":82820,"refine_s":0.007040425,"step_s":[28.052139431,28.458532296,28.70215367,28.994964675],"text_cache":"hit","text_encoder":"cache","text_s":0.327140565,"total_s":144.950658215,"video_decode_s":28.789062346,"video_encode_s":0.380715138,"video_push_s":0.000095902,"video_rgb_s":0.8876319029830384,"video_vae_s":28.331907005906103,"video_wait_s":0.089723868,"warm":false,"write_s":1.022191734}
[01:48:17] [hd] turbo-1080p-10s "denoise_s": 114.208240215 "peak_allocated_gib": 30.11558149009943 "peak_allocated_gib": 30.12110898643732 "peak_allocated_gib": 73.00266269594431 "peak_allocated_gib": 30.530688039027154 "peak_allocated_gib": 33.13306068535894 "peak_allocated_gib": 73.00266269594431 "peak_memory_mb": 82112.0 
[01:48:29] [hd] ▶ max-1080p-10s  /opt/fastvideo-rs/target/release/fv-gpucheck --mode fast --techniques h3/sol_h3_4step_engine_ladder h3 gen --weights /workspace/weights/h3-base --h3-recipe sol-h3 --height 1088 --width 1920 --oversize-canvas --seconds 10 --prompt A man in his thirties talking to the camera in a bright living room, medium close-up, natural expressions and hand gestures, soft window light. He says: <d>Hello, this was generated entirely in Rust.</d> --seed 1024 --text-encoder streamed --text-cache /fvscratch/h3-text-cache --text-weights /workspace/weights/h3-base --adaln-cache /fvscratch/runs/hd/2cd1ba0-09290122/sol-h3-adaln.cache --clip-dir /fvscratch/runs/hd/2cd1ba0-09290122/max-1080p-10s/frames  (wall cap 3600s; 0=none)
[01:54:01] [hd] ok max-1080p-10s  332s  /fvscratch/runs/hd/2cd1ba0-09290122/max-1080p-10s/stderr.log:[INFO] h3/timings {"audio_decode_s":0.169501355,"decode_s":28.967627581000002,"denoise_s":200.84861087,"load_s":99.885743863,"peak_mib":54028,"refine_s":0.017509116,"step_s":[98.057282406,38.413146641,34.09639688,30.28141499],"text_cache":"hit","text_encoder":"cache","text_s":0.406148752,"total_s":231.586517393,"video_decode_s":28.798126226,"video_encode_s":0.354123694,"video_push_s":0.000118548,"video_rgb_s":0.85666955799331,"video_vae_s":28.367713816046717,"video_wait_s":0.08954328,"warm":false,"write_s":1.00240227}
[01:54:01] [hd] max-1080p-10s "denoise_s": 200.84861087 "peak_allocated_gib": 26.526714134961367 "peak_allocated_gib": 26.532241631299257 "peak_allocated_gib": 48.92399134114385 "peak_allocated_gib": 26.94182068388909 "peak_allocated_gib": 29.544193330220878 "peak_allocated_gib": 48.92399134114385 "peak_memory_mb": 53312.0 
[01:54:22] [hd] compare max-768p-lanczos--max-1080p-h3-demo exit=0 "psnr_mean":10.055015087694247 
[01:54:24] [hd] compare max-768p-lanczos--max-1080p-ltx-frogyoga exit=0 "psnr_mean":10.42386331421677 
[01:54:26] [hd] compare max-768p-lanczos--max-1080p-ltx-newsbroadcast exit=0 "psnr_mean":10.567933071800853 
[01:54:28] [hd] compare max-768p-lanczos--max-1080p-spark-mountain-lake exit=0 "psnr_mean":12.192393650228109 
[01:54:30] [hd] compare max-768p-lanczos--max-1080p-talking-head exit=0 "psnr_mean":6.926268681445985 
[01:54:30] [hd] matrix done
