[fastvideo] cuda device=0 sm_120 kernels=Cubin(120) gemm=Bf16 resident=true sdpa=dense sdpa_chunk=1024 oxide=[bf16_128x128x128,bf16_128x256x128,bf16_256x128x128,bf16_128x128x256,f32_128x128x128] oxide_embedded=10
[INFO] wan/load {"mem_used_mib":37314,"seconds":217.91220289}
[fastvideo] generate preset=wan_t2v_14b tiny=false 1280x720 frames=81 steps=50 dmd=false rcm=false latent=1x16x21x90x160 nvfp4=off resident=true cuda=true
[fastvideo] wan attn route: Sol14b
[fastvideo] wan sol easycache: threshold 0.036 retain 7 cooldown 1 steps 50 (cond decides, uncond follows)
[fastvideo] denoise=unipc steps=50
[fastvideo] sdpa: cuDNN fused attention (cuDNN 92600, graph unified CUDNN_HEUR_MODE_A config 0 of 2, engine 11, numerical notes [0], , workspace 0 B)
[fastvideo] sdpa auto (sm_12x rule): bh=40 sq=75600 sk=75600 d=128 -> cuDNN
[fastvideo] sdpa: fused mma B=1 H=40 Sq=75600 Sk=75600 D=128
[fastvideo] sdpa auto (sm_12x rule): bh=40 sq=75600 sk=512 d=128 -> flash_mma_fwd2
[fastvideo] unipc step 1/50 t=999 done in 35566ms
[fastvideo] unipc step 2/50 t=995 done in 35582ms
[fastvideo] unipc step 3/50 t=991 done in 35648ms
[fastvideo] unipc step 4/50 t=987 done in 35693ms
[fastvideo] unipc step 5/50 t=982 done in 35697ms
[fastvideo] sol-attn kernel (fused device): thresh_type=Diag tau=1 block=64 tokens=75600 blocks=1182 sink=0
[fastvideo] unipc step 6/50 t=978 done in 20938ms
[fastvideo] unipc step 7/50 t=973 done in 20938ms
[fastvideo] unipc step 8/50 t=968 done in 0ms
[fastvideo] unipc step 9/50 t=963 done in 20933ms
[fastvideo] unipc step 10/50 t=957 done in 0ms
[fastvideo] unipc step 11/50 t=952 done in 20921ms
[fastvideo] unipc step 12/50 t=946 done in 0ms
[fastvideo] unipc step 13/50 t=940 done in 0ms
[fastvideo] unipc step 14/50 t=934 done in 20897ms
[fastvideo] unipc step 15/50 t=927 done in 0ms
[fastvideo] unipc step 16/50 t=921 done in 0ms
[fastvideo] unipc step 17/50 t=913 done in 0ms
[fastvideo] unipc step 18/50 t=906 done in 20881ms
[fastvideo] unipc step 19/50 t=898 done in 0ms
[fastvideo] unipc step 20/50 t=890 done in 0ms
[fastvideo] unipc step 21/50 t=882 done in 0ms
[fastvideo] unipc step 22/50 t=873 done in 0ms
[fastvideo] unipc step 23/50 t=864 done in 20838ms
[fastvideo] unipc step 24/50 t=854 done in 0ms
[fastvideo] unipc step 25/50 t=844 done in 0ms
[fastvideo] unipc step 26/50 t=833 done in 0ms
[fastvideo] unipc step 27/50 t=821 done in 0ms
[fastvideo] unipc step 28/50 t=809 done in 0ms
[fastvideo] unipc step 29/50 t=797 done in 20796ms
[fastvideo] unipc step 30/50 t=783 done in 0ms
[fastvideo] unipc step 31/50 t=769 done in 0ms
[fastvideo] unipc step 32/50 t=753 done in 0ms
[fastvideo] unipc step 33/50 t=737 done in 0ms
[fastvideo] unipc step 34/50 t=720 done in 0ms
[fastvideo] unipc step 35/50 t=701 done in 20741ms
[fastvideo] unipc step 36/50 t=681 done in 0ms
[fastvideo] unipc step 37/50 t=660 done in 0ms
[fastvideo] unipc step 38/50 t=637 done in 0ms
[fastvideo] unipc step 39/50 t=612 done in 0ms
[fastvideo] unipc step 40/50 t=585 done in 0ms
[fastvideo] unipc step 41/50 t=555 done in 20670ms
[fastvideo] unipc step 42/50 t=523 done in 0ms
[fastvideo] unipc step 43/50 t=487 done in 0ms
[fastvideo] unipc step 44/50 t=448 done in 0ms
[fastvideo] unipc step 45/50 t=405 done in 20617ms
[fastvideo] unipc step 46/50 t=357 done in 0ms
[fastvideo] unipc step 47/50 t=302 done in 0ms
[fastvideo] unipc step 48/50 t=241 done in 20524ms
[fastvideo] unipc step 49/50 t=172 done in 20463ms
[fastvideo] unipc step 50/50 t=92 done in 20363ms
[fastvideo] unipc 50 steps done in 468728ms
[fastvideo] sdpa: device dense B=1 H=1 Sq=14400 Sk=14400 D=384 query_chunk=14400
[fastvideo] vae.decode done in 6202ms
[fastvideo] video writer: 81 frames, png deferred (0 inline, 81 after the mp4 in 0.09s, 0.07 GiB, synced), ffmpeg feed blocked 0.22s, mp4 tail 0.04s, buffered peak 0.21 GiB of 85.12
[fastvideo] wrote mp4 /fvscratch/runs/sol-bench-a2/c74c5f5-10061422/wan14-720p-fullstack/frames/output.mp4
[fastvideo] wrote 81 png frames → /fvscratch/runs/sol-bench-a2/c74c5f5-10061422/wan14-720p-fullstack/frames (text 2.07s, denoise 468.73s, decode+mp4 7.75s, png 0.09s)
[fastvideo] generate done in 478667ms
[INFO] wan/timings {"audio_generate_s":0.0,"audio_s":0.0,"decode_s":7.751682805,"decoder":"wan-vae","denoise_s":468.72944959,"frames_sha256":"75361595c69c562137c30471b52d3ec89ae6178633ee0cb5ddd8eee342b5185e","peak_mib":71884,"step_s":[35.567725632,35.582154083,35.648781243,35.693408195,35.69763289,20.938440642,20.938675551,0.000540501,20.933427735,0.00053685,20.921427779,0.00052628,0.000373641,20.897531209,0.000511551,0.00037153,0.000367871,20.881764619,0.000526971,0.00038432,0.000388111,0.00038947,20.838137751,0.00050421,0.000387531,0.00037278,0.000371841,0.00038123,20.796759374,0.000504061,0.0003558,0.000357081,0.00035222,0.000355491,20.741638709,0.000522561,0.00037374,0.000372281,0.00036974,0.000369521,20.669994861,0.000503161,0.00037565,0.000363101,20.61715719,0.000587831,0.00036776,20.524278484,20.463753981,20.363308065],"text_cache":"miss","text_s":2.06847661,"total_s":478.580162277,"video_encode_s":0.042202927,"video_push_s":0.000042699999999999994,"video_rgb_s":0.0657765189969396,"video_vae_s":7.674969757080079,"video_wait_s":1.480196143,"write_s":0.087218009}
wan gen default: total 478.58s (text 2.07s, denoise 468.73s, decode 7.75s) png 0.09s peak Some(71884) MiB frames 75361595c69c562137c30471b52d3ec89ae6178633ee0cb5ddd8eee342b5185e
[PASS] wan/frames {"decoded":81,"written":81} (limits {"expected":81})
[PASS] wan/middle_frame_not_flat {"frame":"/fvscratch/runs/sol-bench-a2/c74c5f5-10061422/wan14-720p-fullstack/frames/frame-040.png","mean":0.28076733000979354,"std":0.24966599494339525} (limits {"std_min":0.02})
benchmark.json → /fvscratch/runs/sol-bench-a2/c74c5f5-10061422/wan14-720p-fullstack/benchmark.json
[PASS] stage wan → gpucheck-out/wan.json (697.3s)
