[fastvideo] cuda device=0 sm_120 kernels=Cubin(120) gemm=Bf16 resident=true sdpa=dense sdpa_chunk=1024 oxide=[bf16_128x128x128,bf16_128x256x128,bf16_256x128x128,bf16_128x128x256,f32_128x128x128] oxide_embedded=10
[INFO] wan/load {"dit_residency":"resident","mem_used_mib":12738,"moe":null,"seconds":115.696150428}
[fastvideo] generate preset=wan_t2v_1_3b tiny=false 832x480 frames=81 steps=50 dmd=false rcm=false latent=1x16x21x60x104 nvfp4=off resident=true cuda=true
[fastvideo] denoise=unipc steps=50 shift=3 sigmas=diffusers
[fastvideo] sdpa: cuDNN fused attention (cuDNN 92600, graph unified CUDNN_HEUR_MODE_A config 0 of 2, engine 11, numerical notes [0], , workspace 0 B)
[fastvideo] sdpa auto (sm_12x rule): bh=24 sq=32760 sk=32760 d=128 -> cuDNN
[fastvideo] sdpa: fused mma B=2 H=12 Sq=32760 Sk=32760 D=128
[fastvideo] sdpa auto (sm_12x rule): bh=24 sq=32760 sk=512 d=128 -> flash_mma_fwd2
[fastvideo] unipc step 1/50 t=999 done in 2010ms
[fastvideo] unipc step 2/50 t=992 done in 1678ms
[fastvideo] unipc step 3/50 t=985 done in 1681ms
[fastvideo] unipc step 4/50 t=978 done in 1684ms
[fastvideo] unipc step 5/50 t=971 done in 1688ms
[fastvideo] unipc step 6/50 t=963 done in 1689ms
[fastvideo] unipc step 7/50 t=956 done in 1691ms
[fastvideo] unipc step 8/50 t=948 done in 1693ms
[fastvideo] unipc step 9/50 t=939 done in 1696ms
[fastvideo] unipc step 10/50 t=931 done in 1698ms
[fastvideo] unipc step 11/50 t=922 done in 1701ms
[fastvideo] unipc step 12/50 t=913 done in 1702ms
[fastvideo] unipc step 13/50 t=904 done in 1703ms
[fastvideo] unipc step 14/50 t=894 done in 1708ms
[fastvideo] unipc step 15/50 t=884 done in 1709ms
[fastvideo] unipc step 16/50 t=874 done in 1710ms
[fastvideo] unipc step 17/50 t=864 done in 1712ms
[fastvideo] unipc step 18/50 t=853 done in 1714ms
[fastvideo] unipc step 19/50 t=841 done in 1715ms
[fastvideo] unipc step 20/50 t=829 done in 1716ms
[fastvideo] unipc step 21/50 t=817 done in 1714ms
[fastvideo] unipc step 22/50 t=805 done in 1719ms
[fastvideo] unipc step 23/50 t=792 done in 1719ms
[fastvideo] unipc step 24/50 t=778 done in 1721ms
[fastvideo] unipc step 25/50 t=764 done in 1721ms
[fastvideo] unipc step 26/50 t=749 done in 1725ms
[fastvideo] unipc step 27/50 t=734 done in 1723ms
[fastvideo] unipc step 28/50 t=718 done in 1728ms
[fastvideo] unipc step 29/50 t=701 done in 1726ms
[fastvideo] unipc step 30/50 t=684 done in 1728ms
[fastvideo] unipc step 31/50 t=666 done in 1731ms
[fastvideo] unipc step 32/50 t=647 done in 1729ms
[fastvideo] unipc step 33/50 t=627 done in 1733ms
[fastvideo] unipc step 34/50 t=606 done in 1733ms
[fastvideo] unipc step 35/50 t=585 done in 1731ms
[fastvideo] unipc step 36/50 t=562 done in 1731ms
[fastvideo] unipc step 37/50 t=538 done in 1730ms
[fastvideo] unipc step 38/50 t=512 done in 1732ms
[fastvideo] unipc step 39/50 t=486 done in 1734ms
[fastvideo] unipc step 40/50 t=458 done in 1734ms
[fastvideo] unipc step 41/50 t=428 done in 1733ms
[fastvideo] unipc step 42/50 t=396 done in 1736ms
[fastvideo] unipc step 43/50 t=363 done in 1736ms
[fastvideo] unipc step 44/50 t=327 done in 1736ms
[fastvideo] unipc step 45/50 t=290 done in 1734ms
[fastvideo] unipc step 46/50 t=249 done in 1738ms
[fastvideo] unipc step 47/50 t=206 done in 1739ms
[fastvideo] unipc step 48/50 t=160 done in 1739ms
[fastvideo] unipc step 49/50 t=111 done in 1736ms
[fastvideo] unipc step 50/50 t=57 done in 1738ms
[fastvideo] unipc 50 steps done in 86234ms
[fastvideo] sdpa: device dense B=1 H=1 Sq=6240 Sk=6240 D=384 query_chunk=6240
[fastvideo] vae.decode done in 2568ms
[fastvideo] video writer: 81 frames, png deferred (0 inline, 81 after the mp4 in 0.10s, 0.04 GiB, synced), ffmpeg feed blocked 0.44s, mp4 tail 0.09s, buffered peak 0.09 GiB of 85.13
[fastvideo] wrote mp4 /fvscratch/runs/sol-bench-b1/b70f57c-10061839/wan13-sol-base/frames/cold/output.mp4
[fastvideo] wrote 81 png frames → /fvscratch/runs/sol-bench-b1/b70f57c-10061839/wan13-sol-base/frames/cold (text 1.15s, denoise 86.24s, decode+mp4 3.46s, png 0.10s)
[fastvideo] generate done in 90958ms
[INFO] wan/cold_generation {"audio_generate_s":0.0,"audio_s":0.0,"decode_s":3.458690259,"decoder":"wan-vae","denoise_s":86.236903511,"step_s":[2.012881583,1.6787645150000001,1.681236537,1.684222128,1.68834101,1.689449191,1.691732292,1.693915193,1.6966319840000001,1.699029355,1.7012834959999998,1.703028607,1.703364267,1.708278409,1.7091030699999998,1.71062873,1.713062512,1.714658703,1.715408493,1.716439193,1.715020362,1.719594445,1.719399865,1.7217992469999999,1.721414395,1.7252133779999999,1.7240564969999999,1.72889634,1.7269873489999998,1.729082129,1.73163478,1.72946803,1.733268961,1.7335061920000001,1.731193471,1.7317696009999999,1.73017876,1.7325788709999999,1.734298642,1.7344048220000001,1.733161451,1.7365904030000001,1.736578352,1.736670543,1.734939282,1.7387375029999999,1.7400565650000002,1.739694714,1.736532533,1.738357143],"text_cache":"miss","text_s":1.146905083,"total_s":90.958253518,"video_encode_s":0.092785744,"video_push_s":0.0000991,"video_rgb_s":0.05532522200236431,"video_vae_s":3.3059338836669925,"video_wait_s":0.742233441,"write_s":0.097505526}
[fastvideo] generate preset=wan_t2v_1_3b tiny=false 832x480 frames=81 steps=50 dmd=false rcm=false latent=1x16x21x60x104 nvfp4=off resident=true cuda=true
[fastvideo] denoise=unipc steps=50 shift=3 sigmas=diffusers
[fastvideo] unipc step 1/50 t=999 done in 1732ms
[fastvideo] unipc step 2/50 t=992 done in 1740ms
[fastvideo] unipc step 3/50 t=985 done in 1740ms
[fastvideo] unipc step 4/50 t=978 done in 1741ms
[fastvideo] unipc step 5/50 t=971 done in 1740ms
[fastvideo] unipc step 6/50 t=963 done in 1741ms
[fastvideo] unipc step 7/50 t=956 done in 1743ms
[fastvideo] unipc step 8/50 t=948 done in 1745ms
[fastvideo] unipc step 9/50 t=939 done in 1744ms
[fastvideo] unipc step 10/50 t=931 done in 1745ms
[fastvideo] unipc step 11/50 t=922 done in 1743ms
[fastvideo] unipc step 12/50 t=913 done in 1746ms
[fastvideo] unipc step 13/50 t=904 done in 1747ms
[fastvideo] unipc step 14/50 t=894 done in 1748ms
[fastvideo] unipc step 15/50 t=884 done in 1749ms
[fastvideo] unipc step 16/50 t=874 done in 1749ms
[fastvideo] unipc step 17/50 t=864 done in 1746ms
[fastvideo] unipc step 18/50 t=853 done in 1746ms
[fastvideo] unipc step 19/50 t=841 done in 1748ms
[fastvideo] unipc step 20/50 t=829 done in 1753ms
[fastvideo] unipc step 21/50 t=817 done in 1753ms
[fastvideo] unipc step 22/50 t=805 done in 1756ms
[fastvideo] unipc step 23/50 t=792 done in 1765ms
[fastvideo] unipc step 24/50 t=778 done in 1762ms
[fastvideo] unipc step 25/50 t=764 done in 1766ms
[fastvideo] unipc step 26/50 t=749 done in 1763ms
[fastvideo] unipc step 27/50 t=734 done in 1765ms
[fastvideo] unipc step 28/50 t=718 done in 1773ms
[fastvideo] unipc step 29/50 t=701 done in 1770ms
[fastvideo] unipc step 30/50 t=684 done in 1770ms
[fastvideo] unipc step 31/50 t=666 done in 1776ms
[fastvideo] unipc step 32/50 t=647 done in 1780ms
[fastvideo] unipc step 33/50 t=627 done in 1775ms
[fastvideo] unipc step 34/50 t=606 done in 1776ms
[fastvideo] unipc step 35/50 t=585 done in 1772ms
[fastvideo] unipc step 36/50 t=562 done in 1783ms
[fastvideo] unipc step 37/50 t=538 done in 1775ms
[fastvideo] unipc step 38/50 t=512 done in 1787ms
[fastvideo] unipc step 39/50 t=486 done in 1773ms
[fastvideo] unipc step 40/50 t=458 done in 1782ms
[fastvideo] unipc step 41/50 t=428 done in 1782ms
[fastvideo] unipc step 42/50 t=396 done in 1774ms
[fastvideo] unipc step 43/50 t=363 done in 1776ms
[fastvideo] unipc step 44/50 t=327 done in 1760ms
[fastvideo] unipc step 45/50 t=290 done in 1776ms
[fastvideo] unipc step 46/50 t=249 done in 1779ms
[fastvideo] unipc step 47/50 t=206 done in 1785ms
[fastvideo] unipc step 48/50 t=160 done in 1773ms
[fastvideo] unipc step 49/50 t=111 done in 1779ms
[fastvideo] unipc step 50/50 t=57 done in 1783ms
[fastvideo] unipc 50 steps done in 88104ms
[fastvideo] vae.decode done in 2190ms
[fastvideo] video writer: 81 frames, png deferred (0 inline, 81 after the mp4 in 0.11s, 0.04 GiB, synced), ffmpeg feed blocked 0.38s, mp4 tail 0.10s, buffered peak 0.09 GiB of 85.08
[fastvideo] wrote mp4 /fvscratch/runs/sol-bench-b1/b70f57c-10061839/wan13-sol-base/frames/p0/output.mp4
[fastvideo] wrote 81 png frames → /fvscratch/runs/sol-bench-b1/b70f57c-10061839/wan13-sol-base/frames/p0 (text 0.02s, denoise 88.11s, decode+mp4 3.04s, png 0.11s)
[fastvideo] generate done in 91304ms
[INFO] wan/timings/p0 {"audio_generate_s":0.0,"audio_s":0.0,"decode_s":3.036174369,"decoder":"wan-vae","denoise_s":88.105247445,"frames_sha256":"6b25801407c9825ee9c66f797bc8ac3fb21817e98511cca5b2610dafa72fcc87","peak_mib":28795,"step_s":[1.732611501,1.740948805,1.7406908140000001,1.7412588850000001,1.7410792050000001,1.741252855,1.743964257,1.745555017,1.7444817160000001,1.745156357,1.743715426,1.746445198,1.7477165879999998,1.748123498,1.749447289,1.749324739,1.746964788,1.746704257,1.748705669,1.753540281,1.753366201,1.756422083,1.7659014769999999,1.762940886,1.766383597,1.763789955,1.765308877,1.77332186,1.770911859,1.7705724790000001,1.7761504320000001,1.780651633,1.7757179619999999,1.776349041,1.77274222,1.7839347760000002,1.775369402,1.788007487,1.7736293,1.782225145,1.783080905,1.7744733510000001,1.776653372,1.760573414,1.776468412,1.779734683,1.786061536,1.7738498200000001,1.779482373,1.783136915],"text_cache":"hit","text_s":0.018084479,"total_s":91.189343357,"video_encode_s":0.100770348,"video_push_s":0.00008572100000000001,"video_rgb_s":0.05307715300268396,"video_vae_s":2.9292068367004394,"video_wait_s":0.743445233,"write_s":0.114920164}
wan gen p0: total 91.19s (text 0.02s, denoise 88.11s, decode 3.04s) png 0.11s peak Some(28795) MiB frames 6b25801407c9825ee9c66f797bc8ac3fb21817e98511cca5b2610dafa72fcc87
[PASS] wan/frames/p0 {"decoded":81,"written":81} (limits {"expected":81})
[PASS] wan/middle_frame_not_flat/p0 {"frame":"/fvscratch/runs/sol-bench-b1/b70f57c-10061839/wan13-sol-base/frames/p0/frame-040.png","mean":0.29620114707909356,"std":0.286879663594424} (limits {"std_min":0.02})
[fastvideo] generate preset=wan_t2v_1_3b tiny=false 832x480 frames=81 steps=50 dmd=false rcm=false latent=1x16x21x60x104 nvfp4=off resident=true cuda=true
[fastvideo] denoise=unipc steps=50 shift=3 sigmas=diffusers
[fastvideo] unipc step 1/50 t=999 done in 1741ms
[fastvideo] unipc step 2/50 t=992 done in 1748ms
[fastvideo] unipc step 3/50 t=985 done in 1752ms
[fastvideo] unipc step 4/50 t=978 done in 1753ms
[fastvideo] unipc step 5/50 t=971 done in 1755ms
[fastvideo] unipc step 6/50 t=963 done in 1763ms
[fastvideo] unipc step 7/50 t=956 done in 1771ms
[fastvideo] unipc step 8/50 t=948 done in 1766ms
[fastvideo] unipc step 9/50 t=939 done in 1769ms
[fastvideo] unipc step 10/50 t=931 done in 1775ms
[fastvideo] unipc step 11/50 t=922 done in 1775ms
[fastvideo] unipc step 12/50 t=913 done in 1771ms
[fastvideo] unipc step 13/50 t=904 done in 1780ms
[fastvideo] unipc step 14/50 t=894 done in 1779ms
[fastvideo] unipc step 15/50 t=884 done in 1777ms
[fastvideo] unipc step 16/50 t=874 done in 1773ms
[fastvideo] unipc step 17/50 t=864 done in 1779ms
[fastvideo] unipc step 18/50 t=853 done in 1780ms
[fastvideo] unipc step 19/50 t=841 done in 1783ms
[fastvideo] unipc step 20/50 t=829 done in 1791ms
[fastvideo] unipc step 21/50 t=817 done in 1774ms
[fastvideo] unipc step 22/50 t=805 done in 1780ms
[fastvideo] unipc step 23/50 t=792 done in 1777ms
[fastvideo] unipc step 24/50 t=778 done in 1774ms
[fastvideo] unipc step 25/50 t=764 done in 1782ms
[fastvideo] unipc step 26/50 t=749 done in 1780ms
[fastvideo] unipc step 27/50 t=734 done in 1782ms
[fastvideo] unipc step 28/50 t=718 done in 1780ms
[fastvideo] unipc step 29/50 t=701 done in 1778ms
[fastvideo] unipc step 30/50 t=684 done in 1785ms
[fastvideo] unipc step 31/50 t=666 done in 1792ms
[fastvideo] unipc step 32/50 t=647 done in 1780ms
[fastvideo] unipc step 33/50 t=627 done in 1781ms
[fastvideo] unipc step 34/50 t=606 done in 1780ms
[fastvideo] unipc step 35/50 t=585 done in 1780ms
[fastvideo] unipc step 36/50 t=562 done in 1783ms
[fastvideo] unipc step 37/50 t=538 done in 1780ms
[fastvideo] unipc step 38/50 t=512 done in 1777ms
[fastvideo] unipc step 39/50 t=486 done in 1778ms
[fastvideo] unipc step 40/50 t=458 done in 1777ms
[fastvideo] unipc step 41/50 t=428 done in 1790ms
[fastvideo] unipc step 42/50 t=396 done in 1785ms
[fastvideo] unipc step 43/50 t=363 done in 1776ms
[fastvideo] unipc step 44/50 t=327 done in 1782ms
[fastvideo] unipc step 45/50 t=290 done in 1786ms
[fastvideo] unipc step 46/50 t=249 done in 1777ms
[fastvideo] unipc step 47/50 t=206 done in 1795ms
[fastvideo] unipc step 48/50 t=160 done in 1774ms
[fastvideo] unipc step 49/50 t=111 done in 1776ms
[fastvideo] unipc step 50/50 t=57 done in 1788ms
[fastvideo] unipc 50 steps done in 88843ms
[fastvideo] vae.decode done in 2191ms
[fastvideo] video writer: 81 frames, png deferred (0 inline, 81 after the mp4 in 0.09s, 0.02 GiB, synced), ffmpeg feed blocked 0.42s, mp4 tail 0.07s, buffered peak 0.09 GiB of 85.07
[fastvideo] wrote mp4 /fvscratch/runs/sol-bench-b1/b70f57c-10061839/wan13-sol-base/frames/p1/output.mp4
[fastvideo] wrote 81 png frames → /fvscratch/runs/sol-bench-b1/b70f57c-10061839/wan13-sol-base/frames/p1 (text 0.03s, denoise 88.84s, decode+mp4 3.01s, png 0.09s)
[fastvideo] generate done in 91987ms
[INFO] wan/timings/p1 {"audio_generate_s":0.0,"audio_s":0.0,"decode_s":3.009356175,"decoder":"wan-vae","denoise_s":88.844294716,"frames_sha256":"4c33c3883ce510d7272791c5b04883430e4268dc10249b3b89d76444be052003","peak_mib":28396,"step_s":[1.741623175,1.748930499,1.75237744,1.754091211,1.755242822,1.763549866,1.771548819,1.767017477,1.769416309,1.7754264709999998,1.775850641,1.771462039,1.7808673929999999,1.780047523,1.7780763720000001,1.773403711,1.779409114,1.7805478030000002,1.783788796,1.791536218,1.7749961509999999,1.780407904,1.777557922,1.774946591,1.782532345,1.780541313,1.7822016550000002,1.780363503,1.778745973,1.785282306,1.7927560790000001,1.7810015639999999,1.781531084,1.7810458740000001,1.780641874,1.7835338649999999,1.781082204,1.777677422,1.778730913,1.777222962,1.7910533389999999,1.7857130159999999,1.7769056220000001,1.782797915,1.786666256,1.7776939120000002,1.795812351,1.775002301,1.776364932,1.7889358579999999],"text_cache":"miss","text_s":0.028321733,"total_s":91.89381162,"video_encode_s":0.074194426,"video_push_s":0.00007449,"video_rgb_s":0.057033734999992994,"video_vae_s":2.9285019378662107,"video_wait_s":0.743084872,"write_s":0.093318505}
wan gen p1: total 91.89s (text 0.03s, denoise 88.84s, decode 3.01s) png 0.09s peak Some(28396) MiB frames 4c33c3883ce510d7272791c5b04883430e4268dc10249b3b89d76444be052003
[PASS] wan/frames/p1 {"decoded":81,"written":81} (limits {"expected":81})
[PASS] wan/middle_frame_not_flat/p1 {"frame":"/fvscratch/runs/sol-bench-b1/b70f57c-10061839/wan13-sol-base/frames/p1/frame-040.png","mean":0.48837447265175554,"std":0.3545376231276555} (limits {"std_min":0.02})
[fastvideo] generate preset=wan_t2v_1_3b tiny=false 832x480 frames=81 steps=50 dmd=false rcm=false latent=1x16x21x60x104 nvfp4=off resident=true cuda=true
[fastvideo] denoise=unipc steps=50 shift=3 sigmas=diffusers
[fastvideo] unipc step 1/50 t=999 done in 1744ms
[fastvideo] unipc step 2/50 t=992 done in 1754ms
[fastvideo] unipc step 3/50 t=985 done in 1765ms
[fastvideo] unipc step 4/50 t=978 done in 1771ms
[fastvideo] unipc step 5/50 t=971 done in 1773ms
[fastvideo] unipc step 6/50 t=963 done in 1781ms
[fastvideo] unipc step 7/50 t=956 done in 1776ms
[fastvideo] unipc step 8/50 t=948 done in 1775ms
[fastvideo] unipc step 9/50 t=939 done in 1788ms
[fastvideo] unipc step 10/50 t=931 done in 1785ms
[fastvideo] unipc step 11/50 t=922 done in 1790ms
[fastvideo] unipc step 12/50 t=913 done in 1782ms
[fastvideo] unipc step 13/50 t=904 done in 1782ms
[fastvideo] unipc step 14/50 t=894 done in 1784ms
[fastvideo] unipc step 15/50 t=884 done in 1790ms
[fastvideo] unipc step 16/50 t=874 done in 1782ms
[fastvideo] unipc step 17/50 t=864 done in 1782ms
[fastvideo] unipc step 18/50 t=853 done in 1778ms
[fastvideo] unipc step 19/50 t=841 done in 1798ms
[fastvideo] unipc step 20/50 t=829 done in 1783ms
[fastvideo] unipc step 21/50 t=817 done in 1791ms
[fastvideo] unipc step 22/50 t=805 done in 1784ms
[fastvideo] unipc step 23/50 t=792 done in 1793ms
[fastvideo] unipc step 24/50 t=778 done in 1784ms
[fastvideo] unipc step 25/50 t=764 done in 1785ms
[fastvideo] unipc step 26/50 t=749 done in 1791ms
[fastvideo] unipc step 27/50 t=734 done in 1786ms
[fastvideo] unipc step 28/50 t=718 done in 1794ms
[fastvideo] unipc step 29/50 t=701 done in 1785ms
[fastvideo] unipc step 30/50 t=684 done in 1779ms
[fastvideo] unipc step 31/50 t=666 done in 1784ms
[fastvideo] unipc step 32/50 t=647 done in 1792ms
[fastvideo] unipc step 33/50 t=627 done in 1781ms
[fastvideo] unipc step 34/50 t=606 done in 1783ms
[fastvideo] unipc step 35/50 t=585 done in 1795ms
[fastvideo] unipc step 36/50 t=562 done in 1782ms
[fastvideo] unipc step 37/50 t=538 done in 1788ms
[fastvideo] unipc step 38/50 t=512 done in 1786ms
[fastvideo] unipc step 39/50 t=486 done in 1782ms
[fastvideo] unipc step 40/50 t=458 done in 1794ms
[fastvideo] unipc step 41/50 t=428 done in 1784ms
[fastvideo] unipc step 42/50 t=396 done in 1785ms
[fastvideo] unipc step 43/50 t=363 done in 1792ms
[fastvideo] unipc step 44/50 t=327 done in 1783ms
[fastvideo] unipc step 45/50 t=290 done in 1790ms
[fastvideo] unipc step 46/50 t=249 done in 1785ms
[fastvideo] unipc step 47/50 t=206 done in 1779ms
[fastvideo] unipc step 48/50 t=160 done in 1777ms
[fastvideo] unipc step 49/50 t=111 done in 1777ms
[fastvideo] unipc step 50/50 t=57 done in 1775ms
[fastvideo] unipc 50 steps done in 89158ms
[fastvideo] vae.decode done in 2190ms
[fastvideo] video writer: 81 frames, png deferred (0 inline, 81 after the mp4 in 0.09s, 0.02 GiB, synced), ffmpeg feed blocked 0.41s, mp4 tail 0.09s, buffered peak 0.09 GiB of 85.07
[fastvideo] wrote mp4 /fvscratch/runs/sol-bench-b1/b70f57c-10061839/wan13-sol-base/frames/p2/output.mp4
[fastvideo] wrote 81 png frames → /fvscratch/runs/sol-bench-b1/b70f57c-10061839/wan13-sol-base/frames/p2 (text 0.03s, denoise 89.16s, decode+mp4 3.02s, png 0.09s)
[fastvideo] generate done in 92310ms
[INFO] wan/timings/p2 {"audio_generate_s":0.0,"audio_s":0.0,"decode_s":3.022887622,"decoder":"wan-vae","denoise_s":89.159120545,"frames_sha256":"b49c4221b0999461e6df77c575cce0d3c9e1e4a4f021b30d41dcfc52ba9e08f7","peak_mib":28396,"step_s":[1.744746747,1.754502461,1.765107387,1.77169285,1.7733528,1.781715255,1.776688601,1.775907332,1.7889009869999999,1.785474946,1.790191748,1.7821999549999998,1.782723305,1.7850223060000001,1.790259508,1.782677834,1.782540445,1.778534793,1.7989222219999998,1.783592405,1.7919029389999999,1.7845234749999999,1.7932895800000002,1.784335536,1.785100245,1.791130278,1.786866897,1.7948754,1.785455426,1.780075104,1.784248355,1.7929045989999999,1.781429065,1.783381115,1.7959636909999999,1.782543294,1.7886866380000002,1.7864866959999999,1.782989615,1.794817871,1.784226815,1.785303636,1.793030979,1.783949206,1.790448569,1.785328786,1.7797526129999999,1.777885712,1.7780078019999999,1.775093571],"text_cache":"miss","text_s":0.028076523,"total_s":92.221934335,"video_encode_s":0.087395061,"video_push_s":0.000073679,"video_rgb_s":0.05779849599987368,"video_vae_s":2.927625640869141,"video_wait_s":0.744164672,"write_s":0.088783923}
wan gen p2: total 92.22s (text 0.03s, denoise 89.16s, decode 3.02s) png 0.09s peak Some(28396) MiB frames b49c4221b0999461e6df77c575cce0d3c9e1e4a4f021b30d41dcfc52ba9e08f7
[PASS] wan/frames/p2 {"decoded":81,"written":81} (limits {"expected":81})
[PASS] wan/middle_frame_not_flat/p2 {"frame":"/fvscratch/runs/sol-bench-b1/b70f57c-10061839/wan13-sol-base/frames/p2/frame-040.png","mean":0.7048021073735522,"std":0.2635546842600234} (limits {"std_min":0.02})
[fastvideo] generate preset=wan_t2v_1_3b tiny=false 832x480 frames=81 steps=50 dmd=false rcm=false latent=1x16x21x60x104 nvfp4=off resident=true cuda=true
[fastvideo] denoise=unipc steps=50 shift=3 sigmas=diffusers
[fastvideo] unipc step 1/50 t=999 done in 1748ms
[fastvideo] unipc step 2/50 t=992 done in 1759ms
[fastvideo] unipc step 3/50 t=985 done in 1766ms
[fastvideo] unipc step 4/50 t=978 done in 1766ms
[fastvideo] unipc step 5/50 t=971 done in 1770ms
[fastvideo] unipc step 6/50 t=963 done in 1776ms
[fastvideo] unipc step 7/50 t=956 done in 1780ms
[fastvideo] unipc step 8/50 t=948 done in 1775ms
[fastvideo] unipc step 9/50 t=939 done in 1782ms
[fastvideo] unipc step 10/50 t=931 done in 1780ms
[fastvideo] unipc step 11/50 t=922 done in 1782ms
[fastvideo] unipc step 12/50 t=913 done in 1792ms
[fastvideo] unipc step 13/50 t=904 done in 1785ms
[fastvideo] unipc step 14/50 t=894 done in 1781ms
[fastvideo] unipc step 15/50 t=884 done in 1790ms
[fastvideo] unipc step 16/50 t=874 done in 1783ms
[fastvideo] unipc step 17/50 t=864 done in 1780ms
[fastvideo] unipc step 18/50 t=853 done in 1794ms
[fastvideo] unipc step 19/50 t=841 done in 1783ms
[fastvideo] unipc step 20/50 t=829 done in 1783ms
[fastvideo] unipc step 21/50 t=817 done in 1798ms
[fastvideo] unipc step 22/50 t=805 done in 1795ms
[fastvideo] unipc step 23/50 t=792 done in 1780ms
[fastvideo] unipc step 24/50 t=778 done in 1784ms
[fastvideo] unipc step 25/50 t=764 done in 1796ms
[fastvideo] unipc step 26/50 t=749 done in 1782ms
[fastvideo] unipc step 27/50 t=734 done in 1791ms
[fastvideo] unipc step 28/50 t=718 done in 1788ms
[fastvideo] unipc step 29/50 t=701 done in 1787ms
[fastvideo] unipc step 30/50 t=684 done in 1790ms
[fastvideo] unipc step 31/50 t=666 done in 1780ms
[fastvideo] unipc step 32/50 t=647 done in 1779ms
[fastvideo] unipc step 33/50 t=627 done in 1786ms
[fastvideo] unipc step 34/50 t=606 done in 1794ms
[fastvideo] unipc step 35/50 t=585 done in 1797ms
[fastvideo] unipc step 36/50 t=562 done in 1783ms
[fastvideo] unipc step 37/50 t=538 done in 1783ms
[fastvideo] unipc step 38/50 t=512 done in 1778ms
[fastvideo] unipc step 39/50 t=486 done in 1780ms
[fastvideo] unipc step 40/50 t=458 done in 1792ms
[fastvideo] unipc step 41/50 t=428 done in 1797ms
[fastvideo] unipc step 42/50 t=396 done in 1773ms
[fastvideo] unipc step 43/50 t=363 done in 1781ms
[fastvideo] unipc step 44/50 t=327 done in 1790ms
[fastvideo] unipc step 45/50 t=290 done in 1787ms
[fastvideo] unipc step 46/50 t=249 done in 1774ms
[fastvideo] unipc step 47/50 t=206 done in 1780ms
[fastvideo] unipc step 48/50 t=160 done in 1785ms
[fastvideo] unipc step 49/50 t=111 done in 1792ms
[fastvideo] unipc step 50/50 t=57 done in 1785ms
[fastvideo] unipc 50 steps done in 89172ms
[fastvideo] vae.decode done in 2191ms
[fastvideo] video writer: 81 frames, png deferred (0 inline, 81 after the mp4 in 0.11s, 0.04 GiB, synced), ffmpeg feed blocked 0.39s, mp4 tail 0.09s, buffered peak 0.09 GiB of 85.07
[fastvideo] wrote mp4 /fvscratch/runs/sol-bench-b1/b70f57c-10061839/wan13-sol-base/frames/p3/output.mp4
[fastvideo] wrote 81 png frames → /fvscratch/runs/sol-bench-b1/b70f57c-10061839/wan13-sol-base/frames/p3 (text 0.02s, denoise 89.17s, decode+mp4 3.02s, png 0.11s)
[fastvideo] generate done in 92345ms
[INFO] wan/timings/p3 {"audio_generate_s":0.0,"audio_s":0.0,"decode_s":3.024354773,"decoder":"wan-vae","denoise_s":89.173216191,"frames_sha256":"74964d5e8f15839ac6b8c29e48ccafa4db424d0113f0dfc128a7404b5cd4937c","peak_mib":28428,"step_s":[1.748589398,1.759857624,1.766455157,1.766972357,1.770378429,1.7766653620000001,1.7809008240000002,1.775882861,1.782319725,1.780663703,1.782833005,1.7924910490000001,1.786087926,1.7817263749999999,1.790918188,1.783621154,1.780795694,1.794949641,1.783232285,1.783789145,1.798180512,1.795109991,1.780895393,1.784269116,1.7963769109999999,1.782997565,1.791371168,1.789036908,1.7878563870000002,1.790850599,1.781095554,1.7793958029999999,1.786153426,1.79406622,1.798059802,1.7834183449999998,1.7837369349999999,1.778114073,1.781024363,1.792310329,1.797400101,1.773977231,1.781155184,1.7905919780000001,1.787179957,1.7750918709999999,1.780358194,1.785506357,1.79252257,1.785589326],"text_cache":"miss","text_s":0.021647921,"total_s":92.23207306100001,"video_encode_s":0.088670182,"video_push_s":0.000069241,"video_rgb_s":0.05505205700123265,"video_vae_s":2.92910684967041,"video_wait_s":0.743268642,"write_s":0.113932674}
wan gen p3: total 92.23s (text 0.02s, denoise 89.17s, decode 3.02s) png 0.11s peak Some(28428) MiB frames 74964d5e8f15839ac6b8c29e48ccafa4db424d0113f0dfc128a7404b5cd4937c
[PASS] wan/frames/p3 {"decoded":81,"written":81} (limits {"expected":81})
[PASS] wan/middle_frame_not_flat/p3 {"frame":"/fvscratch/runs/sol-bench-b1/b70f57c-10061839/wan13-sol-base/frames/p3/frame-040.png","mean":0.5148223341216775,"std":0.3789568251413047} (limits {"std_min":0.02})
[fastvideo] generate preset=wan_t2v_1_3b tiny=false 832x480 frames=81 steps=50 dmd=false rcm=false latent=1x16x21x60x104 nvfp4=off resident=true cuda=true
[fastvideo] denoise=unipc steps=50 shift=3 sigmas=diffusers
[fastvideo] unipc step 1/50 t=999 done in 1741ms
[fastvideo] unipc step 2/50 t=992 done in 1753ms
[fastvideo] unipc step 3/50 t=985 done in 1759ms
[fastvideo] unipc step 4/50 t=978 done in 1767ms
[fastvideo] unipc step 5/50 t=971 done in 1773ms
[fastvideo] unipc step 6/50 t=963 done in 1775ms
[fastvideo] unipc step 7/50 t=956 done in 1779ms
[fastvideo] unipc step 8/50 t=948 done in 1781ms
[fastvideo] unipc step 9/50 t=939 done in 1779ms
[fastvideo] unipc step 10/50 t=931 done in 1785ms
[fastvideo] unipc step 11/50 t=922 done in 1781ms
[fastvideo] unipc step 12/50 t=913 done in 1788ms
[fastvideo] unipc step 13/50 t=904 done in 1787ms
[fastvideo] unipc step 14/50 t=894 done in 1784ms
[fastvideo] unipc step 15/50 t=884 done in 1779ms
[fastvideo] unipc step 16/50 t=874 done in 1796ms
[fastvideo] unipc step 17/50 t=864 done in 1789ms
[fastvideo] unipc step 18/50 t=853 done in 1793ms
[fastvideo] unipc step 19/50 t=841 done in 1797ms
[fastvideo] unipc step 20/50 t=829 done in 1782ms
[fastvideo] unipc step 21/50 t=817 done in 1795ms
[fastvideo] unipc step 22/50 t=805 done in 1784ms
[fastvideo] unipc step 23/50 t=792 done in 1785ms
[fastvideo] unipc step 24/50 t=778 done in 1790ms
[fastvideo] unipc step 25/50 t=764 done in 1783ms
[fastvideo] unipc step 26/50 t=749 done in 1781ms
[fastvideo] unipc step 27/50 t=734 done in 1779ms
[fastvideo] unipc step 28/50 t=718 done in 1794ms
[fastvideo] unipc step 29/50 t=701 done in 1782ms
[fastvideo] unipc step 30/50 t=684 done in 1796ms
[fastvideo] unipc step 31/50 t=666 done in 1785ms
[fastvideo] unipc step 32/50 t=647 done in 1794ms
[fastvideo] unipc step 33/50 t=627 done in 1791ms
[fastvideo] unipc step 34/50 t=606 done in 1793ms
[fastvideo] unipc step 35/50 t=585 done in 1799ms
[fastvideo] unipc step 36/50 t=562 done in 1781ms
[fastvideo] unipc step 37/50 t=538 done in 1792ms
[fastvideo] unipc step 38/50 t=512 done in 1783ms
[fastvideo] unipc step 39/50 t=486 done in 1783ms
[fastvideo] unipc step 40/50 t=458 done in 1786ms
[fastvideo] unipc step 41/50 t=428 done in 1791ms
[fastvideo] unipc step 42/50 t=396 done in 1783ms
[fastvideo] unipc step 43/50 t=363 done in 1790ms
[fastvideo] unipc step 44/50 t=327 done in 1783ms
[fastvideo] unipc step 45/50 t=290 done in 1784ms
[fastvideo] unipc step 46/50 t=249 done in 1778ms
[fastvideo] unipc step 47/50 t=206 done in 1797ms
[fastvideo] unipc step 48/50 t=160 done in 1783ms
[fastvideo] unipc step 49/50 t=111 done in 1781ms
[fastvideo] unipc step 50/50 t=57 done in 1794ms
[fastvideo] unipc 50 steps done in 89218ms
[fastvideo] vae.decode done in 2191ms
[fastvideo] video writer: 81 frames, png deferred (0 inline, 81 after the mp4 in 0.11s, 0.03 GiB, synced), ffmpeg feed blocked 0.40s, mp4 tail 0.08s, buffered peak 0.09 GiB of 85.07
[fastvideo] wrote mp4 /fvscratch/runs/sol-bench-b1/b70f57c-10061839/wan13-sol-base/frames/p4/output.mp4
[fastvideo] wrote 81 png frames → /fvscratch/runs/sol-bench-b1/b70f57c-10061839/wan13-sol-base/frames/p4 (text 0.03s, denoise 89.22s, decode+mp4 3.02s, png 0.11s)
[fastvideo] generate done in 92384ms
[INFO] wan/timings/p4 {"audio_generate_s":0.0,"audio_s":0.0,"decode_s":3.016189939,"decoder":"wan-vae","denoise_s":89.219340764,"frames_sha256":"b3817921f62c080e8b4333667305bac3b168c3e85c72935c87dcb66d838f51df","peak_mib":28428,"step_s":[1.7421583250000001,1.753678511,1.760057294,1.7678801769999999,1.77387506,1.775112711,1.779137153,1.7811477039999999,1.779832673,1.786052456,1.781138935,1.788535758,1.788079497,1.785013246,1.7794827930000001,1.796915141,1.7893801580000002,1.79363413,1.7971235220000001,1.782776684,1.795461821,1.784358026,1.785884587,1.7907521480000002,1.783284875,1.781451724,1.779972013,1.7943564410000001,1.7825175039999999,1.7961758909999999,1.786063467,1.794836061,1.791518079,1.79370885,1.799515792,1.7815192340000001,1.7922386700000001,1.7836289349999999,1.783952295,1.786858187,1.791582589,1.783571786,1.790179808,1.783924885,1.784981006,1.7784163130000001,1.797342462,1.783658065,1.781334344,1.794926381],"text_cache":"miss","text_s":0.026533293,"total_s":92.27388922,"video_encode_s":0.080245058,"video_push_s":0.00006254000000000001,"video_rgb_s":0.05562210600181232,"video_vae_s":2.929532287597656,"video_wait_s":0.7433688439999999,"write_s":0.110761512}
wan gen p4: total 92.27s (text 0.03s, denoise 89.22s, decode 3.02s) png 0.11s peak Some(28428) MiB frames b3817921f62c080e8b4333667305bac3b168c3e85c72935c87dcb66d838f51df
[PASS] wan/frames/p4 {"decoded":81,"written":81} (limits {"expected":81})
[PASS] wan/middle_frame_not_flat/p4 {"frame":"/fvscratch/runs/sol-bench-b1/b70f57c-10061839/wan13-sol-base/frames/p4/frame-040.png","mean":0.15133275967958607,"std":0.2321850020761408} (limits {"std_min":0.02})
benchmark.json → /fvscratch/runs/sol-bench-b1/b70f57c-10061839/wan13-sol-base/benchmark.json
[PASS] stage wan → gpucheck-out/wan.json (668.7s)
