[fastvideo] cuda device=0 sm_120 kernels=Cubin(120) gemm=Bf16 resident=true sdpa=dense sdpa_chunk=1024 oxide=[bf16_128x128x128,bf16_128x256x128,bf16_256x128x128,bf16_128x128x256,f32_128x128x128] oxide_embedded=10
[INFO] wan/load {"mem_used_mib":21794,"seconds":54.628579547}
[fastvideo] generate preset=fast_wan_2_2_ti2v_5b tiny=false 1280x704 frames=121 steps=3 dmd=true rcm=false latent=1x48x31x44x80 nvfp4=off resident=true cuda=true
[fastvideo] denoise=dmd steps=3
[fastvideo] sdpa: cuDNN fused attention (cuDNN 92600, graph unified CUDNN_HEUR_MODE_A config 0 of 2, engine 11, numerical notes [0], , workspace 0 B)
[fastvideo] sdpa auto (sm_12x rule): bh=24 sq=27280 sk=27280 d=128 -> cuDNN
[fastvideo] sdpa: fused mma B=1 H=24 Sq=27280 Sk=27280 D=128
[fastvideo] sdpa auto (sm_12x rule): bh=24 sq=27280 sk=512 d=128 -> flash_mma_fwd2
[fastvideo] dmd step 1/3 t=1000 done in 1773ms
[fastvideo] dmd step 2/3 t=757 done in 1466ms
[fastvideo] dmd step 3/3 t=522 done in 1472ms
[fastvideo] dmd 3 steps done in 4712ms
[fastvideo] sdpa: device dense B=1 H=1 Sq=3520 Sk=3520 D=1024 query_chunk=3520
[fastvideo] vae.decode done in 13789ms
[fastvideo] video writer: 121 frames, png deferred (0 inline, 121 after the mp4 in 0.14s, 0.12 GiB, synced), ffmpeg feed blocked 0.00s, mp4 tail 0.00s, buffered peak 0.30 GiB of 85.14
[fastvideo] wrote 121 png frames → /fvscratch/runs/det-short/6ec6c64-10061138/wan-r3/frames (text 0.52s, denoise 4.73s, decode+mp4 15.54s, png 0.14s)
[fastvideo] generate done in 20961ms
[INFO] wan/timings {"audio_generate_s":0.0,"audio_s":0.0,"decode_s":15.540598612,"decoder":"wan-vae","denoise_s":4.725839939,"frames_sha256":"274393bc3bddf0e82c6be63577bc2d8bfef9fd44c63a64210a04c100f6d4f79c","peak_mib":60268,"step_s":[1.786625306,1.466292122,1.47274891],"text_cache":"off","text_s":0.519273515,"total_s":20.825127505,"video_encode_s":0.000151652,"video_push_s":0.00009644100000000001,"video_rgb_s":0.14386622000802415,"video_vae_s":15.530481140136716,"video_wait_s":1.7502427880000002,"write_s":0.135987209}
wan gen default: total 20.83s (text 0.52s, denoise 4.73s, decode 15.54s) png 0.14s peak Some(60268) MiB frames 274393bc3bddf0e82c6be63577bc2d8bfef9fd44c63a64210a04c100f6d4f79c
[PASS] wan/frames {"decoded":121,"written":121} (limits {"expected":121})
[PASS] wan/middle_frame_not_flat {"frame":"/fvscratch/runs/det-short/6ec6c64-10061138/wan-r3/frames/frame-060.png","mean":0.37313399469795294,"std":0.3038741731229728} (limits {"std_min":0.02})
benchmark.json → /fvscratch/runs/det-short/6ec6c64-10061138/wan-r3/benchmark.json
[PASS] stage wan → gpucheck-out/wan.json (76.7s)
