compare-dumps audio_sigmas                 rel_l2 0.000e0  cosine 1.000000  max_abs 0.000e0  n 5
compare-dumps audio_step01                 rel_l2 4.875e-3  cosine 0.999988  max_abs 2.697e-2  n 13248
compare-dumps audio_step02                 rel_l2 4.163e-2  cosine 0.999134  max_abs 1.176e-1  n 13248
compare-dumps audio_step03                 rel_l2 1.037e-1  cosine 0.994615  max_abs 3.074e-1  n 13248
compare-dumps audio_step04                 rel_l2 3.805e-1  cosine 0.925684  max_abs 5.213e-1  n 13248
compare-dumps audio_step00_in              rel_l2 0.000e0  cosine 1.000000  max_abs 0.000e0  n 13248
compare-dumps audio_timesteps              rel_l2 0.000e0  cosine 1.000000  max_abs 0.000e0  n 4
compare-dumps audio_vel_step01             rel_l2 4.112e-2  cosine 0.999154  max_abs 2.697e-1  n 13248
compare-dumps audio_vel_step02             rel_l2 1.924e-1  cosine 0.981991  max_abs 7.526e-1  n 13248
compare-dumps audio_vel_step03             rel_l2 1.208e-1  cosine 0.992889  max_abs 9.493e-1  n 13248
compare-dumps audio_vel_step04             rel_l2 1.282e-1  cosine 0.992127  max_abs 5.802e-1  n 13248
compare-dumps rope_cos                     rel_l2 1.009e-3  cosine 0.999999  max_abs 1.953e-3  n 77952
compare-dumps rope_sin                     rel_l2 1.363e-3  cosine 0.999999  max_abs 1.953e-3  n 77952
compare-dumps step00_b0_adaln              rel_l2 1.121e-4  cosine 1.000000  max_abs 3.906e-3  n 26191872
compare-dumps step00_b0_attn_in            rel_l2 1.621e-1  cosine 0.986822  max_abs 2.219e0  n 4365312
compare-dumps step00_b0_attn_out           rel_l2 2.989e-1  cosine 0.955187  max_abs 2.538e2  n 4365312
compare-dumps step00_b0_ffn_in             rel_l2 2.040e-1  cosine 0.979215  max_abs 8.066e-1  n 4365312
compare-dumps step00_b0_ffn_out            rel_l2 6.573e-2  cosine 0.997910  max_abs 2.865e2  n 4365312
compare-dumps step00_b0_resid_msa          rel_l2 3.659e-1  cosine 0.933343  max_abs 2.558e2  n 4365312
compare-dumps step00_b1_adaln              rel_l2 1.601e-4  cosine 1.000000  max_abs 7.812e-3  n 26191872
compare-dumps step00_b1_attn_in            rel_l2 1.060e-1  cosine 0.994391  max_abs 4.984e0  n 4365312
compare-dumps step00_b1_attn_out           rel_l2 4.364e-1  cosine 0.907392  max_abs 1.520e3  n 4365312
compare-dumps step00_b1_ffn_in             rel_l2 3.240e-1  cosine 0.947869  max_abs 1.992e0  n 4365312
compare-dumps step00_b1_ffn_out            rel_l2 4.398e-1  cosine 0.904818  max_abs 3.352e3  n 4365312
compare-dumps step00_b1_resid_msa          rel_l2 2.412e-1  cosine 0.971222  max_abs 1.348e3  n 4365312
compare-dumps step00_b24_adaln             rel_l2 9.662e-5  cosine 1.000000  max_abs 7.812e-3  n 26191872
compare-dumps step00_b24_attn_in           rel_l2 5.398e-1  cosine 0.849089  max_abs 1.277e1  n 4365312
compare-dumps step00_b24_attn_out          rel_l2 6.826e-1  cosine 0.750616  max_abs 2.681e3  n 4365312
compare-dumps step00_b24_ffn_in            rel_l2 5.553e-1  cosine 0.844384  max_abs 4.945e0  n 4365312
compare-dumps step00_b24_ffn_out           rel_l2 7.398e-1  cosine 0.711366  max_abs 2.776e3  n 4365312
compare-dumps step00_b24_resid_msa         rel_l2 2.807e-1  cosine 0.959927  max_abs 4.275e4  n 4365312
compare-dumps step00_b47_adaln             rel_l2 1.216e-4  cosine 1.000000  max_abs 3.125e-2  n 26191872
compare-dumps step00_b47_attn_in           rel_l2 8.967e-1  cosine 0.608089  max_abs 5.625e1  n 4365312
compare-dumps step00_b47_attn_out          rel_l2 1.013e0  cosine 0.535638  max_abs 1.622e4  n 4365312
compare-dumps step00_b47_ffn_in            rel_l2 8.184e-1  cosine 0.672633  max_abs 8.625e0  n 4365312
compare-dumps step00_b47_ffn_out           rel_l2 1.021e0  cosine 0.513106  max_abs 2.150e4  n 4365312
compare-dumps step00_b47_resid_msa         rel_l2 6.640e-1  cosine 0.783363  max_abs 5.734e4  n 4365312
compare-dumps step00_block_0               rel_l2 7.326e-2  cosine 0.997401  max_abs 1.024e3  n 4365312
compare-dumps step00_block_1               rel_l2 4.588e-1  cosine 0.895576  max_abs 7.472e3  n 4365312
compare-dumps step00_block_2               rel_l2 4.429e-1  cosine 0.902773  max_abs 8.320e3  n 4365312
compare-dumps step00_block_3               rel_l2 4.302e-1  cosine 0.908272  max_abs 8.368e3  n 4365312
compare-dumps step00_block_4               rel_l2 4.161e-1  cosine 0.914317  max_abs 8.352e3  n 4365312
compare-dumps step00_block_5               rel_l2 4.053e-1  cosine 0.918671  max_abs 8.336e3  n 4365312
compare-dumps step00_block_6               rel_l2 3.862e-1  cosine 0.926107  max_abs 8.384e3  n 4365312
compare-dumps step00_block_7               rel_l2 3.640e-1  cosine 0.934482  max_abs 8.384e3  n 4365312
compare-dumps step00_block_8               rel_l2 3.595e-1  cosine 0.936023  max_abs 8.384e3  n 4365312
compare-dumps step00_block_9               rel_l2 3.496e-1  cosine 0.939560  max_abs 8.384e3  n 4365312
compare-dumps step00_block_10              rel_l2 3.468e-1  cosine 0.940553  max_abs 8.384e3  n 4365312
compare-dumps step00_block_11              rel_l2 3.270e-1  cosine 0.947127  max_abs 8.384e3  n 4365312
compare-dumps step00_block_12              rel_l2 3.230e-1  cosine 0.948515  max_abs 8.384e3  n 4365312
compare-dumps step00_block_13              rel_l2 2.688e-1  cosine 0.964169  max_abs 8.384e3  n 4365312
compare-dumps step00_block_14              rel_l2 2.697e-1  cosine 0.963950  max_abs 8.384e3  n 4365312
compare-dumps step00_block_15              rel_l2 2.701e-1  cosine 0.963800  max_abs 8.384e3  n 4365312
compare-dumps step00_block_16              rel_l2 2.712e-1  cosine 0.963448  max_abs 8.384e3  n 4365312
compare-dumps step00_block_17              rel_l2 2.738e-1  cosine 0.962708  max_abs 9.280e3  n 4365312
compare-dumps step00_block_18              rel_l2 2.741e-1  cosine 0.962121  max_abs 4.096e4  n 4365312
compare-dumps step00_block_19              rel_l2 2.709e-1  cosine 0.962968  max_abs 4.096e4  n 4365312
compare-dumps step00_block_20              rel_l2 2.643e-1  cosine 0.964605  max_abs 4.147e4  n 4365312
compare-dumps step00_block_21              rel_l2 2.619e-1  cosine 0.965216  max_abs 4.301e4  n 4365312
compare-dumps step00_block_22              rel_l2 2.837e-1  cosine 0.959291  max_abs 4.378e4  n 4365312
compare-dumps step00_block_23              rel_l2 2.839e-1  cosine 0.959409  max_abs 4.301e4  n 4365312
compare-dumps step00_block_24              rel_l2 2.963e-1  cosine 0.955955  max_abs 4.147e4  n 4365312
compare-dumps step00_block_25              rel_l2 3.122e-1  cosine 0.950883  max_abs 3.994e4  n 4365312
compare-dumps step00_block_26              rel_l2 3.357e-1  cosine 0.942807  max_abs 3.891e4  n 4365312
compare-dumps step00_block_27              rel_l2 3.660e-1  cosine 0.932409  max_abs 6.554e4  n 4365312
compare-dumps step00_block_28              rel_l2 4.088e-1  cosine 0.916299  max_abs 6.861e4  n 4365312
compare-dumps step00_block_29              rel_l2 4.420e-1  cosine 0.901067  max_abs 6.554e4  n 4365312
compare-dumps step00_block_30              rel_l2 4.416e-1  cosine 0.901258  max_abs 1.229e5  n 4365312
compare-dumps step00_block_31              rel_l2 5.121e-1  cosine 0.868332  max_abs 1.270e5  n 4365312
compare-dumps step00_block_32              rel_l2 5.730e-1  cosine 0.834587  max_abs 1.270e5  n 4365312
compare-dumps step00_block_33              rel_l2 5.813e-1  cosine 0.828752  max_abs 1.270e5  n 4365312
compare-dumps step00_block_34              rel_l2 6.081e-1  cosine 0.812481  max_abs 1.270e5  n 4365312
compare-dumps step00_block_35              rel_l2 5.912e-1  cosine 0.822321  max_abs 1.321e5  n 4365312
compare-dumps step00_block_36              rel_l2 4.741e-1  cosine 0.881781  max_abs 3.768e5  n 4365312
compare-dumps step00_block_37              rel_l2 4.845e-1  cosine 0.876401  max_abs 3.768e5  n 4365312
compare-dumps step00_block_38              rel_l2 5.312e-1  cosine 0.851705  max_abs 3.768e5  n 4365312
compare-dumps step00_block_39              rel_l2 5.098e-1  cosine 0.865078  max_abs 3.768e5  n 4365312
compare-dumps step00_block_40              rel_l2 5.527e-1  cosine 0.841367  max_abs 3.768e5  n 4365312
compare-dumps step00_block_41              rel_l2 5.763e-1  cosine 0.828588  max_abs 3.768e5  n 4365312
compare-dumps step00_block_42              rel_l2 5.822e-1  cosine 0.824297  max_abs 3.768e5  n 4365312
compare-dumps step00_block_43              rel_l2 6.712e-1  cosine 0.774389  max_abs 1.393e5  n 4365312
compare-dumps step00_block_44              rel_l2 6.742e-1  cosine 0.772158  max_abs 6.093e4  n 4365312
compare-dumps step00_block_45              rel_l2 6.694e-1  cosine 0.776256  max_abs 6.400e4  n 4365312
compare-dumps step00_block_46              rel_l2 6.563e-1  cosine 0.784578  max_abs 6.195e4  n 4365312
compare-dumps step00_block_47              rel_l2 6.748e-1  cosine 0.776337  max_abs 7.014e4  n 4365312
compare-dumps step00_block_48              rel_l2 7.745e-1  cosine 0.713056  max_abs 1.055e5  n 4365312
compare-dumps step00_block_49              rel_l2 6.356e-1  cosine 0.788337  max_abs 1.884e5  n 4365312
compare-dumps step00_packed_in             rel_l2 7.031e-1  cosine 0.765042  max_abs 9.125e1  n 4365312
compare-dumps text_hidden                  rel_l2 9.346e-1  cosine 0.363272  max_abs 2.354e4  n 36628480
compare-dumps text_refined                 rel_l2 7.956e-3  cosine 0.999968  max_abs 1.375e0  n 38459904
compare-dumps video_sigmas                 rel_l2 0.000e0  cosine 1.000000  max_abs 0.000e0  n 5
compare-dumps video_step01                 rel_l2 5.655e-2  cosine 0.998402  max_abs 2.281e-1  n 3580416
compare-dumps video_step02                 rel_l2 1.063e-1  cosine 0.994364  max_abs 3.198e-1  n 3580416
compare-dumps video_step03                 rel_l2 2.430e-1  cosine 0.970831  max_abs 6.498e-1  n 3580416
compare-dumps video_step04                 rel_l2 7.511e-1  cosine 0.725402  max_abs 3.163e0  n 3580416
compare-dumps video_step00_in              rel_l2 inf  cosine 0.000000  max_abs inf  n 4262400
compare-dumps video_timesteps              rel_l2 0.000e0  cosine 1.000000  max_abs 0.000e0  n 4
compare-dumps video_vel_step01             rel_l2 8.430e-1  cosine 0.745968  max_abs 8.439e0  n 3580416
compare-dumps video_vel_step02             rel_l2 6.109e-1  cosine 0.826781  max_abs 3.113e0  n 3580416
compare-dumps video_vel_step03             rel_l2 5.762e-1  cosine 0.836290  max_abs 3.004e0  n 3580416
compare-dumps video_vel_step04             rel_l2 5.718e-1  cosine 0.835895  max_abs 3.342e0  n 3580416
[PASS] stage compare-dumps → gpucheck-out/compare-dumps.json (3.1s)
