[fastvideo] cuda device=0 sm_120 kernels=Cubin(120) gemm=Bf16 resident=true sdpa=dense sdpa_chunk=1024 oxide=[bf16_128x128x128,bf16_128x256x128,bf16_256x128x128,bf16_128x128x256,f32_128x128x128] oxide_embedded=10
[INFO] wan/load {"mem_used_mib":21794,"seconds":84.428671435}
[fastvideo] generate preset=wan_2_2_ti2v_5b tiny=false 1280x704 frames=121 steps=50 dmd=false rcm=false latent=1x48x31x44x80 nvfp4=off resident=true cuda=true
[fastvideo] denoise=unipc steps=50
[fastvideo] sdpa: cuDNN fused attention (cuDNN 92600, graph unified CUDNN_HEUR_MODE_A config 0 of 2, engine 11, numerical notes [0], , workspace 0 B)
[fastvideo] sdpa auto (sm_12x rule): bh=48 sq=27280 sk=27280 d=128 -> cuDNN
[fastvideo] sdpa: fused mma B=2 H=24 Sq=27280 Sk=27280 D=128
[fastvideo] sdpa auto (sm_12x rule): bh=48 sq=27280 sk=512 d=128 -> flash_mma_fwd2
[fastvideo] unipc step 1/50 t=999 done in 3219ms
[fastvideo] unipc step 2/50 t=995 done in 2982ms
[fastvideo] unipc step 3/50 t=991 done in 2994ms
[fastvideo] unipc step 4/50 t=987 done in 3003ms
[fastvideo] unipc step 5/50 t=982 done in 3228ms
[fastvideo] unipc step 6/50 t=978 done in 2996ms
[fastvideo] unipc step 7/50 t=973 done in 2998ms
[fastvideo] unipc step 8/50 t=968 done in 3000ms
[fastvideo] unipc step 9/50 t=963 done in 3001ms
[fastvideo] unipc step 10/50 t=957 done in 3010ms
[fastvideo] unipc step 11/50 t=952 done in 3008ms
[fastvideo] unipc step 12/50 t=946 done in 3016ms
[fastvideo] unipc step 13/50 t=940 done in 3006ms
[fastvideo] unipc step 14/50 t=934 done in 3017ms
[fastvideo] unipc step 15/50 t=927 done in 3007ms
[fastvideo] unipc step 16/50 t=921 done in 3016ms
[fastvideo] unipc step 17/50 t=913 done in 3017ms
[fastvideo] unipc step 18/50 t=906 done in 3019ms
[fastvideo] unipc step 19/50 t=898 done in 3020ms
[fastvideo] unipc step 20/50 t=890 done in 3020ms
[fastvideo] unipc step 21/50 t=882 done in 3021ms
[fastvideo] unipc step 22/50 t=873 done in 3020ms
[fastvideo] unipc step 23/50 t=864 done in 3019ms
[fastvideo] unipc step 24/50 t=854 done in 3020ms
[fastvideo] unipc step 25/50 t=844 done in 3022ms
[fastvideo] unipc step 26/50 t=833 done in 3019ms
[fastvideo] unipc step 27/50 t=821 done in 3022ms
[fastvideo] unipc step 28/50 t=809 done in 3023ms
[fastvideo] unipc step 29/50 t=797 done in 3021ms
[fastvideo] unipc step 30/50 t=783 done in 3021ms
[fastvideo] unipc step 31/50 t=769 done in 3021ms
[fastvideo] unipc step 32/50 t=753 done in 3027ms
[fastvideo] unipc step 33/50 t=737 done in 3021ms
[fastvideo] unipc step 34/50 t=720 done in 3024ms
[fastvideo] unipc step 35/50 t=701 done in 3023ms
[fastvideo] unipc step 36/50 t=681 done in 3024ms
[fastvideo] unipc step 37/50 t=660 done in 3026ms
[fastvideo] unipc step 38/50 t=637 done in 3020ms
[fastvideo] unipc step 39/50 t=612 done in 3020ms
[fastvideo] unipc step 40/50 t=585 done in 3022ms
[fastvideo] unipc step 41/50 t=555 done in 3021ms
[fastvideo] unipc step 42/50 t=523 done in 3023ms
[fastvideo] unipc step 43/50 t=487 done in 3014ms
[fastvideo] unipc step 44/50 t=448 done in 3019ms
[fastvideo] unipc step 45/50 t=405 done in 3022ms
[fastvideo] unipc step 46/50 t=357 done in 3019ms
[fastvideo] unipc step 47/50 t=302 done in 3018ms
[fastvideo] unipc step 48/50 t=241 done in 3021ms
[fastvideo] unipc step 49/50 t=172 done in 3017ms
[fastvideo] unipc step 50/50 t=92 done in 3018ms
[fastvideo] unipc 50 steps done in 151231ms
[fastvideo] sdpa: device dense B=1 H=1 Sq=3520 Sk=3520 D=1024 query_chunk=3520
[fastvideo] vae.decode done in 11922ms
[fastvideo] video writer: 121 frames, png deferred (0 inline, 121 after the mp4 in 0.10s, 0.10 GiB, synced), ffmpeg feed blocked 0.33s, mp4 tail 0.05s, buffered peak 0.30 GiB of 85.14
[fastvideo] wrote mp4 /fvscratch/runs/sol-bench-a2/c74c5f5-10061422/wan5b-base/frames/cold/output.mp4
[fastvideo] wrote 121 png frames → /fvscratch/runs/sol-bench-a2/c74c5f5-10061422/wan5b-base/frames/cold (text 0.50s, denoise 151.23s, decode+mp4 13.75s, png 0.10s)
[fastvideo] generate done in 165629ms
[INFO] wan/cold_generation {"audio_generate_s":0.0,"audio_s":0.0,"decode_s":13.754292894,"decoder":"wan-vae","denoise_s":151.233030025,"step_s":[3.221246179,2.982383282,2.9947557590000002,3.003919421,3.228065768,2.9965131720000002,2.998556994,3.000219046,3.001553338,3.011018021,3.008346417,3.016304149,3.006678505,3.017018999,3.007201156,3.016659599,3.01758186,3.019619743,3.020631714,3.020305114,3.021544565,3.020115874,3.019808383,3.020547834,3.022534717,3.019905243,3.022770947,3.023479087,3.021248973,3.021642123,3.021640233,3.02723386,3.021765694,3.024058956,3.023312766,3.024680397,3.0264184,3.020880072,3.020670122,3.022171034,3.021688044,3.023354515,3.014410354,3.019851571,3.022078633,3.019981781,3.018222419,3.021327513,3.017976708,3.0189388],"text_cache":"miss","text_s":0.498881473,"total_s":165.629226217,"video_encode_s":0.046945914,"video_push_s":0.00005420000000000001,"video_rgb_s":0.09028910700921482,"video_vae_s":13.671836776733397,"video_wait_s":1.757968475,"write_s":0.103055761}
[fastvideo] generate preset=wan_2_2_ti2v_5b tiny=false 1280x704 frames=121 steps=50 dmd=false rcm=false latent=1x48x31x44x80 nvfp4=off resident=true cuda=true
[fastvideo] denoise=unipc steps=50
[fastvideo] unipc step 1/50 t=999 done in 3014ms
[fastvideo] unipc step 2/50 t=995 done in 3019ms
[fastvideo] unipc step 3/50 t=991 done in 3021ms
[fastvideo] unipc step 4/50 t=987 done in 3020ms
[fastvideo] unipc step 5/50 t=982 done in 3020ms
[fastvideo] unipc step 6/50 t=978 done in 3020ms
[fastvideo] unipc step 7/50 t=973 done in 3020ms
[fastvideo] unipc step 8/50 t=968 done in 3020ms
[fastvideo] unipc step 9/50 t=963 done in 3021ms
[fastvideo] unipc step 10/50 t=957 done in 3024ms
[fastvideo] unipc step 11/50 t=952 done in 3023ms
[fastvideo] unipc step 12/50 t=946 done in 3025ms
[fastvideo] unipc step 13/50 t=940 done in 3024ms
[fastvideo] unipc step 14/50 t=934 done in 3020ms
[fastvideo] unipc step 15/50 t=927 done in 3025ms
[fastvideo] unipc step 16/50 t=921 done in 3022ms
[fastvideo] unipc step 17/50 t=913 done in 3025ms
[fastvideo] unipc step 18/50 t=906 done in 3025ms
[fastvideo] unipc step 19/50 t=898 done in 3025ms
[fastvideo] unipc step 20/50 t=890 done in 3024ms
[fastvideo] unipc step 21/50 t=882 done in 3026ms
[fastvideo] unipc step 22/50 t=873 done in 3023ms
[fastvideo] unipc step 23/50 t=864 done in 3023ms
[fastvideo] unipc step 24/50 t=854 done in 3024ms
[fastvideo] unipc step 25/50 t=844 done in 3025ms
[fastvideo] unipc step 26/50 t=833 done in 3025ms
[fastvideo] unipc step 27/50 t=821 done in 3023ms
[fastvideo] unipc step 28/50 t=809 done in 3025ms
[fastvideo] unipc step 29/50 t=797 done in 3025ms
[fastvideo] unipc step 30/50 t=783 done in 3024ms
[fastvideo] unipc step 31/50 t=769 done in 3021ms
[fastvideo] unipc step 32/50 t=753 done in 3025ms
[fastvideo] unipc step 33/50 t=737 done in 3023ms
[fastvideo] unipc step 34/50 t=720 done in 3025ms
[fastvideo] unipc step 35/50 t=701 done in 3023ms
[fastvideo] unipc step 36/50 t=681 done in 3023ms
[fastvideo] unipc step 37/50 t=660 done in 3024ms
[fastvideo] unipc step 38/50 t=637 done in 3022ms
[fastvideo] unipc step 39/50 t=612 done in 3024ms
[fastvideo] unipc step 40/50 t=585 done in 3024ms
[fastvideo] unipc step 41/50 t=555 done in 3022ms
[fastvideo] unipc step 42/50 t=523 done in 3021ms
[fastvideo] unipc step 43/50 t=487 done in 3023ms
[fastvideo] unipc step 44/50 t=448 done in 3020ms
[fastvideo] unipc step 45/50 t=405 done in 3020ms
[fastvideo] unipc step 46/50 t=357 done in 3019ms
[fastvideo] unipc step 47/50 t=302 done in 3019ms
[fastvideo] unipc step 48/50 t=241 done in 3020ms
[fastvideo] unipc step 49/50 t=172 done in 3016ms
[fastvideo] unipc step 50/50 t=92 done in 3015ms
[fastvideo] unipc 50 steps done in 151139ms
[fastvideo] vae.decode done in 11904ms
[fastvideo] video writer: 121 frames, png deferred (0 inline, 121 after the mp4 in 0.11s, 0.10 GiB, synced), ffmpeg feed blocked 0.32s, mp4 tail 0.05s, buffered peak 0.30 GiB of 85.08
[fastvideo] wrote mp4 /fvscratch/runs/sol-bench-a2/c74c5f5-10061422/wan5b-base/frames/output.mp4
[fastvideo] wrote 121 png frames → /fvscratch/runs/sol-bench-a2/c74c5f5-10061422/wan5b-base/frames (text 0.01s, denoise 151.14s, decode+mp4 13.71s, png 0.11s)
[fastvideo] generate done in 165000ms
[INFO] wan/timings {"audio_generate_s":0.0,"audio_s":0.0,"decode_s":13.709401673,"decoder":"wan-vae","denoise_s":151.139884342,"frames_sha256":"c4712b85204efdd393ad2c503d8b59299bea203c36ed57f5d690eba8c62e4608","peak_mib":61868,"step_s":[3.015230674,3.019856381,3.021074612,3.021033493,3.020866372,3.020167821,3.020484542,3.020568302,3.021187942,3.024246387,3.023767336,3.025710089,3.024779488,3.021035352,3.025866009,3.022820295,3.025248218,3.025748419,3.025939169,3.024861588,3.02669135,3.023249116,3.023808196,3.024888168,3.025546818,3.025283368,3.023722217,3.025573858,3.025931389,3.024624148,3.021687823,3.025130818,3.023230465,3.025762549,3.024009187,3.023619306,3.024260797,3.022266374,3.024581817,3.024992518,3.022634375,3.021493183,3.023283435,3.020790532,3.020280252,3.01958839,3.01928427,3.020261282,3.016922266,3.015787436],"text_cache":"hit","text_s":0.005620678,"total_s":164.891117592,"video_encode_s":0.047126885,"video_push_s":0.0000613,"video_rgb_s":0.08982936701232747,"video_vae_s":13.654320388793947,"video_wait_s":1.7577228639999998,"write_s":0.10983206}
wan gen default: total 164.89s (text 0.01s, denoise 151.14s, decode 13.71s) png 0.11s peak Some(61868) MiB frames c4712b85204efdd393ad2c503d8b59299bea203c36ed57f5d690eba8c62e4608
[PASS] wan/frames {"decoded":121,"written":121} (limits {"expected":121})
[PASS] wan/middle_frame_not_flat {"frame":"/fvscratch/runs/sol-bench-a2/c74c5f5-10061422/wan5b-base/frames/frame-060.png","mean":0.6596959115048743,"std":0.25024974251054927} (limits {"std_min":0.02})
benchmark.json → /fvscratch/runs/sol-bench-a2/c74c5f5-10061422/wan5b-base/benchmark.json
[PASS] stage wan → gpucheck-out/wan.json (416.0s)
