compare-dumps noise_seed1024_000: missing in candidate
compare-dumps noise_seed1024_001: missing in candidate
compare-dumps noise_seed11024_000: missing in candidate
compare-dumps noise_seed11024_001: missing in candidate
compare-dumps noise_seed11024_002: missing in candidate
compare-dumps noise_seed11024_003: missing in candidate
compare-dumps noise_seed11024_004: missing in candidate
compare-dumps noise_seed11024_005: missing in candidate
compare-dumps noise_seed11024_006: missing in candidate
compare-dumps noise_seed11024_007: missing in candidate
compare-dumps noise_seed11024_008: missing in candidate
compare-dumps noise_seed11024_009: missing in candidate
compare-dumps noise_seed11024_010: missing in candidate
compare-dumps noise_seed11024_011: missing in candidate
compare-dumps noise_seed11024_012: missing in candidate
compare-dumps noise_seed11024_013: missing in candidate
compare-dumps s1_audio_step01              rel_l2 3.624e-4  cosine 1.000000  max_abs 1.562e-2  n 16128
compare-dumps s1_audio_step02              rel_l2 5.554e-4  cosine 1.000000  max_abs 1.562e-2  n 16128
compare-dumps s1_audio_step03              rel_l2 6.206e-4  cosine 1.000000  max_abs 1.562e-2  n 16128
compare-dumps s1_audio_step04              rel_l2 6.810e-4  cosine 1.000000  max_abs 1.562e-2  n 16128
compare-dumps s1_audio_step05              rel_l2 1.207e-3  cosine 0.999999  max_abs 1.562e-2  n 16128
compare-dumps s1_audio_step06              rel_l2 3.069e-3  cosine 0.999995  max_abs 3.125e-2  n 16128
compare-dumps s1_audio_step07              rel_l2 1.121e-2  cosine 0.999937  max_abs 2.148e-1  n 16128
compare-dumps s1_audio_step08              rel_l2 2.359e-2  cosine 0.999722  max_abs 6.719e-1  n 16128
compare-dumps s1_audio_step00_in           rel_l2 0.000e0  cosine 1.000000  max_abs 0.000e0  n 16128
compare-dumps s1_audio_vel_step01          rel_l2 9.875e-3  cosine 0.999952  max_abs 7.812e-2  n 16128
compare-dumps s1_audio_vel_step02          rel_l2 1.270e-2  cosine 0.999927  max_abs 9.375e-2  n 16128
compare-dumps s1_audio_vel_step03          rel_l2 9.462e-3  cosine 0.999956  max_abs 7.422e-2  n 16128
compare-dumps s1_audio_vel_step04          rel_l2 1.015e-2  cosine 0.999949  max_abs 7.031e-2  n 16128
compare-dumps s1_audio_vel_step05          rel_l2 9.774e-3  cosine 0.999954  max_abs 8.203e-2  n 16128
compare-dumps s1_audio_vel_step06          rel_l2 1.080e-2  cosine 0.999942  max_abs 1.289e-1  n 16128
compare-dumps s1_audio_vel_step07          rel_l2 2.313e-2  cosine 0.999733  max_abs 5.586e-1  n 16128
compare-dumps s1_audio_vel_step08          rel_l2 4.230e-2  cosine 0.999106  max_abs 1.109e0  n 16128
compare-dumps s1_audio_x0_step01           rel_l2 7.322e-1  cosine 0.953049  max_abs 5.207e0  n 16128
compare-dumps s1_audio_x0_step02           rel_l2 7.173e-1  cosine 0.954327  max_abs 5.156e0  n 16128
compare-dumps s1_audio_x0_step03           rel_l2 6.967e-1  cosine 0.952684  max_abs 5.094e0  n 16128
compare-dumps s1_audio_x0_step04           rel_l2 6.945e-1  cosine 0.952069  max_abs 5.094e0  n 16128
compare-dumps s1_audio_x0_step05           rel_l2 6.602e-1  cosine 0.950023  max_abs 5.062e0  n 16128
compare-dumps s1_audio_x0_step06           rel_l2 5.650e-1  cosine 0.951419  max_abs 4.832e0  n 16128
compare-dumps s1_audio_x0_step07           rel_l2 4.472e-1  cosine 0.964421  max_abs 3.953e0  n 16128
compare-dumps s1_audio_x0_step08           rel_l2 2.654e-1  cosine 0.984421  max_abs 2.328e0  n 16128
compare-dumps s1_sigmas                    rel_l2 0.000e0  cosine 1.000000  max_abs 0.000e0  n 9
compare-dumps s1_step00_audio_block_0      rel_l2 3.163e-3  cosine 0.999995  max_abs 8.000e0  n 258048
compare-dumps s1_step00_audio_block_1      rel_l2 3.516e-3  cosine 0.999994  max_abs 8.000e0  n 258048
compare-dumps s1_step00_audio_block_2      rel_l2 3.915e-3  cosine 0.999992  max_abs 8.000e0  n 258048
compare-dumps s1_step00_audio_block_3      rel_l2 4.191e-3  cosine 0.999991  max_abs 8.000e0  n 258048
compare-dumps s1_step00_audio_block_4      rel_l2 4.794e-3  cosine 0.999989  max_abs 8.000e0  n 258048
compare-dumps s1_step00_audio_block_5      rel_l2 5.374e-3  cosine 0.999986  max_abs 8.000e0  n 258048
compare-dumps s1_step00_audio_block_6      rel_l2 5.702e-3  cosine 0.999984  max_abs 8.000e0  n 258048
compare-dumps s1_step00_audio_block_7      rel_l2 5.934e-3  cosine 0.999982  max_abs 8.000e0  n 258048
compare-dumps s1_step00_audio_block_8      rel_l2 6.206e-3  cosine 0.999981  max_abs 1.000e1  n 258048
compare-dumps s1_step00_audio_block_9      rel_l2 6.542e-3  cosine 0.999979  max_abs 1.000e1  n 258048
compare-dumps s1_step00_audio_block_10     rel_l2 6.794e-3  cosine 0.999977  max_abs 1.000e1  n 258048
compare-dumps s1_step00_audio_block_11     rel_l2 6.925e-3  cosine 0.999976  max_abs 1.000e1  n 258048
compare-dumps s1_step00_audio_block_12     rel_l2 7.050e-3  cosine 0.999975  max_abs 8.000e0  n 258048
compare-dumps s1_step00_audio_block_13     rel_l2 7.164e-3  cosine 0.999974  max_abs 6.000e0  n 258048
compare-dumps s1_step00_audio_block_14     rel_l2 7.237e-3  cosine 0.999974  max_abs 6.000e0  n 258048
compare-dumps s1_step00_audio_block_15     rel_l2 7.376e-3  cosine 0.999973  max_abs 6.000e0  n 258048
compare-dumps s1_step00_audio_block_16     rel_l2 7.592e-3  cosine 0.999971  max_abs 8.000e0  n 258048
compare-dumps s1_step00_audio_block_17     rel_l2 7.835e-3  cosine 0.999969  max_abs 8.000e0  n 258048
compare-dumps s1_step00_audio_block_18     rel_l2 7.955e-3  cosine 0.999968  max_abs 8.000e0  n 258048
compare-dumps s1_step00_audio_block_19     rel_l2 8.155e-3  cosine 0.999967  max_abs 8.000e0  n 258048
compare-dumps s1_step00_audio_block_20     rel_l2 8.363e-3  cosine 0.999965  max_abs 8.000e0  n 258048
compare-dumps s1_step00_audio_block_21     rel_l2 8.738e-3  cosine 0.999962  max_abs 8.000e0  n 258048
compare-dumps s1_step00_audio_block_22     rel_l2 8.933e-3  cosine 0.999960  max_abs 1.200e1  n 258048
compare-dumps s1_step00_audio_block_23     rel_l2 9.347e-3  cosine 0.999956  max_abs 1.200e1  n 258048
compare-dumps s1_step00_audio_block_24     rel_l2 9.347e-3  cosine 0.999956  max_abs 1.200e1  n 258048
compare-dumps s1_step00_audio_block_25     rel_l2 9.922e-3  cosine 0.999951  max_abs 1.200e1  n 258048
compare-dumps s1_step00_audio_block_26     rel_l2 9.685e-3  cosine 0.999953  max_abs 1.600e1  n 258048
compare-dumps s1_step00_audio_block_27     rel_l2 9.993e-3  cosine 0.999950  max_abs 1.600e1  n 258048
compare-dumps s1_step00_audio_block_28     rel_l2 9.809e-3  cosine 0.999952  max_abs 1.600e1  n 258048
compare-dumps s1_step00_audio_block_29     rel_l2 1.037e-2  cosine 0.999946  max_abs 1.600e1  n 258048
compare-dumps s1_step00_audio_block_30     rel_l2 1.081e-2  cosine 0.999942  max_abs 1.600e1  n 258048
compare-dumps s1_step00_audio_block_31     rel_l2 1.088e-2  cosine 0.999941  max_abs 2.000e1  n 258048
compare-dumps s1_step00_audio_block_32     rel_l2 1.030e-2  cosine 0.999947  max_abs 1.600e1  n 258048
compare-dumps s1_step00_audio_block_33     rel_l2 1.055e-2  cosine 0.999944  max_abs 1.600e1  n 258048
compare-dumps s1_step00_audio_block_34     rel_l2 1.032e-2  cosine 0.999947  max_abs 1.600e1  n 258048
compare-dumps s1_step00_audio_block_35     rel_l2 1.028e-2  cosine 0.999947  max_abs 2.000e1  n 258048
compare-dumps s1_step00_audio_block_36     rel_l2 1.022e-2  cosine 0.999948  max_abs 2.000e1  n 258048
compare-dumps s1_step00_audio_block_37     rel_l2 1.039e-2  cosine 0.999946  max_abs 1.600e1  n 258048
compare-dumps s1_step00_audio_block_38     rel_l2 1.015e-2  cosine 0.999949  max_abs 1.600e1  n 258048
compare-dumps s1_step00_audio_block_39     rel_l2 1.055e-2  cosine 0.999944  max_abs 1.200e1  n 258048
compare-dumps s1_step00_audio_block_40     rel_l2 1.074e-2  cosine 0.999942  max_abs 8.000e0  n 258048
compare-dumps s1_step00_audio_block_41     rel_l2 1.038e-2  cosine 0.999946  max_abs 8.000e0  n 258048
compare-dumps s1_step00_audio_block_42     rel_l2 1.068e-2  cosine 0.999943  max_abs 1.200e1  n 258048
compare-dumps s1_step00_audio_block_43     rel_l2 1.098e-2  cosine 0.999940  max_abs 1.600e1  n 258048
compare-dumps s1_step00_audio_block_44     rel_l2 1.043e-2  cosine 0.999946  max_abs 1.600e1  n 258048
compare-dumps s1_step00_audio_block_45     rel_l2 1.021e-2  cosine 0.999948  max_abs 1.200e1  n 258048
compare-dumps s1_step00_audio_block_46     rel_l2 8.287e-3  cosine 0.999966  max_abs 1.600e1  n 258048
compare-dumps s1_step00_audio_block_47     rel_l2 5.128e-3  cosine 0.999987  max_abs 3.200e1  n 258048
compare-dumps s1_step00_audio_in           rel_l2 1.660e-5  cosine 1.000000  max_abs 1.562e-2  n 258048
compare-dumps s1_step00_video_block_0      rel_l2 1.768e-3  cosine 0.999998  max_abs 2.000e0  n 393216
compare-dumps s1_step00_video_block_1      rel_l2 3.089e-3  cosine 0.999995  max_abs 4.000e0  n 393216
compare-dumps s1_step00_video_block_2      rel_l2 4.239e-3  cosine 0.999991  max_abs 4.000e0  n 393216
compare-dumps s1_step00_video_block_3      rel_l2 4.250e-3  cosine 0.999991  max_abs 4.000e0  n 393216
compare-dumps s1_step00_video_block_4      rel_l2 3.799e-3  cosine 0.999993  max_abs 4.000e0  n 393216
compare-dumps s1_step00_video_block_5      rel_l2 4.261e-3  cosine 0.999991  max_abs 4.000e0  n 393216
compare-dumps s1_step00_video_block_6      rel_l2 4.790e-3  cosine 0.999989  max_abs 4.000e0  n 393216
compare-dumps s1_step00_video_block_7      rel_l2 4.972e-3  cosine 0.999988  max_abs 4.000e0  n 393216
compare-dumps s1_step00_video_block_8      rel_l2 5.187e-3  cosine 0.999987  max_abs 3.000e0  n 393216
compare-dumps s1_step00_video_block_9      rel_l2 4.922e-3  cosine 0.999988  max_abs 2.000e0  n 393216
compare-dumps s1_step00_video_block_10     rel_l2 5.018e-3  cosine 0.999987  max_abs 2.000e0  n 393216
compare-dumps s1_step00_video_block_11     rel_l2 5.105e-3  cosine 0.999987  max_abs 2.000e0  n 393216
compare-dumps s1_step00_video_block_12     rel_l2 5.397e-3  cosine 0.999985  max_abs 2.000e0  n 393216
compare-dumps s1_step00_video_block_13     rel_l2 5.561e-3  cosine 0.999985  max_abs 2.000e0  n 393216
compare-dumps s1_step00_video_block_14     rel_l2 5.031e-3  cosine 0.999987  max_abs 4.000e0  n 393216
compare-dumps s1_step00_video_block_15     rel_l2 6.151e-3  cosine 0.999981  max_abs 2.000e0  n 393216
compare-dumps s1_step00_video_block_16     rel_l2 6.028e-3  cosine 0.999982  max_abs 2.000e0  n 393216
compare-dumps s1_step00_video_block_17     rel_l2 5.136e-3  cosine 0.999987  max_abs 4.000e0  n 393216
compare-dumps s1_step00_video_block_18     rel_l2 5.492e-3  cosine 0.999985  max_abs 2.000e0  n 393216
compare-dumps s1_step00_video_block_19     rel_l2 5.891e-3  cosine 0.999983  max_abs 2.000e0  n 393216
compare-dumps s1_step00_video_block_20     rel_l2 6.089e-3  cosine 0.999981  max_abs 2.000e0  n 393216
compare-dumps s1_step00_video_block_21     rel_l2 5.844e-3  cosine 0.999983  max_abs 2.000e0  n 393216
compare-dumps s1_step00_video_block_22     rel_l2 6.742e-3  cosine 0.999977  max_abs 2.000e0  n 393216
compare-dumps s1_step00_video_block_23     rel_l2 7.255e-3  cosine 0.999974  max_abs 4.000e0  n 393216
compare-dumps s1_step00_video_block_24     rel_l2 8.946e-3  cosine 0.999960  max_abs 1.000e1  n 393216
compare-dumps s1_step00_video_block_25     rel_l2 1.141e-2  cosine 0.999935  max_abs 2.000e1  n 393216
compare-dumps s1_step00_video_block_26     rel_l2 1.521e-2  cosine 0.999884  max_abs 3.400e1  n 393216
compare-dumps s1_step00_video_block_27     rel_l2 1.656e-2  cosine 0.999863  max_abs 3.400e1  n 393216
compare-dumps s1_step00_video_block_28     rel_l2 1.774e-2  cosine 0.999843  max_abs 3.600e1  n 393216
compare-dumps s1_step00_video_block_29     rel_l2 1.763e-2  cosine 0.999845  max_abs 3.200e1  n 393216
compare-dumps s1_step00_video_block_30     rel_l2 1.721e-2  cosine 0.999852  max_abs 2.200e1  n 393216
compare-dumps s1_step00_video_block_31     rel_l2 1.843e-2  cosine 0.999830  max_abs 2.000e1  n 393216
compare-dumps s1_step00_video_block_32     rel_l2 1.851e-2  cosine 0.999829  max_abs 2.000e1  n 393216
compare-dumps s1_step00_video_block_33     rel_l2 1.673e-2  cosine 0.999860  max_abs 1.200e1  n 393216
compare-dumps s1_step00_video_block_34     rel_l2 1.715e-2  cosine 0.999853  max_abs 2.600e1  n 393216
compare-dumps s1_step00_video_block_35     rel_l2 1.581e-2  cosine 0.999875  max_abs 1.000e1  n 393216
compare-dumps s1_step00_video_block_36     rel_l2 1.480e-2  cosine 0.999891  max_abs 1.600e1  n 393216
compare-dumps s1_step00_video_block_37     rel_l2 1.679e-2  cosine 0.999859  max_abs 1.800e1  n 393216
compare-dumps s1_step00_video_block_38     rel_l2 1.831e-2  cosine 0.999832  max_abs 1.200e1  n 393216
compare-dumps s1_step00_video_block_39     rel_l2 1.959e-2  cosine 0.999808  max_abs 1.200e1  n 393216
compare-dumps s1_step00_video_block_40     rel_l2 2.100e-2  cosine 0.999779  max_abs 1.600e1  n 393216
compare-dumps s1_step00_video_block_41     rel_l2 2.299e-2  cosine 0.999736  max_abs 3.000e1  n 393216
compare-dumps s1_step00_video_block_42     rel_l2 2.596e-2  cosine 0.999663  max_abs 2.600e1  n 393216
compare-dumps s1_step00_video_block_43     rel_l2 2.421e-2  cosine 0.999707  max_abs 1.400e1  n 393216
compare-dumps s1_step00_video_block_44     rel_l2 2.307e-2  cosine 0.999734  max_abs 1.600e1  n 393216
compare-dumps s1_step00_video_block_45     rel_l2 2.059e-2  cosine 0.999788  max_abs 1.600e1  n 393216
compare-dumps s1_step00_video_block_46     rel_l2 2.287e-2  cosine 0.999738  max_abs 1.600e1  n 393216
compare-dumps s1_step00_video_block_47     rel_l2 9.306e-3  cosine 0.999957  max_abs 3.200e1  n 393216
compare-dumps s1_step00_video_in           rel_l2 2.720e-3  cosine 0.999996  max_abs 6.250e-2  n 393216
compare-dumps s1_video_step01              rel_l2 3.698e-4  cosine 1.000000  max_abs 1.562e-2  n 786432
compare-dumps s1_video_step02              rel_l2 5.256e-4  cosine 1.000000  max_abs 3.125e-2  n 786432
compare-dumps s1_video_step03              rel_l2 6.626e-4  cosine 1.000000  max_abs 3.125e-2  n 786432
compare-dumps s1_video_step04              rel_l2 7.719e-4  cosine 1.000000  max_abs 2.344e-2  n 786432
compare-dumps s1_video_step05              rel_l2 1.391e-3  cosine 0.999999  max_abs 1.562e-2  n 786432
compare-dumps s1_video_step06              rel_l2 2.850e-3  cosine 0.999996  max_abs 5.371e-2  n 786432
compare-dumps s1_video_step07              rel_l2 5.120e-3  cosine 0.999987  max_abs 1.602e-1  n 786432
compare-dumps s1_video_step08              rel_l2 7.474e-3  cosine 0.999972  max_abs 1.469e-1  n 786432
compare-dumps s1_video_step00_in           rel_l2 0.000e0  cosine 1.000000  max_abs 0.000e0  n 786432
compare-dumps s1_video_vel_step01          rel_l2 1.287e-2  cosine 0.999917  max_abs 2.910e-1  n 786432
compare-dumps s1_video_vel_step02          rel_l2 1.254e-2  cosine 0.999921  max_abs 2.305e-1  n 786432
compare-dumps s1_video_vel_step03          rel_l2 1.340e-2  cosine 0.999910  max_abs 6.250e-1  n 786432
compare-dumps s1_video_vel_step04          rel_l2 1.300e-2  cosine 0.999916  max_abs 2.969e-1  n 786432
compare-dumps s1_video_vel_step05          rel_l2 1.275e-2  cosine 0.999919  max_abs 2.578e-1  n 786432
compare-dumps s1_video_vel_step06          rel_l2 1.323e-2  cosine 0.999912  max_abs 2.461e-1  n 786432
compare-dumps s1_video_vel_step07          rel_l2 1.372e-2  cosine 0.999906  max_abs 4.336e-1  n 786432
compare-dumps s1_video_vel_step08          rel_l2 1.745e-2  cosine 0.999848  max_abs 3.125e-1  n 786432
compare-dumps s1_video_x0_step01           rel_l2 1.000e-2  cosine 0.999950  max_abs 2.910e-1  n 786432
compare-dumps s1_video_x0_step02           rel_l2 9.482e-3  cosine 0.999955  max_abs 1.406e-1  n 786432
compare-dumps s1_video_x0_step03           rel_l2 9.879e-3  cosine 0.999951  max_abs 1.318e-1  n 786432
compare-dumps s1_video_x0_step04           rel_l2 9.480e-3  cosine 0.999955  max_abs 2.031e-1  n 786432
compare-dumps s1_video_x0_step05           rel_l2 9.376e-3  cosine 0.999956  max_abs 1.392e-1  n 786432
compare-dumps s1_video_x0_step06           rel_l2 9.799e-3  cosine 0.999952  max_abs 2.246e-1  n 786432
compare-dumps s1_video_x0_step07           rel_l2 8.636e-3  cosine 0.999963  max_abs 3.164e-1  n 786432
compare-dumps s1_video_x0_step08           rel_l2 7.474e-3  cosine 0.999972  max_abs 1.469e-1  n 786432
compare-dumps text_attention_mask          rel_l2 0.000e0  cosine 1.000000  max_abs 0.000e0  n 1024
compare-dumps text_audio_ctx               rel_l2 5.873e-3  cosine 0.999983  max_abs 5.674e-1  n 2097152
compare-dumps text_audio_ctx_real          rel_l2 4.449e-3  cosine 0.999990  max_abs 1.250e-1  n 53248
compare-dumps text_audio_feats             rel_l2 5.828e-3  cosine 0.999983  max_abs 2.812e-1  n 53248
compare-dumps text_hidden_0                rel_l2 1.671e-3  cosine 0.999999  max_abs 5.859e-2  n 99840
compare-dumps text_hidden_1                rel_l2 5.347e-3  cosine 0.999986  max_abs 1.605e-1  n 99840
compare-dumps text_hidden_2                rel_l2 6.031e-3  cosine 0.999982  max_abs 1.643e-1  n 99840
compare-dumps text_hidden_5                rel_l2 9.328e-3  cosine 0.999957  max_abs 4.094e-1  n 99840
compare-dumps text_hidden_6                rel_l2 1.024e-2  cosine 0.999948  max_abs 1.739e-1  n 99840
compare-dumps text_hidden_7                rel_l2 1.127e-2  cosine 0.999936  max_abs 2.521e-1  n 99840
compare-dumps text_hidden_12               rel_l2 1.279e-2  cosine 0.999919  max_abs 2.735e-1  n 99840
compare-dumps text_hidden_24               rel_l2 9.713e-3  cosine 0.999954  max_abs 2.676e0  n 99840
compare-dumps text_hidden_36               rel_l2 7.551e-3  cosine 0.999973  max_abs 2.269e0  n 99840
compare-dumps text_hidden_47               rel_l2 4.129e-3  cosine 0.999992  max_abs 2.565e0  n 99840
compare-dumps text_hidden_48               rel_l2 4.107e-3  cosine 0.999993  max_abs 2.811e1  n 99840
compare-dumps text_input_ids               rel_l2 0.000e0  cosine 1.000000  max_abs 0.000e0  n 1024
compare-dumps text_video_ctx               rel_l2 4.533e-3  cosine 0.999990  max_abs 1.188e0  n 4194304
compare-dumps text_video_ctx_real          rel_l2 7.131e-3  cosine 0.999975  max_abs 1.250e-1  n 106496
compare-dumps text_video_feats             rel_l2 6.557e-3  cosine 0.999979  max_abs 2.500e-1  n 106496
compare-dumps v2v_audio_latent             rel_l2 7.806e-2  cosine 0.996953  max_abs 1.959e0  n 16128
compare-dumps v2v_audio_wave               rel_l2 7.021e-5  cosine 1.000000  max_abs 3.747e-4  n 444416
compare-dumps v2v_frame0_pixels            rel_l2 3.254e-6  cosine 1.000000  max_abs 3.052e-5  n 1179648
compare-dumps v2v_region: missing in candidate
compare-dumps v2v_video_latent             rel_l2 1.790e-2  cosine 0.999840  max_abs 4.243e-1  n 786432
[PASS] stage compare-dumps → gpucheck-out/compare-dumps.json (0.3s)
