compare-dumps audio_sigmas                 rel_l2 0.000e0  cosine 1.000000  max_abs 0.000e0  n 5
compare-dumps audio_step01                 rel_l2 1.195e-2  cosine 0.999929  max_abs 3.526e-2  n 13248
compare-dumps audio_step02                 rel_l2 4.632e-2  cosine 0.998927  max_abs 1.590e-1  n 13248
compare-dumps audio_step03                 rel_l2 1.282e-1  cosine 0.991753  max_abs 4.002e-1  n 13248
compare-dumps audio_step04                 rel_l2 5.313e-1  cosine 0.852859  max_abs 1.002e0  n 13248
compare-dumps audio_step00_in              rel_l2 0.000e0  cosine 1.000000  max_abs 0.000e0  n 13248
compare-dumps audio_timesteps              rel_l2 0.000e0  cosine 1.000000  max_abs 0.000e0  n 4
compare-dumps audio_vel_step01             rel_l2 1.008e-1  cosine 0.994927  max_abs 3.526e-1  n 13248
compare-dumps audio_vel_step02             rel_l2 1.727e-1  cosine 0.985112  max_abs 8.591e-1  n 13248
compare-dumps audio_vel_step03             rel_l2 1.526e-1  cosine 0.988480  max_abs 1.385e0  n 13248
compare-dumps audio_vel_step04             rel_l2 1.809e-1  cosine 0.984380  max_abs 1.203e0  n 13248
compare-dumps rope_cos                     rel_l2 inf  cosine 0.000000  max_abs inf  n 77952
compare-dumps rope_sin                     rel_l2 inf  cosine 0.000000  max_abs inf  n 77952
compare-dumps step00_b0_adaln              rel_l2 inf  cosine 0.000000  max_abs inf  n 26191872
compare-dumps step00_b0_attn_in            rel_l2 inf  cosine 0.000000  max_abs inf  n 4365312
compare-dumps step00_b0_attn_out           rel_l2 inf  cosine 0.000000  max_abs inf  n 4365312
compare-dumps step00_b0_ffn_in             rel_l2 inf  cosine 0.000000  max_abs inf  n 4365312
compare-dumps step00_b0_ffn_out            rel_l2 inf  cosine 0.000000  max_abs inf  n 4365312
compare-dumps step00_b0_resid_msa          rel_l2 inf  cosine 0.000000  max_abs inf  n 4365312
compare-dumps step00_b1_adaln              rel_l2 inf  cosine 0.000000  max_abs inf  n 26191872
compare-dumps step00_b1_attn_in            rel_l2 inf  cosine 0.000000  max_abs inf  n 4365312
compare-dumps step00_b1_attn_out           rel_l2 inf  cosine 0.000000  max_abs inf  n 4365312
compare-dumps step00_b1_ffn_in             rel_l2 inf  cosine 0.000000  max_abs inf  n 4365312
compare-dumps step00_b1_ffn_out            rel_l2 inf  cosine 0.000000  max_abs inf  n 4365312
compare-dumps step00_b1_resid_msa          rel_l2 inf  cosine 0.000000  max_abs inf  n 4365312
compare-dumps step00_b24_adaln             rel_l2 inf  cosine 0.000000  max_abs inf  n 26191872
compare-dumps step00_b24_attn_in           rel_l2 inf  cosine 0.000000  max_abs inf  n 4365312
compare-dumps step00_b24_attn_out          rel_l2 inf  cosine 0.000000  max_abs inf  n 4365312
compare-dumps step00_b24_ffn_in            rel_l2 inf  cosine 0.000000  max_abs inf  n 4365312
compare-dumps step00_b24_ffn_out           rel_l2 inf  cosine 0.000000  max_abs inf  n 4365312
compare-dumps step00_b24_resid_msa         rel_l2 inf  cosine 0.000000  max_abs inf  n 4365312
compare-dumps step00_b47_adaln             rel_l2 inf  cosine 0.000000  max_abs inf  n 26191872
compare-dumps step00_b47_attn_in           rel_l2 inf  cosine 0.000000  max_abs inf  n 4365312
compare-dumps step00_b47_attn_out          rel_l2 inf  cosine 0.000000  max_abs inf  n 4365312
compare-dumps step00_b47_ffn_in            rel_l2 inf  cosine 0.000000  max_abs inf  n 4365312
compare-dumps step00_b47_ffn_out           rel_l2 inf  cosine 0.000000  max_abs inf  n 4365312
compare-dumps step00_b47_resid_msa         rel_l2 inf  cosine 0.000000  max_abs inf  n 4365312
compare-dumps step00_block_0               rel_l2 inf  cosine 0.000000  max_abs inf  n 4365312
compare-dumps step00_block_1               rel_l2 inf  cosine 0.000000  max_abs inf  n 4365312
compare-dumps step00_block_2               rel_l2 inf  cosine 0.000000  max_abs inf  n 4365312
compare-dumps step00_block_3               rel_l2 inf  cosine 0.000000  max_abs inf  n 4365312
compare-dumps step00_block_4               rel_l2 inf  cosine 0.000000  max_abs inf  n 4365312
compare-dumps step00_block_5               rel_l2 inf  cosine 0.000000  max_abs inf  n 4365312
compare-dumps step00_block_6               rel_l2 inf  cosine 0.000000  max_abs inf  n 4365312
compare-dumps step00_block_7               rel_l2 inf  cosine 0.000000  max_abs inf  n 4365312
compare-dumps step00_block_8               rel_l2 inf  cosine 0.000000  max_abs inf  n 4365312
compare-dumps step00_block_9               rel_l2 inf  cosine 0.000000  max_abs inf  n 4365312
compare-dumps step00_block_10              rel_l2 inf  cosine 0.000000  max_abs inf  n 4365312
compare-dumps step00_block_11              rel_l2 inf  cosine 0.000000  max_abs inf  n 4365312
compare-dumps step00_block_12              rel_l2 inf  cosine 0.000000  max_abs inf  n 4365312
compare-dumps step00_block_13              rel_l2 inf  cosine 0.000000  max_abs inf  n 4365312
compare-dumps step00_block_14              rel_l2 inf  cosine 0.000000  max_abs inf  n 4365312
compare-dumps step00_block_15              rel_l2 inf  cosine 0.000000  max_abs inf  n 4365312
compare-dumps step00_block_16              rel_l2 inf  cosine 0.000000  max_abs inf  n 4365312
compare-dumps step00_block_17              rel_l2 inf  cosine 0.000000  max_abs inf  n 4365312
compare-dumps step00_block_18              rel_l2 inf  cosine 0.000000  max_abs inf  n 4365312
compare-dumps step00_block_19              rel_l2 inf  cosine 0.000000  max_abs inf  n 4365312
compare-dumps step00_block_20              rel_l2 inf  cosine 0.000000  max_abs inf  n 4365312
compare-dumps step00_block_21              rel_l2 inf  cosine 0.000000  max_abs inf  n 4365312
compare-dumps step00_block_22              rel_l2 inf  cosine 0.000000  max_abs inf  n 4365312
compare-dumps step00_block_23              rel_l2 inf  cosine 0.000000  max_abs inf  n 4365312
compare-dumps step00_block_24              rel_l2 inf  cosine 0.000000  max_abs inf  n 4365312
compare-dumps step00_block_25              rel_l2 inf  cosine 0.000000  max_abs inf  n 4365312
compare-dumps step00_block_26              rel_l2 inf  cosine 0.000000  max_abs inf  n 4365312
compare-dumps step00_block_27              rel_l2 inf  cosine 0.000000  max_abs inf  n 4365312
compare-dumps step00_block_28              rel_l2 inf  cosine 0.000000  max_abs inf  n 4365312
compare-dumps step00_block_29              rel_l2 inf  cosine 0.000000  max_abs inf  n 4365312
compare-dumps step00_block_30              rel_l2 inf  cosine 0.000000  max_abs inf  n 4365312
compare-dumps step00_block_31              rel_l2 inf  cosine 0.000000  max_abs inf  n 4365312
compare-dumps step00_block_32              rel_l2 inf  cosine 0.000000  max_abs inf  n 4365312
compare-dumps step00_block_33              rel_l2 inf  cosine 0.000000  max_abs inf  n 4365312
compare-dumps step00_block_34              rel_l2 inf  cosine 0.000000  max_abs inf  n 4365312
compare-dumps step00_block_35              rel_l2 inf  cosine 0.000000  max_abs inf  n 4365312
compare-dumps step00_block_36              rel_l2 inf  cosine 0.000000  max_abs inf  n 4365312
compare-dumps step00_block_37              rel_l2 inf  cosine 0.000000  max_abs inf  n 4365312
compare-dumps step00_block_38              rel_l2 inf  cosine 0.000000  max_abs inf  n 4365312
compare-dumps step00_block_39              rel_l2 inf  cosine 0.000000  max_abs inf  n 4365312
compare-dumps step00_block_40              rel_l2 inf  cosine 0.000000  max_abs inf  n 4365312
compare-dumps step00_block_41              rel_l2 inf  cosine 0.000000  max_abs inf  n 4365312
compare-dumps step00_block_42              rel_l2 inf  cosine 0.000000  max_abs inf  n 4365312
compare-dumps step00_block_43              rel_l2 inf  cosine 0.000000  max_abs inf  n 4365312
compare-dumps step00_block_44              rel_l2 inf  cosine 0.000000  max_abs inf  n 4365312
compare-dumps step00_block_45              rel_l2 inf  cosine 0.000000  max_abs inf  n 4365312
compare-dumps step00_block_46              rel_l2 inf  cosine 0.000000  max_abs inf  n 4365312
compare-dumps step00_block_47              rel_l2 inf  cosine 0.000000  max_abs inf  n 4365312
compare-dumps step00_block_48              rel_l2 inf  cosine 0.000000  max_abs inf  n 4365312
compare-dumps step00_block_49              rel_l2 inf  cosine 0.000000  max_abs inf  n 4365312
compare-dumps step00_packed_in             rel_l2 inf  cosine 0.000000  max_abs inf  n 4365312
compare-dumps text_hidden                  rel_l2 inf  cosine 0.000000  max_abs inf  n 36628480
compare-dumps text_refined                 rel_l2 inf  cosine 0.000000  max_abs inf  n 38459904
compare-dumps video_sigmas                 rel_l2 0.000e0  cosine 1.000000  max_abs 0.000e0  n 5
compare-dumps video_step01                 rel_l2 5.684e-2  cosine 0.998386  max_abs 2.804e-1  n 3580416
compare-dumps video_step02                 rel_l2 1.042e-1  cosine 0.994589  max_abs 4.058e-1  n 3580416
compare-dumps video_step03                 rel_l2 2.343e-1  cosine 0.973072  max_abs 7.310e-1  n 3580416
compare-dumps video_step04                 rel_l2 7.143e-1  cosine 0.763312  max_abs 3.480e0  n 3580416
compare-dumps video_step00_in              rel_l2 inf  cosine 0.000000  max_abs inf  n 4262400
compare-dumps video_timesteps              rel_l2 0.000e0  cosine 1.000000  max_abs 0.000e0  n 4
compare-dumps video_vel_step01             rel_l2 8.472e-1  cosine 0.773956  max_abs 1.038e1  n 3580416
compare-dumps video_vel_step02             rel_l2 5.910e-1  cosine 0.845542  max_abs 3.295e0  n 3580416
compare-dumps video_vel_step03             rel_l2 5.498e-1  cosine 0.855603  max_abs 3.004e0  n 3580416
compare-dumps video_vel_step04             rel_l2 5.421e-1  cosine 0.856195  max_abs 3.586e0  n 3580416
[PASS] stage compare-dumps → gpucheck-out/compare-dumps.json (2.0s)
