0
0
0
0
1
3
3
3
3
3
3
3
3
3
3
3
3
3
3
3
3
3
3
3
3
3
3
22
22387
22579
22579
22579
22579
22579
22579
22579
22579
22579
22579
22579
22579
22579
22579
22579
22579
22579
22579
22579
22579
22579
22579
22579
22579
22579
22579
22579
22583
22583
22583
22583
22583
22583
22583
24587
24587
24587
24587
24587
24587
24587
24587
27937
31935
32003
32005
32007
32009
32009
32011
32013
32015
32015
32017
32019
32021
32021
32023
32025
32027
32029
32031
32031
32033
32033
32033
32033
32033
32033
32033
32033
32033
32033
32033
32033
32033
32600
40184
40496
40496
40496
40496
40496
40496
40496
40496
40496
40496
40496
40496
40496
55912
55912
55912
55912
55912
55912
55912
55912
55912
55912
55912
55912
55912
55912
55912
55912
55912
55912
55912
55912
55912
55912
55912
55912
57596
57596
57596
57596
57596
57596
57596
57596
57596
57596
57596
57596
57596
57596
57596
57596
59376
59376
59376
59376
59376
59376
59376
59376
59376
59376
59376
59376
59376
59376
59376
59376
59376
59376
59376
59376
59376
59376
59376
59376
59376
59376
59376
59376
59376
59376
59376
59376
59376
59376
59376
59376
59376
59376
59376
59376
59376
59376
59376
59376
59376
59376
59376
59376
59376
59376
59376
59376
59376
59376
59376
59376
59376
59376
59376
59376
59376
59376
59376
59376
59378
59378
59378
59378
59378
59378
59378
59378
59378
59378
59378
59378
59378
59378
59378
59378
59378
59378
59378
59378
59378
59378
59378
59378
59378
59378
59378
59378
59378
59378
59378
59378
59378
59378
59378
59378
59378
59378
59378
59378
59378
59378
59378
59378
59378
59378
59378
59378
59378
59378
59378
59378
59378
59378
59378
59378
59378
59378
59378
59378
59378
59378
59378
59378
59378
59378
59378
59378
59378
59378
59378
59378
59378
59378
59378
59378
59378
59378
59378
59378
59378
59378
59378
59378
59378
59378
59378
59378
59378
59378
59378
59378
59378
59378
59378
59378
59378
59378
59378
59378
59378
59378
59378
59378
59378
59378
59378
59378
59378
59378
59378
59378
59378
59378
59378
59378
59378
59378
59378
29762
28382
28382
28382
28350
2249
2249
2249
2249
