[20:02:25] [ltxfps] matrix start image=76f95028737c9a7f
GPU 0: NVIDIA RTX PRO 6000 Blackwell Server Edition (UUID: GPU-2ebd13a9-4aed-6b9d-e28f-277e9d9fbead)
NVIDIA RTX PRO 6000 Blackwell Server Edition, 97887 MiB, 595.91.07
[20:02:27] [ltxfps] ▶ ltx25-1080p-25fps  /opt/fastvideo-rs/target/release/fv-gpucheck --mode fast ltx2 gen --model-version 2.5 --weights /workspace/weights/ltx25 --dit /workspace/weights/ltx25 --workload 1080p20s --num-frames 121 --frame-rate 25 --prompt A man in his thirties talking to the camera in a bright living room, medium close-up, natural expressions and hand gestures, soft window light. He says: <d>Hello, this was generated entirely in Rust.</d> --seed 1024 --two-stage --text streamed --clip /fvscratch/runs/ltxfps/3df276d-09272000/ltx25-1080p-25fps/frames --sink-check  (wall cap 1800s; 0=none)
[20:05:56] [ltxfps] ok ltx25-1080p-25fps  209s  
[20:06:00] [ltxfps] ▶ ltx25-1080p-48fps  /opt/fastvideo-rs/target/release/fv-gpucheck --mode fast ltx2 gen --model-version 2.5 --weights /workspace/weights/ltx25 --dit /workspace/weights/ltx25 --workload 1080p20s --num-frames 121 --frame-rate 48 --prompt A man in his thirties talking to the camera in a bright living room, medium close-up, natural expressions and hand gestures, soft window light. He says: <d>Hello, this was generated entirely in Rust.</d> --seed 1024 --two-stage --text streamed --clip /fvscratch/runs/ltxfps/3df276d-09272000/ltx25-1080p-48fps/frames  (wall cap 1800s; 0=none)
[20:08:28] [ltxfps] ok ltx25-1080p-48fps  148s  
[20:08:32] [ltxfps] ▶ ltx25-1080p-50fps  /opt/fastvideo-rs/target/release/fv-gpucheck --mode fast ltx2 gen --model-version 2.5 --weights /workspace/weights/ltx25 --dit /workspace/weights/ltx25 --workload 1080p20s --num-frames 121 --frame-rate 50 --prompt A man in his thirties talking to the camera in a bright living room, medium close-up, natural expressions and hand gestures, soft window light. He says: <d>Hello, this was generated entirely in Rust.</d> --seed 1024 --two-stage --text streamed --clip /fvscratch/runs/ltxfps/3df276d-09272000/ltx25-1080p-50fps/frames  (wall cap 1800s; 0=none)
[20:10:33] [ltxfps] ok ltx25-1080p-50fps  121s  
[20:10:36] [ltxfps] ▶ ltx25-1080p-50fps-silent  /opt/fastvideo-rs/target/release/fv-gpucheck --mode fast ltx2 gen --model-version 2.5 --weights /workspace/weights/ltx25 --dit /workspace/weights/ltx25 --workload 1080p20s --num-frames 121 --frame-rate 50 --skip-audio-decode --sink-check --prompt A man in his thirties talking to the camera in a bright living room, medium close-up, natural expressions and hand gestures, soft window light. He says: <d>Hello, this was generated entirely in Rust.</d> --seed 1024 --two-stage --text streamed --clip /fvscratch/runs/ltxfps/3df276d-09272000/ltx25-1080p-50fps-silent/frames  (wall cap 1800s; 0=none)
[20:12:43] [ltxfps] ok ltx25-1080p-50fps-silent  127s  
[20:12:45] [ltxfps] ▶ fasth3-8step-sink  env FV_SINK_CHECK=1 /opt/fastvideo-rs/target/release/fv-gpucheck --mode fast h3 gen --weights /workspace/weights/h3-8step --h3-recipe 8step --prompt A man in his thirties talking to the camera in a bright living room, medium close-up, natural expressions and hand gestures, soft window light. He says: <d>Hello, this was generated entirely in Rust.</d> --seconds 5 --seed 1024 --text-encoder auto --text-cache /fvscratch/h3-text-cache --text-weights /workspace/weights/h3-base --clip-dir /fvscratch/runs/ltxfps/3df276d-09272000/fasth3-8step-sink/frames  (wall cap 1800s; 0=none)
[20:15:41] [ltxfps] ok fasth3-8step-sink  176s  /fvscratch/runs/ltxfps/3df276d-09272000/fasth3-8step-sink/stderr.log:[INFO] h3/timings {"audio_decode_s":0.133274503,"decode_s":6.688756369,"denoise_s":44.391915667,"load_s":122.941833195,"peak_mib":69235,"refine_s":0.004774721,"step_s":[5.53015597,5.510775123,5.537876231,5.542135849,5.558336425,5.562767964,5.572529527,5.577023207],"text_cache":"miss","text_encoder":"resident-fp8","text_s":0.548808504,"total_s":51.92263973,"video_decode_s":6.555481866,"video_encode_s":0.177526513,"video_push_s":0.0000258,"video_rgb_s":0.10623541999291694,"video_vae_s":6.359061591088772,"video_wait_s":0.266362604,"warm":false,"write_s":0.162218743}
[fasth3-8step-sink] [PASS] h3/gen.sink_identical {"audio_matches_wav":true,"audio_rate":32000,"audio_samples":165600,"chunks":8,"frames":124,"mismatched_frames":0,"png_frames":124,"unreadable_pngs":0} (limits {"audio_matches_wav":true,"frames":124,"mismatched_frames":0})
[fasth3-8step-sink] [PASS] h3/middle_frame_not_flat {"frame":"/fvscratch/runs/ltxfps/3df276d-09272000/fasth3-8step-sink/frames/frame-062.png","mean":0.6192268683896159,"std":0.2750049280891089} (limits {"std_min":0.02})
[fasth3-8step-sink] [PASS] h3/mp4_written {"mp4":"/fvscratch/runs/ltxfps/3df276d-09272000/fasth3-8step-sink/frames/output.mp4"} (limits {"expected":"output.mp4 with an audio track"})
[ltx25-1080p-25fps] [PASS] ltx2/gen.sink_frames_identical {"audio_matches_wav":true,"audio_rate":48000,"audio_samples":230880,"chunks":16,"frames":121,"mismatched_frames":0,"png_frames":121,"unreadable_pngs":0} (limits {"frames":121,"mismatched_frames":0})
[ltx25-1080p-25fps] [PASS] ltx2/gen.sink_audio {"audio_matches_wav":true,"audio_rate":48000,"audio_samples":230880,"chunks":16,"frames":121,"mismatched_frames":0,"png_frames":121,"unreadable_pngs":0} (limits {"audio_matches_wav":true})
[ltx25-1080p-25fps] [PASS] ltx2/gen.mp4_frames_and_rate {"audio":{"channels":2,"codec_name":"aac","duration":"4.810000","sample_rate":"48000"},"avg_frame_rate":"25/1","ffprobe":true,"has_audio":true,"height":1088,"path":"/fvscratch/runs/ltxfps/3df276d-09272000/ltx25-1080p-25fps/frames/output.mp4","r_frame_rate":"25/1",
[ltx25-1080p-25fps] [PASS] ltx2/gen.frames {"frames":121} (limits {"frames":121})
[ltx25-1080p-48fps] [PASS] ltx2/gen.mp4_frames_and_rate {"audio":{"channels":2,"codec_name":"aac","duration":"2.490000","sample_rate":"48000"},"avg_frame_rate":"48/1","ffprobe":true,"has_audio":true,"height":1088,"path":"/fvscratch/runs/ltxfps/3df276d-09272000/ltx25-1080p-48fps/frames/output.mp4","r_frame_rate":"48/1",
[ltx25-1080p-48fps] [PASS] ltx2/gen.frames {"frames":121} (limits {"frames":121})
[ltx25-1080p-50fps] [PASS] ltx2/gen.mp4_frames_and_rate {"audio":{"channels":2,"codec_name":"aac","duration":"2.370000","sample_rate":"48000"},"avg_frame_rate":"50/1","ffprobe":true,"has_audio":true,"height":1088,"path":"/fvscratch/runs/ltxfps/3df276d-09272000/ltx25-1080p-50fps/frames/output.mp4","r_frame_rate":"50/1",
[ltx25-1080p-50fps] [PASS] ltx2/gen.frames {"frames":121} (limits {"frames":121})
[ltx25-1080p-50fps-silent] [PASS] ltx2/gen.sink_frames_identical {"audio_matches_wav":true,"audio_rate":null,"audio_samples":0,"chunks":16,"frames":121,"mismatched_frames":0,"png_frames":121,"unreadable_pngs":0} (limits {"frames":121,"mismatched_frames":0})
[ltx25-1080p-50fps-silent] [PASS] ltx2/gen.sink_audio {"audio_matches_wav":true,"audio_rate":null,"audio_samples":0,"chunks":16,"frames":121,"mismatched_frames":0,"png_frames":121,"unreadable_pngs":0} (limits {"audio_matches_wav":false})
[ltx25-1080p-50fps-silent] [PASS] ltx2/gen.mp4_frames_and_rate {"audio":null,"avg_frame_rate":"50/1","ffprobe":true,"has_audio":false,"height":1088,"path":"/fvscratch/runs/ltxfps/3df276d-09272000/ltx25-1080p-50fps-silent/frames/output.mp4","r_frame_rate":"50/1","video_duration_s":2.42,"video_frames":121,"width":1920} (limits 
[ltx25-1080p-50fps-silent] [PASS] ltx2/gen.frames {"frames":121} (limits {"frames":121})
[ltx25-1080p-50fps-silent] [PASS] ltx2/gen.no_wav {"wav":""} (limits {"wav":""})
[20:15:41] [ltxfps] matrix done
