[fastvideo] cuda device=0 sm_100 kernels=Cubin(100) gemm=F32 resident=true sdpa=dense sdpa_chunk=1024 oxide=[bf16_128x128x128,bf16_128x256x128,bf16_256x128x128,bf16_128x128x256,f32_128x128x128] oxide_embedded=10
[fastvideo] sdpa: fused mma B=1 H=56 Sq=37710 Sk=37710 D=128
[fastvideo] sdpa: cuDNN fused attention unavailable, using flash_mma: cudnn sdpa: no executable plan (CUDNN_HEUR_MODE_FALLBACK: 0 engine configs)
[PASS] kernels/attn_bench_dense_h3_768p {"bh":56,"bit_mismatches_first_heads":0,"cudnn_or_v2_fallback_ms":110.562101,"cudnn_tflops":368.77780058828654,"dc_kernel":true,"dc_ms":34.753831,"dc_tflops":1173.1900415582963,"speedup":1.1408169807267834,"tokens":37710,"v1_ms":126.10849299999998,"v1_tflops":323.3156424698534,"v2_ms":110.542265,"v2_tflops":368.84397506419833} (limits {"bit_mismatches_first_heads":0})
[PASS] kernels/attn_bench_sol_h3_768p_tau1 {"bh":56,"bit_mismatches_first_heads":0,"dense_v1_ms":126.10849299999998,"exact_fraction":0.16384946854352198,"prep_ms":0.847851,"speedup":0.8134864204246322,"tau":1.0,"tokens":37710,"v1_ms":29.557288,"ws_ms":36.334089,"ws_splits2_ms":37.528752999999995,"x4_ms":29.861912,"x4f_ms":25.208501000000002} (limits {"bit_mismatches_first_heads":0})
[fastvideo] vsa fine kernel: Tma (sm10, 128B swizzle)
[INFO] kernels/attn_bench_vsa_h3_768p {"bh":56,"speedup":1.0255469473264511,"tiles":630,"tma2_ms":20.786828,"tma2_tflops":224.2388266877467,"tma_ms":21.317868,"tma_tflops":218.6529122555783,"tokens":37296,"topk":63}
[PASS] kernels/attn_bench_dense_ltx_512p {"bh":32,"bit_mismatches_first_heads":0,"cudnn_or_v2_fallback_ms":2.4055619999999998,"cudnn_tflops":257.1022034036121,"dc_kernel":true,"dc_ms":1.0131059999999998,"dc_tflops":610.4744129676461,"speedup":1.0638920448690485,"tokens":6144,"v1_ms":2.426209,"v1_tflops":254.9142677419794,"v2_ms":2.280503,"v2_tflops":271.20126157431054} (limits {"bit_mismatches_first_heads":0})
[PASS] kernels/attn_bench_sol_ltx_512p_tau1 {"bh":32,"bit_mismatches_first_heads":0,"dense_v1_ms":2.426209,"exact_fraction":0.18359375,"prep_ms":0.31777500000000003,"speedup":1.0096074381862603,"tau":1.0,"tokens":6144,"v1_ms":1.228981,"ws_ms":1.2172859999999999,"ws_splits2_ms":1.536844,"x4_ms":1.104734,"x4f_ms":0.9720040000000001} (limits {"bit_mismatches_first_heads":0})
[PASS] kernels/attn_bench_sol_ltx_512p_tau1.25 {"bh":32,"bit_mismatches_first_heads":0,"dense_v1_ms":2.426209,"exact_fraction":0.1320529513888889,"prep_ms":0.17102499999999998,"speedup":0.92437048982826,"tau":1.25,"tokens":6144,"v1_ms":0.8271109999999999,"ws_ms":0.894783,"ws_splits2_ms":0.9833459999999999,"x4_ms":0.952172,"x4f_ms":1.064526} (limits {"bit_mismatches_first_heads":0})
[PASS] kernels/attn_bench_sol_ltx_512p_tau1.5 {"bh":32,"bit_mismatches_first_heads":0,"dense_v1_ms":2.426209,"exact_fraction":0.09429253472222222,"prep_ms":0.17532299999999998,"speedup":0.9000444781839524,"tau":1.5,"tokens":6144,"v1_ms":0.538268,"ws_ms":0.598046,"ws_splits2_ms":0.724052,"x4_ms":0.499247,"x4f_ms":0.464308} (limits {"bit_mismatches_first_heads":0})
[PASS] kernels/attn_bench_dense_ltx_1080p20s {"bh":32,"bit_mismatches_first_heads":0,"cudnn_or_v2_fallback_ms":681.550681,"cudnn_tflops":372.25607001102827,"dc_kernel":true,"dc_ms":220.975274,"dc_tflops":1148.143742192622,"speedup":1.1430499662346605,"tokens":124440,"v1_ms":778.677823,"v1_tflops":325.8233001229316,"v2_ms":681.228158,"v2_tflops":372.43231220398263} (limits {"bit_mismatches_first_heads":0})
[PASS] kernels/attn_bench_sol_ltx_1080p20s_tau1 {"bh":32,"bit_mismatches_first_heads":0,"dense_v1_ms":778.677823,"exact_fraction":0.15990483805948943,"prep_ms":1.046958,"speedup":0.8125848054230971,"tau":1.0,"tokens":124440,"v1_ms":172.381765,"ws_ms":212.14003,"ws_splits2_ms":213.57254,"x4_ms":173.936296,"x4f_ms":146.293463} (limits {"bit_mismatches_first_heads":0})
[PASS] kernels/attn_bench_sol_ltx_1080p20s_tau1.25 {"bh":32,"bit_mismatches_first_heads":0,"dense_v1_ms":778.677823,"exact_fraction":0.10680896901289312,"prep_ms":1.427279,"speedup":0.7963178077231372,"tau":1.25,"tokens":124440,"v1_ms":120.546186,"ws_ms":151.379493,"ws_splits2_ms":153.14668,"x4_ms":121.605081,"x4f_ms":103.425167} (limits {"bit_mismatches_first_heads":0})
[PASS] kernels/attn_bench_sol_ltx_1080p20s_tau1.5 {"bh":32,"bit_mismatches_first_heads":0,"dense_v1_ms":778.677823,"exact_fraction":0.06819754032817653,"prep_ms":1.285161,"speedup":0.7755154740130068,"tau":1.5,"tokens":124440,"v1_ms":83.153592,"ws_ms":107.22363999999999,"ws_splits2_ms":109.203469,"x4_ms":83.34504700000001,"x4f_ms":72.430634} (limits {"bit_mismatches_first_heads":0})
[PASS] kernels/attn_bench_dense_ltx_4k5s {"bh":32,"bit_mismatches_first_heads":0,"cudnn_or_v2_fallback_ms":748.784861,"cudnn_tflops":372.97795798037646,"dc_kernel":true,"dc_ms":242.490473,"dc_tflops":1151.7163745331966,"speedup":1.1430627961248736,"tokens":130560,"v1_ms":856.000721,"v1_tflops":326.2616976492009,"v2_ms":748.865875,"v2_tflops":372.9376083833437} (limits {"bit_mismatches_first_heads":0})
[PASS] kernels/attn_bench_sol_ltx_4k5s_tau1 {"bh":32,"bit_mismatches_first_heads":0,"dense_v1_ms":856.000721,"exact_fraction":0.15978181468665897,"prep_ms":1.068948,"speedup":0.8121157830319881,"tau":1.0,"tokens":130560,"v1_ms":188.889958,"ws_ms":232.589936,"ws_splits2_ms":234.142185,"x4_ms":192.439642,"x4f_ms":160.270417} (limits {"bit_mismatches_first_heads":0})
[PASS] kernels/attn_bench_sol_ltx_4k5s_tau1.25 {"bh":32,"bit_mismatches_first_heads":0,"dense_v1_ms":856.000721,"exact_fraction":0.10689182045367167,"prep_ms":1.6531600000000002,"speedup":0.7962640354953218,"tau":1.25,"tokens":130560,"v1_ms":132.31749200000002,"ws_ms":166.17288499999998,"ws_splits2_ms":167.885108,"x4_ms":133.659613,"x4f_ms":113.464846} (limits {"bit_mismatches_first_heads":0})
[PASS] kernels/attn_bench_sol_ltx_4k5s_tau1.5 {"bh":32,"bit_mismatches_first_heads":0,"dense_v1_ms":856.000721,"exact_fraction":0.06803224721261053,"prep_ms":1.458031,"speedup":0.7752490262540737,"tau":1.5,"tokens":130560,"v1_ms":91.007053,"ws_ms":117.39073499999999,"ws_splits2_ms":119.209333,"x4_ms":91.324578,"x4f_ms":79.056585} (limits {"bit_mismatches_first_heads":0})
[INFO] kernels/attn_dc_kernel {"origin":"cubin","rows_per_cta":256,"sm":100}
[PASS] kernels/attn_dc_1x1x1x1_vs_v2 {"cosine":1.0,"max_abs":0.0,"non_finite":0,"ref_norm":10.538319001578081,"rel_l2":0.0} (limits {"rel_l2":0.004})
[PASS] kernels/attn_dc_1x1x1x1_vs_f32 {"cosine":0.9999985788208986,"max_abs":0.00697779655456543,"non_finite":0,"ref_norm":10.538327453207986,"rel_l2":0.0016859289923045798} (limits {"rel_l2":0.01})
[PASS] kernels/attn_dc_1x1x1x1_bf16out_is_rne_of_f32out {"mismatched":0,"of":128} (limits {"mismatched":0})
[PASS] kernels/attn_dc_1x2x64x64_vs_v2 {"cosine":0.9999999999999878,"max_abs":4.76837158203125e-7,"non_finite":0,"ref_norm":56.90423999133212,"rel_l2":8.446694302125018e-8} (limits {"rel_l2":0.004})
[PASS] kernels/attn_dc_1x2x64x64_vs_f32 {"cosine":0.9999914274754991,"max_abs":0.013083934783935547,"non_finite":0,"ref_norm":56.896097152593576,"rel_l2":0.0041434259955388875} (limits {"rel_l2":0.01})
[PASS] kernels/attn_dc_1x2x64x64_bf16out_is_rne_of_f32out {"mismatched":0,"of":16384} (limits {"mismatched":0})
[PASS] kernels/attn_dc_1x2x70x70_vs_v2 {"cosine":0.9999999889690159,"max_abs":0.0013212021440267563,"non_finite":0,"ref_norm":59.50946654420657,"rel_l2":0.0001485329954099113} (limits {"rel_l2":0.004})
[PASS] kernels/attn_dc_1x2x70x70_vs_f32 {"cosine":0.9999926124901358,"max_abs":0.010722994804382324,"non_finite":0,"ref_norm":59.504740821668186,"rel_l2":0.003844808827380399} (limits {"rel_l2":0.01})
[PASS] kernels/attn_dc_1x2x70x70_bf16out_is_rne_of_f32out {"mismatched":0,"of":17920} (limits {"mismatched":0})
[PASS] kernels/attn_dc_2x3x257x257_vs_v2 {"cosine":0.9999999210610805,"max_abs":0.0016574263572692871,"non_finite":0,"ref_norm":141.22737799767538,"rel_l2":0.00039733899276150143} (limits {"rel_l2":0.004})
[PASS] kernels/attn_dc_2x3x257x257_vs_f32 {"cosine":0.9999900478481754,"max_abs":0.014452576637268066,"non_finite":0,"ref_norm":141.23994041314907,"rel_l2":0.004462099876207877} (limits {"rel_l2":0.01})
[PASS] kernels/attn_dc_2x3x257x257_bf16out_is_rne_of_f32out {"mismatched":0,"of":197376} (limits {"mismatched":0})
[PASS] kernels/attn_dc_1x4x300x512_vs_v2 {"cosine":0.9999999486263697,"max_abs":0.0009866058826446533,"non_finite":0,"ref_norm":105.25230815328628,"rel_l2":0.0003205421956056308} (limits {"rel_l2":0.004})
[PASS] kernels/attn_dc_1x4x300x512_vs_f32 {"cosine":0.9999890519470974,"max_abs":0.013817965984344482,"non_finite":0,"ref_norm":105.2512085076381,"rel_l2":0.004679365205065013} (limits {"rel_l2":0.01})
[PASS] kernels/attn_dc_1x4x300x512_bf16out_is_rne_of_f32out {"mismatched":0,"of":153600} (limits {"mismatched":0})
[PASS] kernels/attn_dc_2x2x1000x333_vs_v2 {"cosine":0.9999999374630685,"max_abs":0.0018025636672973633,"non_finite":0,"ref_norm":214.79498565438968,"rel_l2":0.00035365817405602233} (limits {"rel_l2":0.004})
[PASS] kernels/attn_dc_2x2x1000x333_vs_f32 {"cosine":0.9999899428745946,"max_abs":0.018504738807678223,"non_finite":0,"ref_norm":214.81957719958382,"rel_l2":0.004486114133158429} (limits {"rel_l2":0.01})
[PASS] kernels/attn_dc_2x2x1000x333_bf16out_is_rne_of_f32out {"mismatched":0,"of":512000} (limits {"mismatched":0})
[PASS] kernels/attn_dc_1x3x130x1_vs_v2 {"cosine":1.0,"max_abs":0.0,"non_finite":0,"ref_norm":234.74979085976437,"rel_l2":0.0} (limits {"rel_l2":0.004})
[PASS] kernels/attn_dc_1x3x130x1_vs_f32 {"cosine":0.9999988586776505,"max_abs":0.007662773132324219,"non_finite":0,"ref_norm":234.69521808971237,"rel_l2":0.0015288046958899242} (limits {"rel_l2":0.01})
[PASS] kernels/attn_dc_1x3x130x1_bf16out_is_rne_of_f32out {"mismatched":0,"of":49920} (limits {"mismatched":0})
[PASS] kernels/attn_dc_1x2x63x4097_vs_v2 {"cosine":0.9999999874477413,"max_abs":0.00028224289417266846,"non_finite":0,"ref_norm":16.97875476895682,"rel_l2":0.00015844394403585047} (limits {"rel_l2":0.004})
[PASS] kernels/attn_dc_1x2x63x4097_vs_f32 {"cosine":0.9999869700453743,"max_abs":0.005071371793746948,"non_finite":0,"ref_norm":16.972925239102153,"rel_l2":0.005117304016017828} (limits {"rel_l2":0.01})
[PASS] kernels/attn_dc_1x2x63x4097_bf16out_is_rne_of_f32out {"mismatched":0,"of":16128} (limits {"mismatched":0})
[PASS] kernels/attn_dc_1x2x129x200_vs_v2 {"cosine":0.999999710275126,"max_abs":0.0006266236305236816,"non_finite":0,"ref_norm":21.735574298755836,"rel_l2":0.0007612160530793677} (limits {"rel_l2":0.004})
[PASS] kernels/attn_dc_1x2x129x200_vs_f32 {"cosine":0.9999952758234368,"max_abs":0.002290770411491394,"non_finite":0,"ref_norm":21.736548504368173,"rel_l2":0.003074085814237935} (limits {"rel_l2":0.01})
[PASS] kernels/attn_dc_1x2x129x200_bf16out_is_rne_of_f32out {"mismatched":0,"of":33024} (limits {"mismatched":0})
[PASS] kernels/attn_dc_1x2x2048x2048_vs_v2 {"cosine":0.9999999821280636,"max_abs":0.0008934438228607178,"non_finite":0,"ref_norm":129.12224785387352,"rel_l2":0.0001890595814839197} (limits {"rel_l2":0.004})
[PASS] kernels/attn_dc_1x2x2048x2048_vs_f32 {"cosine":0.9999876585664631,"max_abs":0.013934969902038574,"non_finite":0,"ref_norm":129.11494269290947,"rel_l2":0.004968648685225595} (limits {"rel_l2":0.01})
[PASS] kernels/attn_dc_1x2x2048x2048_bf16out_is_rne_of_f32out {"mismatched":0,"of":524288} (limits {"mismatched":0})
[PASS] kernels/attn_dc_1x1x513x1000_vs_v2 {"cosine":0.9999999977904693,"max_abs":0.002767324447631836,"non_finite":0,"ref_norm":226.95490034141525,"rel_l2":0.00006648371096582776} (limits {"rel_l2":0.004})
[FAIL] kernels/attn_dc_1x1x513x1000_vs_f32 {"cosine":0.9999446042477719,"max_abs":0.15446940064430237,"non_finite":0,"ref_norm":226.9144662292972,"rel_l2":0.0105282233154953} (limits {"rel_l2":0.01})
[PASS] kernels/attn_dc_1x1x513x1000_bf16out_is_rne_of_f32out {"mismatched":0,"of":65664} (limits {"mismatched":0})
[FAIL] stage kernels → /fvscratch/runs/dc/4bc3ec3-09271258/gpucheck/kernels.json (62.5s)
check failed: 1 check(s) failed: kernels/attn_dc_1x1x513x1000_vs_f32: {"cosine":0.9999446042477719,"max_abs":0.15446940064430237,"non_finite":0,"ref_norm":226.9144662292972,"rel_l2":0.0105282233154953} vs limits {"rel_l2":0.01}
exit=1
