[fastvideo] cuda device=0 sm_90 kernels=Cubin(90) gemm=F32 resident=true sdpa=dense sdpa_chunk=1024 oxide=[] oxide_embedded=10
[fastvideo] sdpa: fused mma B=1 H=56 Sq=37710 Sk=37710 D=128
[fastvideo] sdpa: cuDNN fused attention unavailable, using flash_mma: cudnn sdpa: no executable plan (CUDNN_HEUR_MODE_FALLBACK: 0 engine configs)
[PASS] kernels/attn_bench_dense_h3_768p {"bh":56,"bit_mismatches_first_heads":0,"cudnn_or_v2_fallback_ms":123.037369,"cudnn_tflops":331.3858932988075,"dc_kernel":true,"dc_ms":66.15742800000001,"dc_tflops":616.3003863330357,"speedup":0.9637820064909199,"tokens":37710,"v1_ms":129.662126,"v1_tflops":314.4545727655276,"v2_ms":134.534703,"v2_tflops":303.06565909020514} (limits {"bit_mismatches_first_heads":0})
[PASS] kernels/attn_bench_sol_h3_768p_tau1 {"bh":56,"bit_mismatches_first_heads":0,"dense_v1_ms":129.662126,"exact_fraction":0.16384946854352198,"prep_ms":0.816124,"speedup":0.7220473103886224,"tau":1.0,"tokens":37710,"v1_ms":28.489607,"ws_ms":39.456704,"ws_splits2_ms":40.935939,"x4_ms":27.989691,"x4f_ms":27.047923} (limits {"bit_mismatches_first_heads":0})
[fastvideo] vsa fine kernel: Tma (sm9, 128B swizzle)
[INFO] kernels/attn_bench_vsa_h3_768p {"bh":56,"speedup":1.1226375313445713,"tiles":630,"tma2_ms":23.423115000000003,"tma2_tflops":199.0005992490751,"tma_ms":26.295668000000003,"tma_tflops":177.26166611473798,"tokens":37296,"topk":63}
[PASS] kernels/attn_bench_dense_ltx_512p {"bh":32,"bit_mismatches_first_heads":0,"cudnn_or_v2_fallback_ms":2.036972,"cudnn_tflops":303.6248365829279,"dc_kernel":true,"dc_ms":1.032722,"dc_tflops":598.8787792106685,"speedup":1.0458846553455923,"tokens":6144,"v1_ms":2.1189780000000003,"v1_tflops":291.8743331096406,"v2_ms":2.026015,"v2_tflops":305.2668862886011} (limits {"bit_mismatches_first_heads":0})
[PASS] kernels/attn_bench_sol_ltx_512p_tau1 {"bh":32,"bit_mismatches_first_heads":0,"dense_v1_ms":2.1189780000000003,"exact_fraction":0.18359375,"prep_ms":0.221971,"speedup":0.7510714106274099,"tau":1.0,"tokens":6144,"v1_ms":0.702589,"ws_ms":0.935449,"ws_splits2_ms":1.089024,"x4_ms":0.688806,"x4f_ms":0.685306} (limits {"bit_mismatches_first_heads":0})
[PASS] kernels/attn_bench_sol_ltx_512p_tau1.25 {"bh":32,"bit_mismatches_first_heads":0,"dense_v1_ms":2.1189780000000003,"exact_fraction":0.1320529513888889,"prep_ms":0.190721,"speedup":0.7601129187949967,"tau":1.25,"tokens":6144,"v1_ms":0.604758,"ws_ms":0.795616,"ws_splits2_ms":0.9450580000000001,"x4_ms":0.596391,"x4f_ms":0.583273} (limits {"bit_mismatches_first_heads":0})
[PASS] kernels/attn_bench_sol_ltx_512p_tau1.5 {"bh":32,"bit_mismatches_first_heads":0,"dense_v1_ms":2.1189780000000003,"exact_fraction":0.09429253472222222,"prep_ms":0.18141500000000002,"speedup":0.7747391497800342,"tau":1.5,"tokens":6144,"v1_ms":0.525848,"ws_ms":0.678742,"ws_splits2_ms":0.827955,"x4_ms":0.513579,"x4f_ms":0.5074759999999999} (limits {"bit_mismatches_first_heads":0})
[PASS] kernels/attn_bench_dense_ltx_1080p20s {"bh":32,"bit_mismatches_first_heads":0,"cudnn_or_v2_fallback_ms":779.960066,"cudnn_tflops":325.287651358294,"dc_kernel":true,"dc_ms":449.35997199999997,"dc_tflops":564.6060927349355,"speedup":1.0893930036063733,"tokens":124440,"v1_ms":846.880667,"v1_tflops":299.58338631244254,"v2_ms":777.38765,"v2_tflops":326.36404504548017} (limits {"bit_mismatches_first_heads":0})
[PASS] kernels/attn_bench_sol_ltx_1080p20s_tau1 {"bh":32,"bit_mismatches_first_heads":0,"dense_v1_ms":846.880667,"exact_fraction":0.15990483805948943,"prep_ms":1.443043,"speedup":0.7457645472555547,"tau":1.0,"tokens":124440,"v1_ms":182.7221,"ws_ms":245.013122,"ws_splits2_ms":238.260525,"x4_ms":185.856472,"x4f_ms":186.272269} (limits {"bit_mismatches_first_heads":0})
[PASS] kernels/attn_bench_sol_ltx_1080p20s_tau1.25 {"bh":32,"bit_mismatches_first_heads":0,"dense_v1_ms":846.880667,"exact_fraction":0.10680896901289312,"prep_ms":1.4489990000000001,"speedup":0.7185831626943491,"tau":1.25,"tokens":124440,"v1_ms":128.612511,"ws_ms":178.980691,"ws_splits2_ms":172.229838,"x4_ms":148.624695,"x4f_ms":123.69050800000001} (limits {"bit_mismatches_first_heads":0})
[PASS] kernels/attn_bench_sol_ltx_1080p20s_tau1.5 {"bh":32,"bit_mismatches_first_heads":0,"dense_v1_ms":846.880667,"exact_fraction":0.06819754032817653,"prep_ms":1.481408,"speedup":0.733300772301251,"tau":1.5,"tokens":124440,"v1_ms":90.40303,"ws_ms":123.282333,"ws_splits2_ms":123.8409,"x4_ms":88.52125600000001,"x4f_ms":102.811604} (limits {"bit_mismatches_first_heads":0})
[PASS] kernels/attn_bench_dense_ltx_4k5s {"bh":32,"bit_mismatches_first_heads":0,"cudnn_or_v2_fallback_ms":862.4698109999999,"cudnn_tflops":323.81452064807405,"dc_kernel":true,"dc_ms":490.158374,"dc_tflops":569.7755322290996,"speedup":1.0685768395246764,"tokens":130560,"v1_ms":928.9039270000001,"v1_tflops":300.65568710035177,"v2_ms":869.2907170000001,"v2_tflops":321.2737039068139} (limits {"bit_mismatches_first_heads":0})
[PASS] kernels/attn_bench_sol_ltx_4k5s_tau1 {"bh":32,"bit_mismatches_first_heads":0,"dense_v1_ms":928.9039270000001,"exact_fraction":0.15978181468665897,"prep_ms":1.5088650000000001,"speedup":0.7527382988195513,"tau":1.0,"tokens":130560,"v1_ms":202.371867,"ws_ms":268.847576,"ws_splits2_ms":261.291349,"x4_ms":199.80593,"x4f_ms":199.40869899999998} (limits {"bit_mismatches_first_heads":0})
[PASS] kernels/attn_bench_sol_ltx_4k5s_tau1.25 {"bh":32,"bit_mismatches_first_heads":0,"dense_v1_ms":928.9039270000001,"exact_fraction":0.10689182045367167,"prep_ms":1.5209100000000002,"speedup":0.7414393801199786,"tau":1.25,"tokens":130560,"v1_ms":141.7673,"ws_ms":191.205517,"ws_splits2_ms":188.215672,"x4_ms":153.23646399999998,"x4f_ms":137.36253100000002} (limits {"bit_mismatches_first_heads":0})
[PASS] kernels/attn_bench_sol_ltx_4k5s_tau1.5 {"bh":32,"bit_mismatches_first_heads":0,"dense_v1_ms":928.9039270000001,"exact_fraction":0.06803224721261053,"prep_ms":1.517676,"speedup":0.727622234936331,"tau":1.5,"tokens":130560,"v1_ms":98.32157199999999,"ws_ms":135.127223,"ws_splits2_ms":135.46187500000002,"x4_ms":97.037601,"x4f_ms":105.199057} (limits {"bit_mismatches_first_heads":0})
[INFO] kernels/attn_dc_kernel {"origin":"cubin","rows_per_cta":128,"sm":90}
[PASS] kernels/attn_dc_1x1x1x1_vs_v2 {"cosine":1.0,"max_abs":0.0,"non_finite":0,"ref_norm":10.538319001578081,"rel_l2":0.0} (limits {"rel_l2":0.004})
[PASS] kernels/attn_dc_1x1x1x1_vs_f32 {"cosine":0.9999985788208986,"max_abs":0.00697779655456543,"non_finite":0,"ref_norm":10.538327453207986,"rel_l2":0.0016859289923045798} (limits {"rel_l2":0.01})
[PASS] kernels/attn_dc_1x1x1x1_bf16out_is_rne_of_f32out {"mismatched":0,"of":128} (limits {"mismatched":0})
[PASS] kernels/attn_dc_1x2x64x64_vs_v2 {"cosine":1.0,"max_abs":0.0,"non_finite":0,"ref_norm":56.90423999133212,"rel_l2":0.0} (limits {"rel_l2":0.004})
[PASS] kernels/attn_dc_1x2x64x64_vs_f32 {"cosine":0.9999914274254458,"max_abs":0.013084053993225098,"non_finite":0,"ref_norm":56.896097152593576,"rel_l2":0.004143438852243156} (limits {"rel_l2":0.01})
[PASS] kernels/attn_dc_1x2x64x64_bf16out_is_rne_of_f32out {"mismatched":0,"of":16384} (limits {"mismatched":0})
[PASS] kernels/attn_dc_1x2x70x70_vs_v2 {"cosine":0.9999999889689659,"max_abs":0.0013212021440267563,"non_finite":0,"ref_norm":59.50946654420657,"rel_l2":0.00014853339228490268} (limits {"rel_l2":0.004})
[PASS] kernels/attn_dc_1x2x70x70_vs_f32 {"cosine":0.9999926124865782,"max_abs":0.010722756385803223,"non_finite":0,"ref_norm":59.504740821668186,"rel_l2":0.003844809711867907} (limits {"rel_l2":0.01})
[PASS] kernels/attn_dc_1x2x70x70_bf16out_is_rne_of_f32out {"mismatched":0,"of":17920} (limits {"mismatched":0})
[PASS] kernels/attn_dc_2x3x257x257_vs_v2 {"cosine":0.9999999210608347,"max_abs":0.0016574263572692871,"non_finite":0,"ref_norm":141.22737799767538,"rel_l2":0.00039733960688862624} (limits {"rel_l2":0.004})
[PASS] kernels/attn_dc_2x3x257x257_vs_f32 {"cosine":0.9999900478519181,"max_abs":0.014452576637268066,"non_finite":0,"ref_norm":141.23994041314907,"rel_l2":0.004462099105668295} (limits {"rel_l2":0.01})
[PASS] kernels/attn_dc_2x3x257x257_bf16out_is_rne_of_f32out {"mismatched":0,"of":197376} (limits {"mismatched":0})
[PASS] kernels/attn_dc_1x4x300x512_vs_v2 {"cosine":0.9999999486264907,"max_abs":0.0009866058826446533,"non_finite":0,"ref_norm":105.25230815328628,"rel_l2":0.0003205417862480395} (limits {"rel_l2":0.004})
[PASS] kernels/attn_dc_1x4x300x512_vs_f32 {"cosine":0.9999890519504165,"max_abs":0.013818025588989258,"non_finite":0,"ref_norm":105.2512085076381,"rel_l2":0.004679364515418759} (limits {"rel_l2":0.01})
[PASS] kernels/attn_dc_1x4x300x512_bf16out_is_rne_of_f32out {"mismatched":0,"of":153600} (limits {"mismatched":0})
[PASS] kernels/attn_dc_2x2x1000x333_vs_v2 {"cosine":0.9999999374629708,"max_abs":0.0018025636672973633,"non_finite":0,"ref_norm":214.79498565438968,"rel_l2":0.00035365854831119535} (limits {"rel_l2":0.004})
[PASS] kernels/attn_dc_2x2x1000x333_vs_f32 {"cosine":0.9999899428728078,"max_abs":0.018504738807678223,"non_finite":0,"ref_norm":214.81957719958382,"rel_l2":0.004486114548359667} (limits {"rel_l2":0.01})
[PASS] kernels/attn_dc_2x2x1000x333_bf16out_is_rne_of_f32out {"mismatched":0,"of":512000} (limits {"mismatched":0})
[PASS] kernels/attn_dc_1x3x130x1_vs_v2 {"cosine":1.0,"max_abs":0.0,"non_finite":0,"ref_norm":234.74979085976437,"rel_l2":0.0} (limits {"rel_l2":0.004})
[PASS] kernels/attn_dc_1x3x130x1_vs_f32 {"cosine":0.9999988586776505,"max_abs":0.007662773132324219,"non_finite":0,"ref_norm":234.69521808971237,"rel_l2":0.0015288046958899242} (limits {"rel_l2":0.01})
[PASS] kernels/attn_dc_1x3x130x1_bf16out_is_rne_of_f32out {"mismatched":0,"of":49920} (limits {"mismatched":0})
[PASS] kernels/attn_dc_1x2x63x4097_vs_v2 {"cosine":0.9999999874475364,"max_abs":0.0002822577953338623,"non_finite":0,"ref_norm":16.97875476895682,"rel_l2":0.0001584452431051821} (limits {"rel_l2":0.004})
[PASS] kernels/attn_dc_1x2x63x4097_vs_f32 {"cosine":0.9999869700240537,"max_abs":0.005071491003036499,"non_finite":0,"ref_norm":16.972925239102153,"rel_l2":0.005117307456774833} (limits {"rel_l2":0.01})
[PASS] kernels/attn_dc_1x2x63x4097_bf16out_is_rne_of_f32out {"mismatched":0,"of":16128} (limits {"mismatched":0})
[PASS] kernels/attn_dc_1x2x129x200_vs_v2 {"cosine":0.9999997102752077,"max_abs":0.0006266236305236816,"non_finite":0,"ref_norm":21.735574298755836,"rel_l2":0.0007612159412979035} (limits {"rel_l2":0.004})
[PASS] kernels/attn_dc_1x2x129x200_vs_f32 {"cosine":0.9999952758205982,"max_abs":0.002290770411491394,"non_finite":0,"ref_norm":21.736548504368173,"rel_l2":0.0030740867344874545} (limits {"rel_l2":0.01})
[PASS] kernels/attn_dc_1x2x129x200_bf16out_is_rne_of_f32out {"mismatched":0,"of":33024} (limits {"mismatched":0})
[PASS] kernels/attn_dc_1x2x2048x2048_vs_v2 {"cosine":0.9999999821280108,"max_abs":0.0008934438228607178,"non_finite":0,"ref_norm":129.12224785387352,"rel_l2":0.00018905995853387312} (limits {"rel_l2":0.004})
[PASS] kernels/attn_dc_1x2x2048x2048_vs_f32 {"cosine":0.9999876585578292,"max_abs":0.013935089111328125,"non_finite":0,"ref_norm":129.11494269290947,"rel_l2":0.00496865041191886} (limits {"rel_l2":0.01})
[PASS] kernels/attn_dc_1x2x2048x2048_bf16out_is_rne_of_f32out {"mismatched":0,"of":524288} (limits {"mismatched":0})
[PASS] kernels/attn_dc_1x1x513x1000_vs_v2 {"cosine":0.9999999977904135,"max_abs":0.002767324447631836,"non_finite":0,"ref_norm":226.95490034141525,"rel_l2":0.00006648439547170567} (limits {"rel_l2":0.004})
[FAIL] kernels/attn_dc_1x1x513x1000_vs_f32 {"cosine":0.9999446042759058,"max_abs":0.15446937084197998,"non_finite":0,"ref_norm":226.9144662292972,"rel_l2":0.010528220428262397} (limits {"rel_l2":0.01})
[PASS] kernels/attn_dc_1x1x513x1000_bf16out_is_rne_of_f32out {"mismatched":0,"of":65664} (limits {"mismatched":0})
[FAIL] stage kernels → /fvscratch/runs/dc/4bc3ec3-09271307/gpucheck/kernels.json (66.2s)
check failed: 1 check(s) failed: kernels/attn_dc_1x1x513x1000_vs_f32: {"cosine":0.9999446042759058,"max_abs":0.15446937084197998,"non_finite":0,"ref_norm":226.9144662292972,"rel_l2":0.010528220428262397} vs limits {"rel_l2":0.01}
exit=1
