[fastvideo] cuda device=0 sm_120 kernels=Cubin(120) gemm=Bf16 resident=true sdpa=dense sdpa_chunk=1024 oxide=[bf16_128x128x128,bf16_128x256x128,bf16_256x128x128,bf16_128x128x256,f32_128x128x128] oxide_embedded=10
[fastvideo] FASTVIDEO_FP8: FastVideo W8A8 tensorwise recipe on every linear
[fastvideo] sdpa: fused mma B=1 H=64 Sq=44160 Sk=44254 D=128
[fastvideo] cosmos3 step 1/1 t=995 40.63s
[fastvideo] sdpa: device dense B=1 H=1 Sq=3600 Sk=3600 D=1024 query_chunk=3600
[fastvideo] video writer: 189 frames, png deferred (0 inline, 189 after the mp4 in 0.36s, 0.17 GiB, synced), ffmpeg feed blocked 2.44s, mp4 tail 2.55s, buffered peak 0.49 GiB of 86.95
[fastvideo] cosmos3 timing {"arm":"teacache","und_resident":false,"fp8":true,"load_s":241.510574779,"text_tower_s":233.887107445,"denoise_s":40.631394322,"decode_s":22.026789572,"export_s":2.902623652,"request_s":299.640808153,"steps":1,"steps_computed":1,"steps_reused":0,"und_tokens_cond":94,"und_tokens_uncond":92,"gen_tokens":44160}
[INFO] sol/warmup {"arm":"teacache","decode_s":22.026789572,"denoise_s":40.631394322,"export_s":2.902623652,"fp8":true,"gen_tokens":44160,"load_s":241.510574779,"request_s":299.640808153,"steps":1,"steps_computed":1,"steps_reused":0,"text_tower_s":233.887107445,"und_resident":false,"und_tokens_cond":94,"und_tokens_uncond":92}
[fastvideo] cosmos3 step 1/35 t=995 40.63s
[fastvideo] cosmos3 step 2/35 t=994 40.94s
[fastvideo] cosmos3 step 3/35 t=993 41.03s
[fastvideo] cosmos3 step 4/35 t=992 41.11s
[fastvideo] cosmos3 step 5/35 t=991 41.21s
[fastvideo] cosmos3 step 6/35 t=990 41.19s
[fastvideo] cosmos3 step 7/35 t=988 41.18s
[fastvideo] cosmos3 step 8/35 t=986 41.24s
[fastvideo] cosmos3 step 9/35 t=984 41.18s
[fastvideo] cosmos3 step 10/35 t=981 41.20s
[fastvideo] cosmos3 step 11/35 t=978 (teacache reuse) 0.14s
[fastvideo] cosmos3 step 12/35 t=975 (teacache reuse) 0.23s
[fastvideo] cosmos3 step 13/35 t=970 (teacache reuse) 0.12s
[fastvideo] cosmos3 step 14/35 t=965 41.18s
[fastvideo] cosmos3 step 15/35 t=958 (teacache reuse) 0.13s
[fastvideo] cosmos3 step 16/35 t=950 (teacache reuse) 0.23s
[fastvideo] cosmos3 step 17/35 t=941 (teacache reuse) 0.13s
[fastvideo] cosmos3 step 18/35 t=929 41.17s
[fastvideo] cosmos3 step 19/35 t=915 (teacache reuse) 0.15s
[fastvideo] cosmos3 step 20/35 t=898 (teacache reuse) 0.12s
[fastvideo] cosmos3 step 21/35 t=877 (teacache reuse) 0.10s
[fastvideo] cosmos3 step 22/35 t=852 41.20s
[fastvideo] cosmos3 step 23/35 t=822 (teacache reuse) 0.14s
[fastvideo] cosmos3 step 24/35 t=785 (teacache reuse) 0.18s
[fastvideo] cosmos3 step 25/35 t=742 (teacache reuse) 0.13s
[fastvideo] cosmos3 step 26/35 t=693 41.16s
[fastvideo] cosmos3 step 27/35 t=636 (teacache reuse) 0.25s
[fastvideo] cosmos3 step 28/35 t=572 (teacache reuse) 0.12s
[fastvideo] cosmos3 step 29/35 t=504 (teacache reuse) 0.12s
[fastvideo] cosmos3 step 30/35 t=432 41.15s
[fastvideo] cosmos3 step 31/35 t=361 (teacache reuse) 0.14s
[fastvideo] cosmos3 step 32/35 t=292 (teacache reuse) 0.11s
[fastvideo] cosmos3 step 33/35 t=229 (teacache reuse) 0.13s
[fastvideo] cosmos3 step 34/35 t=174 41.10s
[fastvideo] cosmos3 step 35/35 t=128 (teacache reuse) 0.13s
[fastvideo] video writer: 189 frames, png deferred (0 inline, 189 after the mp4 in 0.33s, 0.22 GiB, synced), ffmpeg feed blocked 2.07s, mp4 tail 2.18s, buffered peak 0.49 GiB of 86.75
[fastvideo] cosmos3 timing {"arm":"teacache","und_resident":false,"fp8":true,"load_s":0.00001446,"text_tower_s":115.326901364,"denoise_s":660.703500683,"decode_s":22.011450808,"export_s":2.511755489,"request_s":800.743111903,"steps":35,"steps_computed":16,"steps_reused":19,"und_tokens_cond":94,"und_tokens_uncond":92,"gen_tokens":44160}
[INFO] sol/timings {"arm":"teacache","decode_s":22.011450808,"denoise_s":660.703500683,"export_s":2.511755489,"fp8":true,"gen_tokens":44160,"load_s":0.00001446,"peak_mib":78291,"published_4xgb200":{"baseline_denoise_s":121.4198,"baseline_s":130.41,"fullopt_speedup":2.26},"request_s":800.743111903,"steps":35,"steps_computed":16,"steps_reused":19,"text_tower_s":115.326901364,"und_resident":false,"und_tokens_cond":94,"und_tokens_uncond":92}
[PASS] sol/steps {"steps":35} (limits {})
[PASS] stage sol → gpucheck-out/sol.json (1348.0s)
