compare-dumps audio_sigmas                 rel_l2 0.000e0  cosine 1.000000  max_abs 0.000e0  n 5
compare-dumps audio_step01                 rel_l2 9.448e-3  cosine 0.999955  max_abs 4.386e-2  n 13248
compare-dumps audio_step02                 rel_l2 4.518e-2  cosine 0.998979  max_abs 1.385e-1  n 13248
compare-dumps audio_step03                 rel_l2 1.280e-1  cosine 0.991780  max_abs 4.490e-1  n 13248
compare-dumps audio_step04                 rel_l2 5.448e-1  cosine 0.842796  max_abs 1.307e0  n 13248
compare-dumps audio_step00_in              rel_l2 0.000e0  cosine 1.000000  max_abs 0.000e0  n 13248
compare-dumps audio_timesteps              rel_l2 0.000e0  cosine 1.000000  max_abs 0.000e0  n 4
compare-dumps audio_vel_step01             rel_l2 7.970e-2  cosine 0.996878  max_abs 4.386e-1  n 13248
compare-dumps audio_vel_step02             rel_l2 1.847e-1  cosine 0.982966  max_abs 8.560e-1  n 13248
compare-dumps audio_vel_step03             rel_l2 1.618e-1  cosine 0.986948  max_abs 1.373e0  n 13248
compare-dumps audio_vel_step04             rel_l2 1.858e-1  cosine 0.982850  max_abs 1.715e0  n 13248
compare-dumps rope_cos                     rel_l2 inf  cosine 0.000000  max_abs inf  n 77952
compare-dumps rope_sin                     rel_l2 inf  cosine 0.000000  max_abs inf  n 77952
compare-dumps step00_b0_adaln              rel_l2 inf  cosine 0.000000  max_abs inf  n 26191872
compare-dumps step00_b0_attn_in            rel_l2 inf  cosine 0.000000  max_abs inf  n 4365312
compare-dumps step00_b0_attn_out           rel_l2 inf  cosine 0.000000  max_abs inf  n 4365312
compare-dumps step00_b0_ffn_in             rel_l2 inf  cosine 0.000000  max_abs inf  n 4365312
compare-dumps step00_b0_ffn_out            rel_l2 inf  cosine 0.000000  max_abs inf  n 4365312
compare-dumps step00_b0_resid_msa          rel_l2 inf  cosine 0.000000  max_abs inf  n 4365312
compare-dumps step00_b1_adaln              rel_l2 inf  cosine 0.000000  max_abs inf  n 26191872
compare-dumps step00_b1_attn_in            rel_l2 inf  cosine 0.000000  max_abs inf  n 4365312
compare-dumps step00_b1_attn_out           rel_l2 inf  cosine 0.000000  max_abs inf  n 4365312
compare-dumps step00_b1_ffn_in             rel_l2 inf  cosine 0.000000  max_abs inf  n 4365312
compare-dumps step00_b1_ffn_out            rel_l2 inf  cosine 0.000000  max_abs inf  n 4365312
compare-dumps step00_b1_resid_msa          rel_l2 inf  cosine 0.000000  max_abs inf  n 4365312
compare-dumps step00_b24_adaln             rel_l2 inf  cosine 0.000000  max_abs inf  n 26191872
compare-dumps step00_b24_attn_in           rel_l2 inf  cosine 0.000000  max_abs inf  n 4365312
compare-dumps step00_b24_attn_out          rel_l2 inf  cosine 0.000000  max_abs inf  n 4365312
compare-dumps step00_b24_ffn_in            rel_l2 inf  cosine 0.000000  max_abs inf  n 4365312
compare-dumps step00_b24_ffn_out           rel_l2 inf  cosine 0.000000  max_abs inf  n 4365312
compare-dumps step00_b24_resid_msa         rel_l2 inf  cosine 0.000000  max_abs inf  n 4365312
compare-dumps step00_b47_adaln             rel_l2 inf  cosine 0.000000  max_abs inf  n 26191872
compare-dumps step00_b47_attn_in           rel_l2 inf  cosine 0.000000  max_abs inf  n 4365312
compare-dumps step00_b47_attn_out          rel_l2 inf  cosine 0.000000  max_abs inf  n 4365312
compare-dumps step00_b47_ffn_in            rel_l2 inf  cosine 0.000000  max_abs inf  n 4365312
compare-dumps step00_b47_ffn_out           rel_l2 inf  cosine 0.000000  max_abs inf  n 4365312
compare-dumps step00_b47_resid_msa         rel_l2 inf  cosine 0.000000  max_abs inf  n 4365312
compare-dumps step00_block_0               rel_l2 inf  cosine 0.000000  max_abs inf  n 4365312
compare-dumps step00_block_1               rel_l2 inf  cosine 0.000000  max_abs inf  n 4365312
compare-dumps step00_block_2               rel_l2 inf  cosine 0.000000  max_abs inf  n 4365312
compare-dumps step00_block_3               rel_l2 inf  cosine 0.000000  max_abs inf  n 4365312
compare-dumps step00_block_4               rel_l2 inf  cosine 0.000000  max_abs inf  n 4365312
compare-dumps step00_block_5               rel_l2 inf  cosine 0.000000  max_abs inf  n 4365312
compare-dumps step00_block_6               rel_l2 inf  cosine 0.000000  max_abs inf  n 4365312
compare-dumps step00_block_7               rel_l2 inf  cosine 0.000000  max_abs inf  n 4365312
compare-dumps step00_block_8               rel_l2 inf  cosine 0.000000  max_abs inf  n 4365312
compare-dumps step00_block_9               rel_l2 inf  cosine 0.000000  max_abs inf  n 4365312
compare-dumps step00_block_10              rel_l2 inf  cosine 0.000000  max_abs inf  n 4365312
compare-dumps step00_block_11              rel_l2 inf  cosine 0.000000  max_abs inf  n 4365312
compare-dumps step00_block_12              rel_l2 inf  cosine 0.000000  max_abs inf  n 4365312
compare-dumps step00_block_13              rel_l2 inf  cosine 0.000000  max_abs inf  n 4365312
compare-dumps step00_block_14              rel_l2 inf  cosine 0.000000  max_abs inf  n 4365312
compare-dumps step00_block_15              rel_l2 inf  cosine 0.000000  max_abs inf  n 4365312
compare-dumps step00_block_16              rel_l2 inf  cosine 0.000000  max_abs inf  n 4365312
compare-dumps step00_block_17              rel_l2 inf  cosine 0.000000  max_abs inf  n 4365312
compare-dumps step00_block_18              rel_l2 inf  cosine 0.000000  max_abs inf  n 4365312
compare-dumps step00_block_19              rel_l2 inf  cosine 0.000000  max_abs inf  n 4365312
compare-dumps step00_block_20              rel_l2 inf  cosine 0.000000  max_abs inf  n 4365312
compare-dumps step00_block_21              rel_l2 inf  cosine 0.000000  max_abs inf  n 4365312
compare-dumps step00_block_22              rel_l2 inf  cosine 0.000000  max_abs inf  n 4365312
compare-dumps step00_block_23              rel_l2 inf  cosine 0.000000  max_abs inf  n 4365312
compare-dumps step00_block_24              rel_l2 inf  cosine 0.000000  max_abs inf  n 4365312
compare-dumps step00_block_25              rel_l2 inf  cosine 0.000000  max_abs inf  n 4365312
compare-dumps step00_block_26              rel_l2 inf  cosine 0.000000  max_abs inf  n 4365312
compare-dumps step00_block_27              rel_l2 inf  cosine 0.000000  max_abs inf  n 4365312
compare-dumps step00_block_28              rel_l2 inf  cosine 0.000000  max_abs inf  n 4365312
compare-dumps step00_block_29              rel_l2 inf  cosine 0.000000  max_abs inf  n 4365312
compare-dumps step00_block_30              rel_l2 inf  cosine 0.000000  max_abs inf  n 4365312
compare-dumps step00_block_31              rel_l2 inf  cosine 0.000000  max_abs inf  n 4365312
compare-dumps step00_block_32              rel_l2 inf  cosine 0.000000  max_abs inf  n 4365312
compare-dumps step00_block_33              rel_l2 inf  cosine 0.000000  max_abs inf  n 4365312
compare-dumps step00_block_34              rel_l2 inf  cosine 0.000000  max_abs inf  n 4365312
compare-dumps step00_block_35              rel_l2 inf  cosine 0.000000  max_abs inf  n 4365312
compare-dumps step00_block_36              rel_l2 inf  cosine 0.000000  max_abs inf  n 4365312
compare-dumps step00_block_37              rel_l2 inf  cosine 0.000000  max_abs inf  n 4365312
compare-dumps step00_block_38              rel_l2 inf  cosine 0.000000  max_abs inf  n 4365312
compare-dumps step00_block_39              rel_l2 inf  cosine 0.000000  max_abs inf  n 4365312
compare-dumps step00_block_40              rel_l2 inf  cosine 0.000000  max_abs inf  n 4365312
compare-dumps step00_block_41              rel_l2 inf  cosine 0.000000  max_abs inf  n 4365312
compare-dumps step00_block_42              rel_l2 inf  cosine 0.000000  max_abs inf  n 4365312
compare-dumps step00_block_43              rel_l2 inf  cosine 0.000000  max_abs inf  n 4365312
compare-dumps step00_block_44              rel_l2 inf  cosine 0.000000  max_abs inf  n 4365312
compare-dumps step00_block_45              rel_l2 inf  cosine 0.000000  max_abs inf  n 4365312
compare-dumps step00_block_46              rel_l2 inf  cosine 0.000000  max_abs inf  n 4365312
compare-dumps step00_block_47              rel_l2 inf  cosine 0.000000  max_abs inf  n 4365312
compare-dumps step00_block_48              rel_l2 inf  cosine 0.000000  max_abs inf  n 4365312
compare-dumps step00_block_49              rel_l2 inf  cosine 0.000000  max_abs inf  n 4365312
compare-dumps step00_packed_in             rel_l2 inf  cosine 0.000000  max_abs inf  n 4365312
compare-dumps text_hidden                  rel_l2 inf  cosine 0.000000  max_abs inf  n 36628480
compare-dumps text_refined                 rel_l2 inf  cosine 0.000000  max_abs inf  n 38459904
compare-dumps video_sigmas                 rel_l2 0.000e0  cosine 1.000000  max_abs 0.000e0  n 5
compare-dumps video_step01                 rel_l2 2.395e-2  cosine 0.999713  max_abs 9.019e-2  n 3580416
compare-dumps video_step02                 rel_l2 4.832e-2  cosine 0.998833  max_abs 2.323e-1  n 3580416
compare-dumps video_step03                 rel_l2 1.172e-1  cosine 0.993124  max_abs 6.037e-1  n 3580416
compare-dumps video_step04                 rel_l2 3.783e-1  cosine 0.926384  max_abs 3.102e0  n 3580416
compare-dumps video_step00_in              rel_l2 inf  cosine 0.000000  max_abs inf  n 4262400
compare-dumps video_timesteps              rel_l2 0.000e0  cosine 1.000000  max_abs 0.000e0  n 4
compare-dumps video_vel_step01             rel_l2 3.570e-1  cosine 0.937094  max_abs 3.337e0  n 3580416
compare-dumps video_vel_step02             rel_l2 3.006e-1  cosine 0.954729  max_abs 3.352e0  n 3580416
compare-dumps video_vel_step03             rel_l2 2.927e-1  cosine 0.956586  max_abs 3.021e0  n 3580416
compare-dumps video_vel_step04             rel_l2 2.920e-1  cosine 0.956577  max_abs 3.305e0  n 3580416
[PASS] stage compare-dumps → gpucheck-out/compare-dumps.json (2.4s)
