compare-dumps noise_seed1024_000: missing in candidate
compare-dumps noise_seed1024_001: missing in candidate
compare-dumps noise_seed11024_000: missing in candidate
compare-dumps noise_seed11024_001: missing in candidate
compare-dumps noise_seed11024_002: missing in candidate
compare-dumps noise_seed11024_003: missing in candidate
compare-dumps noise_seed11024_004: missing in candidate
compare-dumps noise_seed11024_005: missing in candidate
compare-dumps noise_seed11024_006: missing in candidate
compare-dumps noise_seed11024_007: missing in candidate
compare-dumps noise_seed11024_008: missing in candidate
compare-dumps noise_seed11024_009: missing in candidate
compare-dumps noise_seed11024_010: missing in candidate
compare-dumps noise_seed11024_011: missing in candidate
compare-dumps noise_seed11024_012: missing in candidate
compare-dumps noise_seed11024_013: missing in candidate
compare-dumps s1_audio_step01              rel_l2 8.571e-2  cosine 0.996328  max_abs 1.961e0  n 22528
compare-dumps s1_audio_step02              rel_l2 8.581e-2  cosine 0.996320  max_abs 1.961e0  n 22528
compare-dumps s1_audio_step03              rel_l2 8.616e-2  cosine 0.996289  max_abs 1.961e0  n 22528
compare-dumps s1_audio_step04              rel_l2 8.627e-2  cosine 0.996281  max_abs 1.961e0  n 22528
compare-dumps s1_audio_step05              rel_l2 8.793e-2  cosine 0.996136  max_abs 1.961e0  n 22528
compare-dumps s1_audio_step06              rel_l2 9.085e-2  cosine 0.995876  max_abs 1.961e0  n 22528
compare-dumps s1_audio_step07              rel_l2 9.495e-2  cosine 0.995498  max_abs 1.961e0  n 22528
compare-dumps s1_audio_step08              rel_l2 1.075e-1  cosine 0.994232  max_abs 2.602e0  n 22528
compare-dumps s1_audio_step00_in           rel_l2 8.565e-2  cosine 0.996333  max_abs 1.961e0  n 22528
compare-dumps s1_audio_vel_step01          rel_l2 9.817e-2  cosine 0.995190  max_abs 4.184e0  n 22528
compare-dumps s1_audio_vel_step02          rel_l2 1.013e-1  cosine 0.994861  max_abs 4.189e0  n 22528
compare-dumps s1_audio_vel_step03          rel_l2 1.015e-1  cosine 0.994917  max_abs 4.184e0  n 22528
compare-dumps s1_audio_vel_step04          rel_l2 9.752e-2  cosine 0.995249  max_abs 4.074e0  n 22528
compare-dumps s1_audio_vel_step05          rel_l2 9.452e-2  cosine 0.995528  max_abs 4.027e0  n 22528
compare-dumps s1_audio_vel_step06          rel_l2 9.919e-2  cosine 0.995083  max_abs 3.984e0  n 22528
compare-dumps s1_audio_vel_step07          rel_l2 1.242e-1  cosine 0.992289  max_abs 3.803e0  n 22528
compare-dumps s1_audio_vel_step08          rel_l2 1.524e-1  cosine 0.988369  max_abs 3.898e0  n 22528
compare-dumps s1_audio_x0_step01           rel_l2 7.829e-1  cosine 0.953658  max_abs 5.250e0  n 22528
compare-dumps s1_audio_x0_step02           rel_l2 8.098e-1  cosine 0.957148  max_abs 5.125e0  n 22528
compare-dumps s1_audio_x0_step03           rel_l2 7.662e-1  cosine 0.955306  max_abs 5.125e0  n 22528
compare-dumps s1_audio_x0_step04           rel_l2 7.586e-1  cosine 0.954156  max_abs 5.125e0  n 22528
compare-dumps s1_audio_x0_step05           rel_l2 7.355e-1  cosine 0.951985  max_abs 5.125e0  n 22528
compare-dumps s1_audio_x0_step06           rel_l2 6.819e-1  cosine 0.954147  max_abs 4.875e0  n 22528
compare-dumps s1_audio_x0_step07           rel_l2 5.274e-1  cosine 0.963259  max_abs 3.812e0  n 22528
compare-dumps s1_audio_x0_step08           rel_l2 3.253e-1  cosine 0.980022  max_abs 2.602e0  n 22528
compare-dumps s1_sigmas                    rel_l2 0.000e0  cosine 1.000000  max_abs 0.000e0  n 9
compare-dumps s1_step00_audio_block_0      rel_l2 8.448e-2  cosine 0.996432  max_abs 1.165e2  n 360448
compare-dumps s1_step00_audio_block_1      rel_l2 8.920e-2  cosine 0.996021  max_abs 1.395e2  n 360448
compare-dumps s1_step00_audio_block_2      rel_l2 9.110e-2  cosine 0.995848  max_abs 1.498e2  n 360448
compare-dumps s1_step00_audio_block_3      rel_l2 8.664e-2  cosine 0.996246  max_abs 1.515e2  n 360448
compare-dumps s1_step00_audio_block_4      rel_l2 9.595e-2  cosine 0.995398  max_abs 1.640e2  n 360448
compare-dumps s1_step00_audio_block_5      rel_l2 1.009e-1  cosine 0.994917  max_abs 1.710e2  n 360448
compare-dumps s1_step00_audio_block_6      rel_l2 1.020e-1  cosine 0.994801  max_abs 1.755e2  n 360448
compare-dumps s1_step00_audio_block_7      rel_l2 1.027e-1  cosine 0.994727  max_abs 1.765e2  n 360448
compare-dumps s1_step00_audio_block_8      rel_l2 1.037e-1  cosine 0.994623  max_abs 1.790e2  n 360448
compare-dumps s1_step00_audio_block_9      rel_l2 1.052e-1  cosine 0.994475  max_abs 1.830e2  n 360448
compare-dumps s1_step00_audio_block_10     rel_l2 1.068e-1  cosine 0.994307  max_abs 1.845e2  n 360448
compare-dumps s1_step00_audio_block_11     rel_l2 1.069e-1  cosine 0.994289  max_abs 1.855e2  n 360448
compare-dumps s1_step00_audio_block_12     rel_l2 1.068e-1  cosine 0.994302  max_abs 1.875e2  n 360448
compare-dumps s1_step00_audio_block_13     rel_l2 1.073e-1  cosine 0.994243  max_abs 1.875e2  n 360448
compare-dumps s1_step00_audio_block_14     rel_l2 1.063e-1  cosine 0.994358  max_abs 1.875e2  n 360448
compare-dumps s1_step00_audio_block_15     rel_l2 1.047e-1  cosine 0.994530  max_abs 1.900e2  n 360448
compare-dumps s1_step00_audio_block_16     rel_l2 1.053e-1  cosine 0.994464  max_abs 1.915e2  n 360448
compare-dumps s1_step00_audio_block_17     rel_l2 1.075e-1  cosine 0.994226  max_abs 1.910e2  n 360448
compare-dumps s1_step00_audio_block_18     rel_l2 1.074e-1  cosine 0.994232  max_abs 1.920e2  n 360448
compare-dumps s1_step00_audio_block_19     rel_l2 1.086e-1  cosine 0.994106  max_abs 1.925e2  n 360448
compare-dumps s1_step00_audio_block_20     rel_l2 1.094e-1  cosine 0.994022  max_abs 1.935e2  n 360448
compare-dumps s1_step00_audio_block_21     rel_l2 1.117e-1  cosine 0.993765  max_abs 1.950e2  n 360448
compare-dumps s1_step00_audio_block_22     rel_l2 1.107e-1  cosine 0.993873  max_abs 1.985e2  n 360448
compare-dumps s1_step00_audio_block_23     rel_l2 1.149e-1  cosine 0.993399  max_abs 1.995e2  n 360448
compare-dumps s1_step00_audio_block_24     rel_l2 1.117e-1  cosine 0.993764  max_abs 1.990e2  n 360448
compare-dumps s1_step00_audio_block_25     rel_l2 1.159e-1  cosine 0.993283  max_abs 1.998e2  n 360448
compare-dumps s1_step00_audio_block_26     rel_l2 1.101e-1  cosine 0.993941  max_abs 1.992e2  n 360448
compare-dumps s1_step00_audio_block_27     rel_l2 1.108e-1  cosine 0.993865  max_abs 1.985e2  n 360448
compare-dumps s1_step00_audio_block_28     rel_l2 1.051e-1  cosine 0.994475  max_abs 1.970e2  n 360448
compare-dumps s1_step00_audio_block_29     rel_l2 1.107e-1  cosine 0.993868  max_abs 1.965e2  n 360448
compare-dumps s1_step00_audio_block_30     rel_l2 1.099e-1  cosine 0.993962  max_abs 1.976e2  n 360448
compare-dumps s1_step00_audio_block_31     rel_l2 1.092e-1  cosine 0.994043  max_abs 1.988e2  n 360448
compare-dumps s1_step00_audio_block_32     rel_l2 1.043e-1  cosine 0.994570  max_abs 1.994e2  n 360448
compare-dumps s1_step00_audio_block_33     rel_l2 1.046e-1  cosine 0.994536  max_abs 2.008e2  n 360448
compare-dumps s1_step00_audio_block_34     rel_l2 1.010e-1  cosine 0.994906  max_abs 2.010e2  n 360448
compare-dumps s1_step00_audio_block_35     rel_l2 9.993e-2  cosine 0.995012  max_abs 2.034e2  n 360448
compare-dumps s1_step00_audio_block_36     rel_l2 9.983e-2  cosine 0.995024  max_abs 2.064e2  n 360448
compare-dumps s1_step00_audio_block_37     rel_l2 1.024e-1  cosine 0.994770  max_abs 2.081e2  n 360448
compare-dumps s1_step00_audio_block_38     rel_l2 1.006e-1  cosine 0.994953  max_abs 2.106e2  n 360448
compare-dumps s1_step00_audio_block_39     rel_l2 1.050e-1  cosine 0.994493  max_abs 2.155e2  n 360448
compare-dumps s1_step00_audio_block_40     rel_l2 1.056e-1  cosine 0.994428  max_abs 2.320e2  n 360448
compare-dumps s1_step00_audio_block_41     rel_l2 1.012e-1  cosine 0.994890  max_abs 2.395e2  n 360448
compare-dumps s1_step00_audio_block_42     rel_l2 1.022e-1  cosine 0.994792  max_abs 2.580e2  n 360448
compare-dumps s1_step00_audio_block_43     rel_l2 1.036e-1  cosine 0.994641  max_abs 2.625e2  n 360448
compare-dumps s1_step00_audio_block_44     rel_l2 9.768e-2  cosine 0.995241  max_abs 2.900e2  n 360448
compare-dumps s1_step00_audio_block_45     rel_l2 9.185e-2  cosine 0.995789  max_abs 2.915e2  n 360448
compare-dumps s1_step00_audio_block_46     rel_l2 7.101e-2  cosine 0.997477  max_abs 2.590e2  n 360448
compare-dumps s1_step00_audio_block_47     rel_l2 3.880e-2  cosine 0.999247  max_abs 2.435e2  n 360448
compare-dumps s1_step00_audio_in           rel_l2 6.256e-2  cosine 0.998042  max_abs 1.175e1  n 360448
compare-dumps s1_step00_video_block_0      rel_l2 3.324e-3  cosine 0.999995  max_abs 4.000e0  n 540672
compare-dumps s1_step00_video_block_1      rel_l2 9.014e-3  cosine 0.999959  max_abs 4.734e0  n 540672
compare-dumps s1_step00_video_block_2      rel_l2 1.278e-2  cosine 0.999918  max_abs 7.766e0  n 540672
compare-dumps s1_step00_video_block_3      rel_l2 1.311e-2  cosine 0.999914  max_abs 7.734e0  n 540672
compare-dumps s1_step00_video_block_4      rel_l2 1.110e-2  cosine 0.999938  max_abs 7.734e0  n 540672
compare-dumps s1_step00_video_block_5      rel_l2 1.251e-2  cosine 0.999922  max_abs 7.703e0  n 540672
compare-dumps s1_step00_video_block_6      rel_l2 1.416e-2  cosine 0.999900  max_abs 7.672e0  n 540672
compare-dumps s1_step00_video_block_7      rel_l2 1.432e-2  cosine 0.999898  max_abs 7.688e0  n 540672
compare-dumps s1_step00_video_block_8      rel_l2 1.501e-2  cosine 0.999887  max_abs 7.688e0  n 540672
compare-dumps s1_step00_video_block_9      rel_l2 1.481e-2  cosine 0.999891  max_abs 7.906e0  n 540672
compare-dumps s1_step00_video_block_10     rel_l2 1.468e-2  cosine 0.999892  max_abs 7.922e0  n 540672
compare-dumps s1_step00_video_block_11     rel_l2 1.480e-2  cosine 0.999891  max_abs 7.906e0  n 540672
compare-dumps s1_step00_video_block_12     rel_l2 1.504e-2  cosine 0.999887  max_abs 8.008e0  n 540672
compare-dumps s1_step00_video_block_13     rel_l2 1.545e-2  cosine 0.999881  max_abs 7.938e0  n 540672
compare-dumps s1_step00_video_block_14     rel_l2 1.354e-2  cosine 0.999908  max_abs 7.891e0  n 540672
compare-dumps s1_step00_video_block_15     rel_l2 1.632e-2  cosine 0.999867  max_abs 7.938e0  n 540672
compare-dumps s1_step00_video_block_16     rel_l2 1.640e-2  cosine 0.999866  max_abs 7.930e0  n 540672
compare-dumps s1_step00_video_block_17     rel_l2 1.373e-2  cosine 0.999906  max_abs 7.867e0  n 540672
compare-dumps s1_step00_video_block_18     rel_l2 1.469e-2  cosine 0.999892  max_abs 7.805e0  n 540672
compare-dumps s1_step00_video_block_19     rel_l2 1.584e-2  cosine 0.999875  max_abs 7.795e0  n 540672
compare-dumps s1_step00_video_block_20     rel_l2 1.611e-2  cosine 0.999870  max_abs 7.734e0  n 540672
compare-dumps s1_step00_video_block_21     rel_l2 1.578e-2  cosine 0.999875  max_abs 1.600e1  n 540672
compare-dumps s1_step00_video_block_22     rel_l2 1.827e-2  cosine 0.999833  max_abs 1.600e1  n 540672
compare-dumps s1_step00_video_block_23     rel_l2 1.953e-2  cosine 0.999809  max_abs 1.600e1  n 540672
compare-dumps s1_step00_video_block_24     rel_l2 2.738e-2  cosine 0.999626  max_abs 7.600e1  n 540672
compare-dumps s1_step00_video_block_25     rel_l2 5.365e-2  cosine 0.998597  max_abs 2.400e2  n 540672
compare-dumps s1_step00_video_block_26     rel_l2 8.312e-2  cosine 0.996784  max_abs 4.080e2  n 540672
compare-dumps s1_step00_video_block_27     rel_l2 8.396e-2  cosine 0.996744  max_abs 4.000e2  n 540672
compare-dumps s1_step00_video_block_28     rel_l2 7.691e-2  cosine 0.997197  max_abs 3.680e2  n 540672
compare-dumps s1_step00_video_block_29     rel_l2 6.675e-2  cosine 0.997842  max_abs 3.040e2  n 540672
compare-dumps s1_step00_video_block_30     rel_l2 6.547e-2  cosine 0.997913  max_abs 2.960e2  n 540672
compare-dumps s1_step00_video_block_31     rel_l2 6.491e-2  cosine 0.997929  max_abs 2.400e2  n 540672
compare-dumps s1_step00_video_block_32     rel_l2 6.987e-2  cosine 0.997572  max_abs 2.280e2  n 540672
compare-dumps s1_step00_video_block_33     rel_l2 5.176e-2  cosine 0.998660  max_abs 1.240e2  n 540672
compare-dumps s1_step00_video_block_34     rel_l2 4.369e-2  cosine 0.999045  max_abs 7.200e1  n 540672
compare-dumps s1_step00_video_block_35     rel_l2 4.003e-2  cosine 0.999198  max_abs 4.000e1  n 540672
compare-dumps s1_step00_video_block_36     rel_l2 3.441e-2  cosine 0.999408  max_abs 1.800e1  n 540672
compare-dumps s1_step00_video_block_37     rel_l2 3.854e-2  cosine 0.999257  max_abs 3.000e1  n 540672
compare-dumps s1_step00_video_block_38     rel_l2 4.337e-2  cosine 0.999060  max_abs 1.500e1  n 540672
compare-dumps s1_step00_video_block_39     rel_l2 4.598e-2  cosine 0.998942  max_abs 2.400e1  n 540672
compare-dumps s1_step00_video_block_40     rel_l2 4.953e-2  cosine 0.998774  max_abs 2.000e1  n 540672
compare-dumps s1_step00_video_block_41     rel_l2 5.388e-2  cosine 0.998550  max_abs 4.800e1  n 540672
compare-dumps s1_step00_video_block_42     rel_l2 6.115e-2  cosine 0.998134  max_abs 5.000e1  n 540672
compare-dumps s1_step00_video_block_43     rel_l2 5.797e-2  cosine 0.998323  max_abs 6.000e1  n 540672
compare-dumps s1_step00_video_block_44     rel_l2 5.345e-2  cosine 0.998572  max_abs 2.400e1  n 540672
compare-dumps s1_step00_video_block_45     rel_l2 4.535e-2  cosine 0.998971  max_abs 1.600e1  n 540672
compare-dumps s1_step00_video_block_46     rel_l2 5.015e-2  cosine 0.998743  max_abs 2.400e1  n 540672
compare-dumps s1_step00_video_block_47     rel_l2 1.999e-2  cosine 0.999800  max_abs 4.800e1  n 540672
compare-dumps s1_step00_video_in           rel_l2 1.110e-2  cosine 0.999938  max_abs 2.969e-1  n 540672
compare-dumps s1_video_step01              rel_l2 1.197e-2  cosine 0.999929  max_abs 2.461e-1  n 1081344
compare-dumps s1_video_step02              rel_l2 1.201e-2  cosine 0.999928  max_abs 2.461e-1  n 1081344
compare-dumps s1_video_step03              rel_l2 1.207e-2  cosine 0.999927  max_abs 2.461e-1  n 1081344
compare-dumps s1_video_step04              rel_l2 1.211e-2  cosine 0.999927  max_abs 2.461e-1  n 1081344
compare-dumps s1_video_step05              rel_l2 1.254e-2  cosine 0.999922  max_abs 2.461e-1  n 1081344
compare-dumps s1_video_step06              rel_l2 1.392e-2  cosine 0.999903  max_abs 2.461e-1  n 1081344
compare-dumps s1_video_step07              rel_l2 1.673e-2  cosine 0.999861  max_abs 2.461e-1  n 1081344
compare-dumps s1_video_step08              rel_l2 2.040e-2  cosine 0.999792  max_abs 2.715e-1  n 1081344
compare-dumps s1_video_step00_in           rel_l2 1.192e-2  cosine 0.999929  max_abs 2.461e-1  n 1081344
compare-dumps s1_video_vel_step01          rel_l2 2.773e-2  cosine 0.999615  max_abs 5.859e-1  n 1081344
compare-dumps s1_video_vel_step02          rel_l2 2.931e-2  cosine 0.999571  max_abs 5.645e-1  n 1081344
compare-dumps s1_video_vel_step03          rel_l2 2.895e-2  cosine 0.999581  max_abs 6.562e-1  n 1081344
compare-dumps s1_video_vel_step04          rel_l2 2.699e-2  cosine 0.999636  max_abs 5.049e-1  n 1081344
compare-dumps s1_video_vel_step05          rel_l2 2.658e-2  cosine 0.999647  max_abs 4.844e-1  n 1081344
compare-dumps s1_video_vel_step06          rel_l2 2.535e-2  cosine 0.999679  max_abs 5.391e-1  n 1081344
compare-dumps s1_video_vel_step07          rel_l2 2.704e-2  cosine 0.999634  max_abs 7.235e-1  n 1081344
compare-dumps s1_video_vel_step08          rel_l2 3.363e-2  cosine 0.999435  max_abs 5.833e-1  n 1081344
compare-dumps s1_video_x0_step01           rel_l2 2.193e-2  cosine 0.999760  max_abs 3.359e-1  n 1081344
compare-dumps s1_video_x0_step02           rel_l2 2.431e-2  cosine 0.999705  max_abs 3.721e-1  n 1081344
compare-dumps s1_video_x0_step03           rel_l2 2.261e-2  cosine 0.999745  max_abs 3.750e-1  n 1081344
compare-dumps s1_video_x0_step04           rel_l2 2.078e-2  cosine 0.999785  max_abs 2.793e-1  n 1081344
compare-dumps s1_video_x0_step05           rel_l2 2.081e-2  cosine 0.999784  max_abs 3.594e-1  n 1081344
compare-dumps s1_video_x0_step06           rel_l2 2.004e-2  cosine 0.999800  max_abs 3.516e-1  n 1081344
compare-dumps s1_video_x0_step07           rel_l2 2.035e-2  cosine 0.999793  max_abs 2.578e-1  n 1081344
compare-dumps s1_video_x0_step08           rel_l2 2.040e-2  cosine 0.999792  max_abs 2.715e-1  n 1081344
compare-dumps text_attention_mask: missing in candidate
compare-dumps text_audio_ctx               rel_l2 4.350e-3  cosine 0.999991  max_abs 6.875e-1  n 2097152
compare-dumps text_audio_ctx_real: missing in candidate
compare-dumps text_audio_feats: missing in candidate
compare-dumps text_hidden_0: missing in candidate
compare-dumps text_hidden_1: missing in candidate
compare-dumps text_hidden_2: missing in candidate
compare-dumps text_hidden_5: missing in candidate
compare-dumps text_hidden_6: missing in candidate
compare-dumps text_hidden_7: missing in candidate
compare-dumps text_hidden_12: missing in candidate
compare-dumps text_hidden_24: missing in candidate
compare-dumps text_hidden_36: missing in candidate
compare-dumps text_hidden_47: missing in candidate
compare-dumps text_hidden_48: missing in candidate
compare-dumps text_input_ids: missing in candidate
compare-dumps text_video_ctx               rel_l2 5.739e-3  cosine 0.999984  max_abs 2.250e0  n 4194304
compare-dumps text_video_ctx_real: missing in candidate
compare-dumps text_video_feats: missing in candidate
compare-dumps v2v_audio_latent             rel_l2 9.943e-2  cosine 0.995058  max_abs 1.961e0  n 16128
compare-dumps v2v_audio_wave               rel_l2 7.021e-5  cosine 1.000000  max_abs 3.747e-4  n 444416
compare-dumps v2v_frame0_pixels            rel_l2 3.254e-6  cosine 1.000000  max_abs 3.052e-5  n 1179648
compare-dumps v2v_region: missing in candidate
compare-dumps v2v_video_latent             rel_l2 1.790e-2  cosine 0.999840  max_abs 4.243e-1  n 786432
[PASS] stage compare-dumps → gpucheck-out/compare-dumps.json (0.4s)
