[fastvideo] cuda device=0 sm_100 kernels=Cubin(100) gemm=F32 resident=true sdpa=dense sdpa_chunk=1024 oxide=[] oxide_embedded=0
[INFO] kernels/attn_dc_kernel {"origin":"cubin","rows_per_cta":256,"sm":100}
[fastvideo] sdpa: fused mma B=1 H=1 Sq=1 Sk=1 D=128
[PASS] kernels/attn_dc_1x1x1x1_vs_v2 {"cosine":1.0,"max_abs":0.0,"non_finite":0,"ref_norm":12.0521796449575,"rel_l2":0.0} (limits {"rel_l2":0.004})
[PASS] kernels/attn_dc_1x1x1x1_vs_f32 {"dc":{"cosine":0.9999988866632082,"max_abs":0.0064182281494140625,"non_finite":0,"ref_norm":12.050152045864303,"rel_l2":0.001501785873728601},"v2_rel_l2":0.001501785873728601} (limits {"or_rel_l2_vs_v2_error":1.05,"rel_l2":0.01})
[PASS] kernels/attn_dc_1x1x1x1_bf16out_is_rne_of_f32out {"mismatched":0,"of":128} (limits {"mismatched":0})
[PASS] kernels/attn_dc_1x2x64x64_vs_v2 {"cosine":0.9999999999999906,"max_abs":3.5762786865234375e-7,"non_finite":0,"ref_norm":56.398022038299366,"rel_l2":8.495379544331667e-8} (limits {"rel_l2":0.004})
[PASS] kernels/attn_dc_1x2x64x64_vs_f32 {"dc":{"cosine":0.9999923170424541,"max_abs":0.012812614440917969,"non_finite":0,"ref_norm":56.39247039539452,"rel_l2":0.003921366944965548},"v2_rel_l2":0.003921363118351863} (limits {"or_rel_l2_vs_v2_error":1.05,"rel_l2":0.01})
[PASS] kernels/attn_dc_1x2x64x64_bf16out_is_rne_of_f32out {"mismatched":0,"of":16384} (limits {"mismatched":0})
[PASS] kernels/attn_dc_1x2x70x70_vs_v2 {"cosine":0.9999999690639313,"max_abs":0.0021272897720336914,"non_finite":0,"ref_norm":60.16166183123328,"rel_l2":0.0002487485035904591} (limits {"rel_l2":0.004})
[PASS] kernels/attn_dc_1x2x70x70_vs_f32 {"dc":{"cosine":0.9999925613033648,"max_abs":0.01351708173751831,"non_finite":0,"ref_norm":60.13950626303129,"rel_l2":0.003875193785852481},"v2_rel_l2":0.0038683076297345346} (limits {"or_rel_l2_vs_v2_error":1.05,"rel_l2":0.01})
[PASS] kernels/attn_dc_1x2x70x70_bf16out_is_rne_of_f32out {"mismatched":0,"of":17920} (limits {"mismatched":0})
[PASS] kernels/attn_dc_2x3x257x257_vs_v2 {"cosine":0.9999999286314404,"max_abs":0.0017704367637634277,"non_finite":0,"ref_norm":143.36348390525683,"rel_l2":0.00037781017838755263} (limits {"rel_l2":0.004})
[PASS] kernels/attn_dc_2x3x257x257_vs_f32 {"dc":{"cosine":0.9999899034261002,"max_abs":0.015233099460601807,"non_finite":0,"ref_norm":143.36901953184116,"rel_l2":0.004493746566359736},"v2_rel_l2":0.004488029751254512} (limits {"or_rel_l2_vs_v2_error":1.05,"rel_l2":0.01})
[PASS] kernels/attn_dc_2x3x257x257_bf16out_is_rne_of_f32out {"mismatched":0,"of":197376} (limits {"mismatched":0})
[PASS] kernels/attn_dc_1x4x300x512_vs_v2 {"cosine":0.9999999544078446,"max_abs":0.001136094331741333,"non_finite":0,"ref_norm":107.40206034462561,"rel_l2":0.00030197195320592185} (limits {"rel_l2":0.004})
[PASS] kernels/attn_dc_1x4x300x512_vs_f32 {"dc":{"cosine":0.9999896379058326,"max_abs":0.013835161924362183,"non_finite":0,"ref_norm":107.41644821151384,"rel_l2":0.004554003577906113},"v2_rel_l2":0.004550527758457731} (limits {"or_rel_l2_vs_v2_error":1.05,"rel_l2":0.01})
[PASS] kernels/attn_dc_1x4x300x512_bf16out_is_rne_of_f32out {"mismatched":0,"of":153600} (limits {"mismatched":0})
[PASS] kernels/attn_dc_2x2x1000x333_vs_v2 {"cosine":0.9999999360036872,"max_abs":0.001750349998474121,"non_finite":0,"ref_norm":213.12040011249627,"rel_l2":0.00035776363212710493} (limits {"rel_l2":0.004})
[PASS] kernels/attn_dc_2x2x1000x333_vs_f32 {"dc":{"cosine":0.999989483490835,"max_abs":0.017910242080688477,"non_finite":0,"ref_norm":213.10642396913374,"rel_l2":0.004586821616257378},"v2_rel_l2":0.004583323063108514} (limits {"or_rel_l2_vs_v2_error":1.05,"rel_l2":0.01})
[PASS] kernels/attn_dc_2x2x1000x333_bf16out_is_rne_of_f32out {"mismatched":0,"of":512000} (limits {"mismatched":0})
[PASS] kernels/attn_dc_1x3x130x1_vs_v2 {"cosine":1.0,"max_abs":0.0,"non_finite":0,"ref_norm":210.44887226338602,"rel_l2":0.0} (limits {"rel_l2":0.004})
[PASS] kernels/attn_dc_1x3x130x1_vs_f32 {"dc":{"cosine":0.9999987771224899,"max_abs":0.00748753547668457,"non_finite":0,"ref_norm":210.46247290081646,"rel_l2":0.0015651750711625611},"v2_rel_l2":0.0015651750711625611} (limits {"or_rel_l2_vs_v2_error":1.05,"rel_l2":0.01})
[PASS] kernels/attn_dc_1x3x130x1_bf16out_is_rne_of_f32out {"mismatched":0,"of":49920} (limits {"mismatched":0})
[PASS] kernels/attn_dc_1x2x63x4097_vs_v2 {"cosine":0.9999999768581838,"max_abs":0.000568687915802002,"non_finite":0,"ref_norm":17.907536230142263,"rel_l2":0.00021514117848144636} (limits {"rel_l2":0.004})
[PASS] kernels/attn_dc_1x2x63x4097_vs_f32 {"dc":{"cosine":0.9999847348121539,"max_abs":0.008208714425563812,"non_finite":0,"ref_norm":17.916602396966866,"rel_l2":0.005547033346406839},"v2_rel_l2":0.005533034450369576} (limits {"or_rel_l2_vs_v2_error":1.05,"rel_l2":0.01})
[PASS] kernels/attn_dc_1x2x63x4097_bf16out_is_rne_of_f32out {"mismatched":0,"of":16128} (limits {"mismatched":0})
[PASS] kernels/attn_dc_1x2x129x200_vs_v2 {"cosine":0.9999996845280118,"max_abs":0.000821724534034729,"non_finite":0,"ref_norm":20.46974005486466,"rel_l2":0.0007943601322739888} (limits {"rel_l2":0.004})
[PASS] kernels/attn_dc_1x2x129x200_vs_f32 {"dc":{"cosine":0.9999947758755896,"max_abs":0.0028490424156188965,"non_finite":0,"ref_norm":20.469963327255677,"rel_l2":0.0032323715020750846},"v2_rel_l2":0.0032239607530308505} (limits {"or_rel_l2_vs_v2_error":1.05,"rel_l2":0.01})
[PASS] kernels/attn_dc_1x2x129x200_bf16out_is_rne_of_f32out {"mismatched":0,"of":33024} (limits {"mismatched":0})
[PASS] kernels/attn_dc_1x2x2048x2048_vs_v2 {"cosine":0.9999999802361399,"max_abs":0.0007922053337097168,"non_finite":0,"ref_norm":129.33050560562714,"rel_l2":0.0001988151615113591} (limits {"rel_l2":0.004})
[PASS] kernels/attn_dc_1x2x2048x2048_vs_f32 {"dc":{"cosine":0.9999869175410515,"max_abs":0.015198230743408203,"non_finite":0,"ref_norm":129.3491074411841,"rel_l2":0.005116824132438126},"v2_rel_l2":0.005116009865434159} (limits {"or_rel_l2_vs_v2_error":1.05,"rel_l2":0.01})
[PASS] kernels/attn_dc_1x2x2048x2048_bf16out_is_rne_of_f32out {"mismatched":0,"of":524288} (limits {"mismatched":0})
[PASS] kernels/attn_dc_1x1x513x1000_vs_v2 {"cosine":0.9999999977357199,"max_abs":0.002321958541870117,"non_finite":0,"ref_norm":229.1248482653155,"rel_l2":0.00006731143015894233} (limits {"rel_l2":0.004})
[PASS] kernels/attn_dc_1x1x513x1000_vs_f32 {"dc":{"cosine":0.999950437354065,"max_abs":0.1368601769208908,"non_finite":0,"ref_norm":229.10240858024576,"rel_l2":0.009957160588362476},"v2_rel_l2":0.009957040996429654} (limits {"or_rel_l2_vs_v2_error":1.05,"rel_l2":0.01})
[PASS] kernels/attn_dc_1x1x513x1000_bf16out_is_rne_of_f32out {"mismatched":0,"of":65664} (limits {"mismatched":0})
[INFO] kernels/vsa_dc_kernel {"origin":"cubin","sm":100}
[fastvideo] vsa fine kernel: Tma ring (3 slots) (sm10, 128B swizzle)
[PASS] kernels/vsa_dc_h3_480p_smooth_s0.5_k140_q0_vs_tma2 {"cosine":0.9999999997561098,"max_abs":0.00007500476203858852,"non_finite":0,"ref_norm":403.3437867798731,"rel_l2":0.000022064541681822072} (limits {"rel_l2":0.001})
[PASS] kernels/vsa_dc_h3_480p_smooth_s0.5_k140_q0_vs_f64_masked {"dc":{"cosine":0.9999999949682823,"max_abs":0.00007975101470947266,"non_finite":0,"ref_norm":41.79051396699754,"rel_l2":0.00010090131895043138},"tma2_rel_l2":0.00010053966263561658} (limits {"or_no_worse_than_tma2":1.05,"rel_l2":0.0035})
[INFO] kernels/vsa_dc_h3_480p_smooth_s0.5_k140_q0_union {"tiles":280,"topk":140,"union_over_topk":1.3320408163265294}
[PASS] kernels/vsa_dc_h3_480p_smooth_s0.5_k140_q5_vs_tma2 {"cosine":0.9999999997553589,"max_abs":0.00007500487845391035,"non_finite":0,"ref_norm":399.39363900367255,"rel_l2":0.000022095188629853475} (limits {"rel_l2":0.001})
[PASS] kernels/vsa_dc_h3_480p_smooth_s0.5_k140_q5_vs_f64_masked {"dc":{"cosine":0.9999999951021508,"max_abs":0.00008018547669053078,"non_finite":0,"ref_norm":41.03414364727946,"rel_l2":0.00009969049841775436},"tma2_rel_l2":0.00009967856438706163} (limits {"or_no_worse_than_tma2":1.05,"rel_l2":0.0035})
[PASS] kernels/vsa_dc_h3_480p_smooth_s0.8_k56_q0_vs_tma2 {"cosine":0.9999999995544455,"max_abs":0.0001239180564880371,"non_finite":0,"ref_norm":599.2142701798659,"rel_l2":0.000029832253857720528} (limits {"rel_l2":0.001})
[PASS] kernels/vsa_dc_h3_480p_smooth_s0.8_k56_q0_vs_f64_masked {"dc":{"cosine":0.9999999941720683,"max_abs":0.00011329352855682373,"non_finite":0,"ref_norm":60.23821815176182,"rel_l2":0.00010824807471908805},"tma2_rel_l2":0.00010711662461749997} (limits {"or_no_worse_than_tma2":1.05,"rel_l2":0.0035})
[INFO] kernels/vsa_dc_h3_480p_smooth_s0.8_k56_q0_union {"tiles":280,"topk":56,"union_over_topk":1.559311224489796}
[PASS] kernels/vsa_dc_h3_480p_smooth_s0.8_k56_q5_vs_tma2 {"cosine":0.9999999995492411,"max_abs":0.0001198798418045044,"non_finite":0,"ref_norm":593.1739267263572,"rel_l2":0.00003000584226921685} (limits {"rel_l2":0.001})
[PASS] kernels/vsa_dc_h3_480p_smooth_s0.8_k56_q5_vs_f64_masked {"dc":{"cosine":0.9999999946248957,"max_abs":0.00012710876762866974,"non_finite":0,"ref_norm":60.56328496397745,"rel_l2":0.0001039855259650951},"tma2_rel_l2":0.00010388309141085913} (limits {"or_no_worse_than_tma2":1.05,"rel_l2":0.0035})
[PASS] kernels/vsa_dc_h3_480p_smooth_fused_combine_bitexact {"bf16_gate":0,"f32_gate":0,"no_gate":0} (limits {"mismatched":0})
[PASS] kernels/vsa_dc_h3_480p_smooth_s0.9_k28_q0_vs_tma2 {"cosine":0.9999999990731895,"max_abs":0.00023090839385986328,"non_finite":0,"ref_norm":749.3123319628816,"rel_l2":0.00004303977882001742} (limits {"rel_l2":0.001})
[PASS] kernels/vsa_dc_h3_480p_smooth_s0.9_k28_q0_vs_f64_masked {"dc":{"cosine":0.9999999923016653,"max_abs":0.00017628073692321777,"non_finite":0,"ref_norm":73.36624863740965,"rel_l2":0.00012412202977356578},"tma2_rel_l2":0.00012288389834629593} (limits {"or_no_worse_than_tma2":1.05,"rel_l2":0.0035})
[INFO] kernels/vsa_dc_h3_480p_smooth_s0.9_k28_q0_union {"tiles":280,"topk":28,"union_over_topk":1.676190476190475}
[PASS] kernels/vsa_dc_h3_480p_smooth_s0.9_k28_q5_vs_tma2 {"cosine":0.999999999089152,"max_abs":0.00022077560424804688,"non_finite":0,"ref_norm":741.9130671387761,"rel_l2":0.00004266980832604289} (limits {"rel_l2":0.001})
[PASS] kernels/vsa_dc_h3_480p_smooth_s0.9_k28_q5_vs_f64_masked {"dc":{"cosine":0.9999999931422615,"max_abs":0.00016957521438598633,"non_finite":0,"ref_norm":76.37332873457231,"rel_l2":0.00011717032422332797},"tma2_rel_l2":0.0001176443648563005} (limits {"or_no_worse_than_tma2":1.05,"rel_l2":0.0035})
[PASS] kernels/vsa_dc_h3_480p_prep_bitexact {"bf16":0,"f32_round16_false":0,"f32_round16_true":0} (limits {"mismatched":0})
[PASS] kernels/vsa_dc_h3_480p_noise_s0.5_k140_q0_vs_tma2 {"cosine":0.9999999513262666,"max_abs":0.00017178058624267578,"non_finite":0,"ref_norm":47.333943003327576,"rel_l2":0.0003120035369065042} (limits {"rel_l2":0.001})
[PASS] kernels/vsa_dc_h3_480p_noise_s0.5_k140_q0_vs_f64_masked {"dc":{"cosine":0.9999987654304038,"max_abs":0.00013401731848716736,"non_finite":0,"ref_norm":4.753105087524835,"rel_l2":0.0015713697194712605},"tma2_rel_l2":0.001569709752397543} (limits {"or_no_worse_than_tma2":1.05,"rel_l2":0.0035})
[INFO] kernels/vsa_dc_h3_480p_noise_s0.5_k140_q0_union {"tiles":280,"topk":140,"union_over_topk":1.5023129251700678}
[PASS] kernels/vsa_dc_h3_480p_noise_s0.5_k140_q5_vs_tma2 {"cosine":0.9999999515321145,"max_abs":0.0001717819832265377,"non_finite":0,"ref_norm":46.849506667743555,"rel_l2":0.0003113433926921383} (limits {"rel_l2":0.001})
[PASS] kernels/vsa_dc_h3_480p_noise_s0.5_k140_q5_vs_f64_masked {"dc":{"cosine":0.999998777662384,"max_abs":0.00013716460671275854,"non_finite":0,"ref_norm":4.798438042223714,"rel_l2":0.0015635643321407796},"tma2_rel_l2":0.0015622373678372628} (limits {"or_no_worse_than_tma2":1.05,"rel_l2":0.0035})
[PASS] kernels/vsa_dc_h3_480p_noise_s0.8_k56_q0_vs_tma2 {"cosine":0.9999999034603589,"max_abs":0.00026501715183258057,"non_finite":0,"ref_norm":78.8867681432806,"rel_l2":0.00043940685200291385} (limits {"rel_l2":0.001})
[PASS] kernels/vsa_dc_h3_480p_noise_s0.8_k56_q0_vs_f64_masked {"dc":{"cosine":0.9999988610282093,"max_abs":0.00024148263037204742,"non_finite":0,"ref_norm":8.011119704206903,"rel_l2":0.0015093595883677537},"tma2_rel_l2":0.0015096169776013823} (limits {"or_no_worse_than_tma2":1.05,"rel_l2":0.0035})
[INFO] kernels/vsa_dc_h3_480p_noise_s0.8_k56_q0_union {"tiles":280,"topk":56,"union_over_topk":1.7864370748299334}
[PASS] kernels/vsa_dc_h3_480p_noise_s0.8_k56_q5_vs_tma2 {"cosine":0.999999903286516,"max_abs":0.0002703024074435234,"non_finite":0,"ref_norm":78.0930803966395,"rel_l2":0.0004398022994289185} (limits {"rel_l2":0.001})
[PASS] kernels/vsa_dc_h3_480p_noise_s0.8_k56_q5_vs_f64_masked {"dc":{"cosine":0.9999988454482933,"max_abs":0.00022410601377487183,"non_finite":0,"ref_norm":8.03423987091081,"rel_l2":0.0015196364114456046},"tma2_rel_l2":0.0015198452725115382} (limits {"or_no_worse_than_tma2":1.05,"rel_l2":0.0035})
[PASS] kernels/vsa_dc_h3_480p_noise_fused_combine_bitexact {"bf16_gate":0,"f32_gate":0,"no_gate":0} (limits {"mismatched":0})
[PASS] kernels/vsa_dc_h3_480p_noise_s0.9_k28_q0_vs_tma2 {"cosine":0.9999998378418757,"max_abs":0.0005409196019172668,"non_finite":0,"ref_norm":118.1712138782829,"rel_l2":0.0005694875738243194} (limits {"rel_l2":0.001})
[PASS] kernels/vsa_dc_h3_480p_noise_s0.9_k28_q0_vs_f64_masked {"dc":{"cosine":0.9999989000220054,"max_abs":0.00032686442136764526,"non_finite":0,"ref_norm":11.710653072977015,"rel_l2":0.00148330829696887},"tma2_rel_l2":0.00147981400720902} (limits {"or_no_worse_than_tma2":1.05,"rel_l2":0.0035})
[INFO] kernels/vsa_dc_h3_480p_noise_s0.9_k28_q0_union {"tiles":280,"topk":28,"union_over_topk":1.8722789115646261}
[PASS] kernels/vsa_dc_h3_480p_noise_s0.9_k28_q5_vs_tma2 {"cosine":0.9999998356455975,"max_abs":0.0005408972501754761,"non_finite":0,"ref_norm":116.9673310483802,"rel_l2":0.0005733309296329516} (limits {"rel_l2":0.001})
[PASS] kernels/vsa_dc_h3_480p_noise_s0.9_k28_q5_vs_f64_masked {"dc":{"cosine":0.9999989373929574,"max_abs":0.00038768304511904716,"non_finite":0,"ref_norm":12.151386008074516,"rel_l2":0.0014578118253662255},"tma2_rel_l2":0.0014562887427384673} (limits {"or_no_worse_than_tma2":1.05,"rel_l2":0.0035})
[PASS] kernels/vsa_dc_h3_768p_smooth_s0.8_k132_q0_vs_tma2 {"cosine":0.999999999802506,"max_abs":0.00009453296661376953,"non_finite":0,"ref_norm":666.7304656967638,"rel_l2":0.000019825712680900477} (limits {"rel_l2":0.001})
[PASS] kernels/vsa_dc_h3_768p_smooth_s0.8_k132_q0_vs_f64_masked {"dc":{"cosine":0.9999999971884986,"max_abs":0.00006484240293502808,"non_finite":0,"ref_norm":44.13969080835029,"rel_l2":0.00007594545216772483},"tma2_rel_l2":0.0000759653339973257} (limits {"or_no_worse_than_tma2":1.05,"rel_l2":0.0035})
[INFO] kernels/vsa_dc_h3_768p_smooth_s0.8_k132_q0_union {"tiles":660,"topk":132,"union_over_topk":1.549035812672174}
[PASS] kernels/vsa_dc_h3_768p_smooth_s0.8_k132_q5_vs_tma2 {"cosine":0.9999999998022111,"max_abs":0.00009292364120483398,"non_finite":0,"ref_norm":664.1308009165124,"rel_l2":0.000019839862590472538} (limits {"rel_l2":0.001})
[PASS] kernels/vsa_dc_h3_768p_smooth_s0.8_k132_q5_vs_f64_masked {"dc":{"cosine":0.999999995085077,"max_abs":0.00006902217864990234,"non_finite":0,"ref_norm":42.67485638205527,"rel_l2":0.00009983876780383068},"tma2_rel_l2":0.00009976900159287854} (limits {"or_no_worse_than_tma2":1.05,"rel_l2":0.0035})
[PASS] kernels/vsa_dc_h3_768p_smooth_fused_combine_bitexact {"bf16_gate":0,"f32_gate":0,"no_gate":0} (limits {"mismatched":0})
[PASS] kernels/vsa_dc_h3_768p_smooth_s0.9_k66_q0_vs_tma2 {"cosine":0.9999999996164394,"max_abs":0.00013087689876556396,"non_finite":0,"ref_norm":842.6978424427396,"rel_l2":0.00002766955036627989} (limits {"rel_l2":0.001})
[PASS] kernels/vsa_dc_h3_768p_smooth_s0.9_k66_q0_vs_f64_masked {"dc":{"cosine":0.999999996554801,"max_abs":0.00009422190487384796,"non_finite":0,"ref_norm":54.14620828819876,"rel_l2":0.00008316973108424618},"tma2_rel_l2":0.00008361174006104495} (limits {"or_no_worse_than_tma2":1.05,"rel_l2":0.0035})
[INFO] kernels/vsa_dc_h3_768p_smooth_s0.9_k66_q0_union {"tiles":660,"topk":66,"union_over_topk":1.6603305785123974}
[PASS] kernels/vsa_dc_h3_768p_smooth_s0.9_k66_q5_vs_tma2 {"cosine":0.9999999996149155,"max_abs":0.0001309216022491455,"non_finite":0,"ref_norm":839.3696914124134,"rel_l2":0.000027722029677130863} (limits {"rel_l2":0.001})
[PASS] kernels/vsa_dc_h3_768p_smooth_s0.9_k66_q5_vs_f64_masked {"dc":{"cosine":0.9999999937199772,"max_abs":0.00011809542775154114,"non_finite":0,"ref_norm":53.74978912447141,"rel_l2":0.00011236956301110106},"tma2_rel_l2":0.00011260348311381351} (limits {"or_no_worse_than_tma2":1.05,"rel_l2":0.0035})
[PASS] kernels/vsa_dc_h3_768p_prep_bitexact {"bf16":0,"f32_round16_false":0,"f32_round16_true":0} (limits {"mismatched":0})
[PASS] kernels/vsa_dc_h3_768p_noise_s0.8_k132_q0_vs_tma2 {"cosine":0.9999999504467383,"max_abs":0.00019829650409519672,"non_finite":0,"ref_norm":77.08036495651261,"rel_l2":0.00031480862400006643} (limits {"rel_l2":0.001})
[PASS] kernels/vsa_dc_h3_768p_noise_s0.8_k132_q0_vs_f64_masked {"dc":{"cosine":0.9999989830837875,"max_abs":0.00013520754873752594,"non_finite":0,"ref_norm":4.509132482259664,"rel_l2":0.0014262439137015112},"tma2_rel_l2":0.0014261920080073085} (limits {"or_no_worse_than_tma2":1.05,"rel_l2":0.0035})
[INFO] kernels/vsa_dc_h3_768p_noise_s0.8_k132_q0_union {"tiles":660,"topk":132,"union_over_topk":1.7859580655035066}
[PASS] kernels/vsa_dc_h3_768p_noise_s0.8_k132_q5_vs_tma2 {"cosine":0.9999999505707861,"max_abs":0.00019829673692584038,"non_finite":0,"ref_norm":76.76736023245135,"rel_l2":0.00031441516541190647} (limits {"rel_l2":0.001})
[PASS] kernels/vsa_dc_h3_768p_noise_s0.8_k132_q5_vs_f64_masked {"dc":{"cosine":0.9999987594993689,"max_abs":0.00015366822481155396,"non_finite":0,"ref_norm":5.116291487517349,"rel_l2":0.0015751341618521772},"tma2_rel_l2":0.0015737779175103955} (limits {"or_no_worse_than_tma2":1.05,"rel_l2":0.0035})
[PASS] kernels/vsa_dc_h3_768p_noise_fused_combine_bitexact {"bf16_gate":0,"f32_gate":0,"no_gate":0} (limits {"mismatched":0})
[PASS] kernels/vsa_dc_h3_768p_noise_s0.9_k66_q0_vs_tma2 {"cosine":0.999999906447752,"max_abs":0.00032760947942733765,"non_finite":0,"ref_norm":114.20607504968315,"rel_l2":0.00043255415960250236} (limits {"rel_l2":0.001})
[PASS] kernels/vsa_dc_h3_768p_noise_s0.9_k66_q0_vs_f64_masked {"dc":{"cosine":0.9999990105137868,"max_abs":0.00020171422511339188,"non_finite":0,"ref_norm":6.61018517141553,"rel_l2":0.0014067598320547572},"tma2_rel_l2":0.00140226817416622} (limits {"or_no_worse_than_tma2":1.05,"rel_l2":0.0035})
[INFO] kernels/vsa_dc_h3_768p_noise_s0.9_k66_q0_union {"tiles":660,"topk":66,"union_over_topk":1.8666972757881897}
[PASS] kernels/vsa_dc_h3_768p_noise_s0.9_k66_q5_vs_tma2 {"cosine":0.9999999067000233,"max_abs":0.0003095492720603943,"non_finite":0,"ref_norm":113.73896775365404,"rel_l2":0.00043197065453350384} (limits {"rel_l2":0.001})
[PASS] kernels/vsa_dc_h3_768p_noise_s0.9_k66_q5_vs_f64_masked {"dc":{"cosine":0.9999988264480656,"max_abs":0.00021301349624991417,"non_finite":0,"ref_norm":7.623098211950489,"rel_l2":0.0015320635479755982},"tma2_rel_l2":0.0015307759324465163} (limits {"or_no_worse_than_tma2":1.05,"rel_l2":0.0035})
[PASS] kernels/vsa_dc_h3_1080p_smooth_s0.8_k270_q0_vs_tma2 {"cosine":0.9999999998788446,"max_abs":0.00005823373794555664,"non_finite":0,"ref_norm":554.6052426169142,"rel_l2":0.000015493982621391127} (limits {"rel_l2":0.001})
[PASS] kernels/vsa_dc_h3_1080p_smooth_s0.8_k270_q0_vs_f64_masked {"dc":{"cosine":0.9999999964930764,"max_abs":0.00005862116813659668,"non_finite":0,"ref_norm":30.40150701370406,"rel_l2":0.0000860012230453353},"tma2_rel_l2":0.00008597225464039618} (limits {"or_no_worse_than_tma2":1.05,"rel_l2":0.0035})
[INFO] kernels/vsa_dc_h3_1080p_smooth_s0.8_k270_q0_union {"tiles":1350,"topk":270,"union_over_topk":1.5844389574759945}
[PASS] kernels/vsa_dc_h3_1080p_smooth_s0.8_k270_q5_vs_tma2 {"cosine":0.9999999998793077,"max_abs":0.00005768239498138428,"non_finite":0,"ref_norm":553.514541201412,"rel_l2":0.000015475262662140546} (limits {"rel_l2":0.001})
[PASS] kernels/vsa_dc_h3_1080p_smooth_s0.8_k270_q5_vs_f64_masked {"dc":{"cosine":0.9999999961048607,"max_abs":0.00005835294723510742,"non_finite":0,"ref_norm":32.872460619833355,"rel_l2":0.00009051696769778623},"tma2_rel_l2":0.00009060079379134333} (limits {"or_no_worse_than_tma2":1.05,"rel_l2":0.0035})
[PASS] kernels/vsa_dc_h3_1080p_smooth_fused_combine_bitexact {"bf16_gate":0,"f32_gate":0,"no_gate":0} (limits {"mismatched":0})
[PASS] kernels/vsa_dc_h3_1080p_smooth_s0.9_k135_q0_vs_tma2 {"cosine":0.9999999997693345,"max_abs":0.00008912384510040283,"non_finite":0,"ref_norm":708.7091939581336,"rel_l2":0.000021440815930847627} (limits {"rel_l2":0.001})
[PASS] kernels/vsa_dc_h3_1080p_smooth_s0.9_k135_q0_vs_f64_masked {"dc":{"cosine":0.9999999960961854,"max_abs":0.00007444620132446289,"non_finite":0,"ref_norm":39.62186460789682,"rel_l2":0.00008900327295086617},"tma2_rel_l2":0.0000889784831211871} (limits {"or_no_worse_than_tma2":1.05,"rel_l2":0.0035})
[INFO] kernels/vsa_dc_h3_1080p_smooth_s0.9_k135_q0_union {"tiles":1350,"topk":135,"union_over_topk":1.6963127572016496}
[PASS] kernels/vsa_dc_h3_1080p_smooth_s0.9_k135_q5_vs_tma2 {"cosine":0.9999999997711315,"max_abs":0.00008760392665863037,"non_finite":0,"ref_norm":707.3297546191882,"rel_l2":0.00002135320240315373} (limits {"rel_l2":0.001})
[PASS] kernels/vsa_dc_h3_1080p_smooth_s0.9_k135_q5_vs_f64_masked {"dc":{"cosine":0.9999999952490917,"max_abs":0.00007596611976623535,"non_finite":0,"ref_norm":41.63607370477743,"rel_l2":0.00009798475899128878},"tma2_rel_l2":0.00009826012810145903} (limits {"or_no_worse_than_tma2":1.05,"rel_l2":0.0035})
[PASS] kernels/vsa_dc_h3_1080p_prep_bitexact {"bf16":0,"f32_round16_false":0,"f32_round16_true":0} (limits {"mismatched":0})
[PASS] kernels/vsa_dc_h3_1080p_noise_s0.8_k270_q0_vs_tma2 {"cosine":0.9999999731226497,"max_abs":0.00011255667777732015,"non_finite":0,"ref_norm":63.0164869936201,"rel_l2":0.00023184643150942353} (limits {"rel_l2":0.001})
[PASS] kernels/vsa_dc_h3_1080p_noise_s0.8_k270_q0_vs_f64_masked {"dc":{"cosine":0.9999988758255486,"max_abs":0.00009786337614059448,"non_finite":0,"ref_norm":3.2384383335266516,"rel_l2":0.0014994744584742935},"tma2_rel_l2":0.0015001136230857754} (limits {"or_no_worse_than_tma2":1.05,"rel_l2":0.0035})
[INFO] kernels/vsa_dc_h3_1080p_noise_s0.8_k270_q0_union {"tiles":1350,"topk":270,"union_over_topk":1.7850342935528118}
[PASS] kernels/vsa_dc_h3_1080p_noise_s0.8_k270_q5_vs_tma2 {"cosine":0.9999999732395496,"max_abs":0.00011444167466834188,"non_finite":0,"ref_norm":62.892375982489966,"rel_l2":0.00023134238954915232} (limits {"rel_l2":0.001})
[PASS] kernels/vsa_dc_h3_1080p_noise_s0.8_k270_q5_vs_f64_masked {"dc":{"cosine":0.9999987708449133,"max_abs":0.00009294785559177399,"non_finite":0,"ref_norm":3.4915521393209947,"rel_l2":0.00156805752594273},"tma2_rel_l2":0.001567039170906568} (limits {"or_no_worse_than_tma2":1.05,"rel_l2":0.0035})
[PASS] kernels/vsa_dc_h3_1080p_noise_fused_combine_bitexact {"bf16_gate":0,"f32_gate":0,"no_gate":0} (limits {"mismatched":0})
[PASS] kernels/vsa_dc_h3_1080p_noise_s0.9_k135_q0_vs_tma2 {"cosine":0.9999999490002508,"max_abs":0.0001982562243938446,"non_finite":0,"ref_norm":93.67830725613956,"rel_l2":0.00031937047990515324} (limits {"rel_l2":0.001})
[PASS] kernels/vsa_dc_h3_1080p_noise_s0.9_k135_q0_vs_f64_masked {"dc":{"cosine":0.9999989187668804,"max_abs":0.00015813112258911133,"non_finite":0,"ref_norm":4.880078217337528,"rel_l2":0.0014705350714738737},"tma2_rel_l2":0.0014684298543110783} (limits {"or_no_worse_than_tma2":1.05,"rel_l2":0.0035})
[INFO] kernels/vsa_dc_h3_1080p_noise_s0.9_k135_q0_union {"tiles":1350,"topk":135,"union_over_topk":1.8686200274348408}
[PASS] kernels/vsa_dc_h3_1080p_noise_s0.9_k135_q5_vs_tma2 {"cosine":0.9999999491710658,"max_abs":0.00020096451044082642,"non_finite":0,"ref_norm":93.49103456657875,"rel_l2":0.00031883499021870455} (limits {"rel_l2":0.001})
[PASS] kernels/vsa_dc_h3_1080p_noise_s0.9_k135_q5_vs_f64_masked {"dc":{"cosine":0.9999987943580042,"max_abs":0.0001427109818905592,"non_finite":0,"ref_norm":5.117022399496894,"rel_l2":0.0015528570863432292},"tma2_rel_l2":0.001553071648606183} (limits {"or_no_worse_than_tma2":1.05,"rel_l2":0.0035})
[INFO] kernels/vsa_dc_bench_h3_480p {"prep_fused_ms":0.9823580000000001,"prep_old_ms":2.765777,"sparsity0.8":{"combine_ms":0.745956,"dc_fused_combine_ms":5.882203,"dc_tflops":357.69480546805926,"fine_dc_ms":5.148152,"fine_speedup":1.3843505397665028,"fine_tma2_ms":7.126847000000001,"new_prep_fine_combine_ms":6.864561,"old_prep_fine_combine_ms":10.638580000000001,"stage_speedup":1.549783008702232,"tma2_tflops":258.38456026346574,"topk":56,"union_over_topk":1.5554846938775515},"sparsity0.9":{"combine_ms":1.147999,"dc_fused_combine_ms":3.9734469999999997,"dc_tflops":280.8717701322218,"fine_dc_ms":3.278128,"fine_speedup":1.1804633620163705,"fine_tma2_ms":3.86971,"new_prep_fine_combine_ms":4.955805,"old_prep_fine_combine_ms":7.783486000000001,"stage_speedup":1.5705795526660151,"tma2_tflops":237.93349219450553,"topk":28,"union_over_topk":1.6806122448979581},"tiles":280,"tokens":14430}
[INFO] kernels/vsa_dc_bench_h3_768p {"prep_fused_ms":1.493665,"prep_old_ms":5.874764,"sparsity0.8":{"combine_ms":2.217878,"dc_fused_combine_ms":26.560289,"dc_tflops":415.0261742788134,"fine_dc_ms":24.652463,"fine_speedup":1.4705284822859281,"fine_tma2_ms":36.252148999999996,"new_prep_fine_combine_ms":28.053953999999997,"old_prep_fine_combine_ms":44.344790999999994,"stage_speedup":1.5806966461839924,"tma2_tflops":282.22926606199263,"topk":132,"union_over_topk":1.5634756657483928},"sparsity0.9":{"combine_ms":2.231867,"dc_fused_combine_ms":15.678607000000001,"dc_tflops":365.8208546150435,"fine_dc_ms":13.984191,"fine_speedup":1.3256253436469798,"fine_tma2_ms":18.537798000000002,"new_prep_fine_combine_ms":17.172272000000003,"old_prep_fine_combine_ms":26.644429000000002,"stage_speedup":1.551596026431447,"tma2_tflops":275.9609691895445,"topk":66,"union_over_topk":1.67943067033976},"tiles":660,"tokens":37296}
[INFO] kernels/vsa_dc_bench_h3_1080p {"prep_fused_ms":2.489722,"prep_old_ms":11.398251,"sparsity0.8":{"combine_ms":4.16606,"dc_fused_combine_ms":101.345265,"dc_tflops":437.272729765179,"fine_dc_ms":97.895578,"fine_speedup":1.5241756578627077,"fine_tma2_ms":149.210057,"new_prep_fine_combine_ms":103.834987,"old_prep_fine_combine_ms":164.774368,"stage_speedup":1.5868867783457228,"tma2_tflops":286.8912959667323,"topk":270,"union_over_topk":1.5491796982167336},"sparsity0.9":{"combine_ms":4.261679,"dc_fused_combine_ms":57.488523,"dc_tflops":395.6726786846144,"fine_dc_ms":54.094038999999995,"fine_speedup":1.3926574608340858,"fine_tma2_ms":75.334467,"new_prep_fine_combine_ms":59.978245,"old_prep_fine_combine_ms":90.994397,"stage_speedup":1.5171233669808113,"tma2_tflops":284.1134233019794,"topk":135,"union_over_topk":1.6603676268861427},"tiles":1350,"tokens":75480}
[PASS] stage kernels → /e2e/k2/kernels.json (125.7s)

[13:32:15] rc=0 secs=0.01
