compare-dumps audio_sigmas                 rel_l2 0.000e0  cosine 1.000000  max_abs 0.000e0  n 5
compare-dumps audio_step01                 rel_l2 1.418e-3  cosine 0.999999  max_abs 6.770e-3  n 13248
compare-dumps audio_step02                 rel_l2 4.388e-3  cosine 0.999990  max_abs 2.591e-2  n 13248
compare-dumps audio_step03                 rel_l2 8.865e-3  cosine 0.999961  max_abs 7.581e-2  n 13248
compare-dumps audio_step04                 rel_l2 3.162e-2  cosine 0.999507  max_abs 6.686e-2  n 13248
compare-dumps audio_step00_in              rel_l2 0.000e0  cosine 1.000000  max_abs 0.000e0  n 13248
compare-dumps audio_timesteps              rel_l2 0.000e0  cosine 1.000000  max_abs 0.000e0  n 4
compare-dumps audio_vel_step01             rel_l2 1.196e-2  cosine 0.999929  max_abs 6.770e-2  n 13248
compare-dumps audio_vel_step02             rel_l2 2.132e-2  cosine 0.999774  max_abs 1.780e-1  n 13248
compare-dumps audio_vel_step03             rel_l2 1.501e-2  cosine 0.999887  max_abs 2.589e-1  n 13248
compare-dumps audio_vel_step04             rel_l2 1.383e-2  cosine 0.999905  max_abs 1.281e-1  n 13248
compare-dumps rope_cos                     rel_l2 1.009e-3  cosine 0.999999  max_abs 1.953e-3  n 77952
compare-dumps rope_sin                     rel_l2 1.363e-3  cosine 0.999999  max_abs 1.953e-3  n 77952
compare-dumps step00_b0_adaln              rel_l2 1.121e-4  cosine 1.000000  max_abs 3.906e-3  n 26191872
compare-dumps step00_b0_attn_in            rel_l2 4.758e-3  cosine 0.999989  max_abs 9.375e-2  n 4365312
compare-dumps step00_b0_attn_out           rel_l2 3.657e-3  cosine 0.999993  max_abs 4.000e0  n 4365312
compare-dumps step00_b0_ffn_in             rel_l2 5.734e-3  cosine 0.999984  max_abs 4.688e-2  n 4365312
compare-dumps step00_b0_ffn_out            rel_l2 3.895e-3  cosine 0.999993  max_abs 3.200e1  n 4365312
compare-dumps step00_b0_resid_msa          rel_l2 4.281e-3  cosine 0.999991  max_abs 4.000e0  n 4365312
compare-dumps step00_b1_adaln              rel_l2 1.601e-4  cosine 1.000000  max_abs 7.812e-3  n 26191872
compare-dumps step00_b1_attn_in            rel_l2 5.688e-3  cosine 0.999984  max_abs 1.875e-1  n 4365312
compare-dumps step00_b1_attn_out           rel_l2 1.510e-2  cosine 0.999886  max_abs 1.200e1  n 4365312
compare-dumps step00_b1_ffn_in             rel_l2 5.570e-3  cosine 0.999984  max_abs 4.688e-2  n 4365312
compare-dumps step00_b1_ffn_out            rel_l2 4.596e-3  cosine 0.999989  max_abs 6.400e1  n 4365312
compare-dumps step00_b1_resid_msa          rel_l2 7.003e-3  cosine 0.999975  max_abs 3.200e1  n 4365312
compare-dumps step00_b24_adaln             rel_l2 9.662e-5  cosine 1.000000  max_abs 7.812e-3  n 26191872
compare-dumps step00_b24_attn_in           rel_l2 1.786e-2  cosine 0.999841  max_abs 6.875e-1  n 4365312
compare-dumps step00_b24_attn_out          rel_l2 1.957e-2  cosine 0.999809  max_abs 7.200e1  n 4365312
compare-dumps step00_b24_ffn_in            rel_l2 1.829e-2  cosine 0.999833  max_abs 2.500e-1  n 4365312
compare-dumps step00_b24_ffn_out           rel_l2 3.001e-2  cosine 0.999550  max_abs 1.360e2  n 4365312
compare-dumps step00_b24_resid_msa         rel_l2 7.398e-3  cosine 0.999973  max_abs 2.560e3  n 4365312
compare-dumps step00_b47_adaln             rel_l2 1.216e-4  cosine 1.000000  max_abs 3.125e-2  n 26191872
compare-dumps step00_b47_attn_in           rel_l2 1.289e-1  cosine 0.991691  max_abs 1.588e1  n 4365312
compare-dumps step00_b47_attn_out          rel_l2 9.340e-2  cosine 0.995638  max_abs 1.728e3  n 4365312
compare-dumps step00_b47_ffn_in            rel_l2 1.176e-1  cosine 0.993093  max_abs 3.492e0  n 4365312
compare-dumps step00_b47_ffn_out           rel_l2 1.441e-1  cosine 0.989629  max_abs 5.816e3  n 4365312
compare-dumps step00_b47_resid_msa         rel_l2 8.379e-2  cosine 0.996495  max_abs 1.638e4  n 4365312
compare-dumps step00_block_0               rel_l2 1.528e-3  cosine 0.999999  max_abs 1.600e1  n 4365312
compare-dumps step00_block_1               rel_l2 4.613e-3  cosine 0.999989  max_abs 1.280e2  n 4365312
compare-dumps step00_block_2               rel_l2 4.862e-3  cosine 0.999988  max_abs 1.280e2  n 4365312
compare-dumps step00_block_3               rel_l2 5.038e-3  cosine 0.999987  max_abs 1.280e2  n 4365312
compare-dumps step00_block_4               rel_l2 4.996e-3  cosine 0.999988  max_abs 1.920e2  n 4365312
compare-dumps step00_block_5               rel_l2 5.035e-3  cosine 0.999987  max_abs 2.560e2  n 4365312
compare-dumps step00_block_6               rel_l2 5.010e-3  cosine 0.999987  max_abs 2.560e2  n 4365312
compare-dumps step00_block_7               rel_l2 5.665e-3  cosine 0.999986  max_abs 2.048e3  n 4365312
compare-dumps step00_block_8               rel_l2 5.713e-3  cosine 0.999985  max_abs 2.048e3  n 4365312
compare-dumps step00_block_9               rel_l2 5.661e-3  cosine 0.999986  max_abs 2.048e3  n 4365312
compare-dumps step00_block_10              rel_l2 5.682e-3  cosine 0.999985  max_abs 2.048e3  n 4365312
compare-dumps step00_block_11              rel_l2 5.469e-3  cosine 0.999987  max_abs 2.048e3  n 4365312
compare-dumps step00_block_12              rel_l2 5.562e-3  cosine 0.999986  max_abs 2.048e3  n 4365312
compare-dumps step00_block_13              rel_l2 4.226e-3  cosine 0.999991  max_abs 3.840e2  n 4365312
compare-dumps step00_block_14              rel_l2 4.342e-3  cosine 0.999991  max_abs 3.840e2  n 4365312
compare-dumps step00_block_15              rel_l2 4.466e-3  cosine 0.999990  max_abs 3.840e2  n 4365312
compare-dumps step00_block_16              rel_l2 4.617e-3  cosine 0.999989  max_abs 3.840e2  n 4365312
compare-dumps step00_block_17              rel_l2 4.856e-3  cosine 0.999988  max_abs 3.840e2  n 4365312
compare-dumps step00_block_18              rel_l2 6.218e-3  cosine 0.999981  max_abs 2.560e3  n 4365312
compare-dumps step00_block_19              rel_l2 6.403e-3  cosine 0.999980  max_abs 2.560e3  n 4365312
compare-dumps step00_block_20              rel_l2 6.449e-3  cosine 0.999979  max_abs 2.560e3  n 4365312
compare-dumps step00_block_21              rel_l2 6.774e-3  cosine 0.999977  max_abs 2.560e3  n 4365312
compare-dumps step00_block_22              rel_l2 7.761e-3  cosine 0.999970  max_abs 2.560e3  n 4365312
compare-dumps step00_block_23              rel_l2 7.619e-3  cosine 0.999971  max_abs 2.560e3  n 4365312
compare-dumps step00_block_24              rel_l2 8.257e-3  cosine 0.999966  max_abs 2.560e3  n 4365312
compare-dumps step00_block_25              rel_l2 9.171e-3  cosine 0.999958  max_abs 2.560e3  n 4365312
compare-dumps step00_block_26              rel_l2 1.006e-2  cosine 0.999949  max_abs 2.048e3  n 4365312
compare-dumps step00_block_27              rel_l2 1.157e-2  cosine 0.999933  max_abs 4.096e3  n 4365312
compare-dumps step00_block_28              rel_l2 1.396e-2  cosine 0.999903  max_abs 4.096e3  n 4365312
compare-dumps step00_block_29              rel_l2 1.647e-2  cosine 0.999864  max_abs 4.096e3  n 4365312
compare-dumps step00_block_30              rel_l2 1.929e-2  cosine 0.999814  max_abs 4.096e3  n 4365312
compare-dumps step00_block_31              rel_l2 2.600e-2  cosine 0.999662  max_abs 4.096e3  n 4365312
compare-dumps step00_block_32              rel_l2 3.374e-2  cosine 0.999431  max_abs 4.096e3  n 4365312
compare-dumps step00_block_33              rel_l2 3.963e-2  cosine 0.999216  max_abs 5.632e3  n 4365312
compare-dumps step00_block_34              rel_l2 4.549e-2  cosine 0.998966  max_abs 4.096e3  n 4365312
compare-dumps step00_block_35              rel_l2 4.832e-2  cosine 0.998832  max_abs 4.352e3  n 4365312
compare-dumps step00_block_36              rel_l2 4.126e-2  cosine 0.999150  max_abs 1.638e4  n 4365312
compare-dumps step00_block_37              rel_l2 4.637e-2  cosine 0.998926  max_abs 1.638e4  n 4365312
compare-dumps step00_block_38              rel_l2 5.593e-2  cosine 0.998436  max_abs 1.638e4  n 4365312
compare-dumps step00_block_39              rel_l2 5.894e-2  cosine 0.998264  max_abs 1.638e4  n 4365312
compare-dumps step00_block_40              rel_l2 6.871e-2  cosine 0.997641  max_abs 1.638e4  n 4365312
compare-dumps step00_block_41              rel_l2 7.914e-2  cosine 0.996870  max_abs 1.690e4  n 4365312
compare-dumps step00_block_42              rel_l2 8.357e-2  cosine 0.996508  max_abs 1.638e4  n 4365312
compare-dumps step00_block_43              rel_l2 9.539e-2  cosine 0.995462  max_abs 1.690e4  n 4365312
compare-dumps step00_block_44              rel_l2 9.610e-2  cosine 0.995393  max_abs 1.638e4  n 4365312
compare-dumps step00_block_45              rel_l2 9.163e-2  cosine 0.995811  max_abs 1.792e4  n 4365312
compare-dumps step00_block_46              rel_l2 8.659e-2  cosine 0.996258  max_abs 1.638e4  n 4365312
compare-dumps step00_block_47              rel_l2 8.471e-2  cosine 0.996418  max_abs 1.792e4  n 4365312
compare-dumps step00_block_48              rel_l2 7.743e-2  cosine 0.997006  max_abs 3.226e4  n 4365312
compare-dumps step00_block_49              rel_l2 6.301e-2  cosine 0.998016  max_abs 3.379e4  n 4365312
compare-dumps step00_packed_in             rel_l2 4.279e-3  cosine 0.999991  max_abs 6.875e-1  n 4365312
compare-dumps text_hidden                  rel_l2 9.346e-1  cosine 0.363272  max_abs 2.354e4  n 36628480
compare-dumps text_refined                 rel_l2 7.956e-3  cosine 0.999968  max_abs 1.375e0  n 38459904
compare-dumps video_sigmas                 rel_l2 0.000e0  cosine 1.000000  max_abs 0.000e0  n 5
compare-dumps video_step01                 rel_l2 1.806e-3  cosine 0.999998  max_abs 1.832e-2  n 3580416
compare-dumps video_step02                 rel_l2 3.542e-3  cosine 0.999994  max_abs 3.082e-2  n 3580416
compare-dumps video_step03                 rel_l2 9.087e-3  cosine 0.999959  max_abs 1.043e-1  n 3580416
compare-dumps video_step04                 rel_l2 3.929e-2  cosine 0.999228  max_abs 1.346e0  n 3580416
compare-dumps video_step00_in              rel_l2 inf  cosine 0.000000  max_abs inf  n 4262400
compare-dumps video_timesteps              rel_l2 0.000e0  cosine 1.000000  max_abs 0.000e0  n 4
compare-dumps video_vel_step01             rel_l2 2.691e-2  cosine 0.999638  max_abs 6.780e-1  n 3580416
compare-dumps video_vel_step02             rel_l2 2.424e-2  cosine 0.999707  max_abs 5.977e-1  n 3580416
compare-dumps video_vel_step03             rel_l2 2.572e-2  cosine 0.999669  max_abs 8.232e-1  n 3580416
compare-dumps video_vel_step04             rel_l2 3.391e-2  cosine 0.999425  max_abs 1.614e0  n 3580416
[PASS] stage compare-dumps → gpucheck-out/compare-dumps.json (3.5s)
