[fastvideo] cuda device=0 sm_90 kernels=Cubin(90) gemm=F32 resident=true sdpa=dense sdpa_chunk=1024 oxide=[] oxide_embedded=0
[INFO] kernels/attn_dc_kernel {"origin":"cubin","rows_per_cta":128,"sm":90}
[fastvideo] sdpa: fused mma B=1 H=1 Sq=1 Sk=1 D=128
[PASS] kernels/attn_dc_1x1x1x1_vs_v2 {"cosine":1.0,"max_abs":0.0,"non_finite":0,"ref_norm":12.0521796449575,"rel_l2":0.0} (limits {"rel_l2":0.004})
[PASS] kernels/attn_dc_1x1x1x1_vs_f32 {"dc":{"cosine":0.9999988866632082,"max_abs":0.0064182281494140625,"non_finite":0,"ref_norm":12.050152045864303,"rel_l2":0.001501785873728601},"v2_rel_l2":0.001501785873728601} (limits {"or_rel_l2_vs_v2_error":1.05,"rel_l2":0.01})
[PASS] kernels/attn_dc_1x1x1x1_bf16out_is_rne_of_f32out {"mismatched":0,"of":128} (limits {"mismatched":0})
[PASS] kernels/attn_dc_1x2x64x64_vs_v2 {"cosine":1.0,"max_abs":0.0,"non_finite":0,"ref_norm":56.398022038299366,"rel_l2":0.0} (limits {"rel_l2":0.004})
[PASS] kernels/attn_dc_1x2x64x64_vs_f32 {"dc":{"cosine":0.9999923170578527,"max_abs":0.012812614440917969,"non_finite":0,"ref_norm":56.39247039539452,"rel_l2":0.003921363118351863},"v2_rel_l2":0.003921363118351863} (limits {"or_rel_l2_vs_v2_error":1.05,"rel_l2":0.01})
[PASS] kernels/attn_dc_1x2x64x64_bf16out_is_rne_of_f32out {"mismatched":0,"of":16384} (limits {"mismatched":0})
[PASS] kernels/attn_dc_1x2x70x70_vs_v2 {"cosine":0.9999999690636986,"max_abs":0.0021272972226142883,"non_finite":0,"ref_norm":60.16166183123328,"rel_l2":0.0002487494998992504} (limits {"rel_l2":0.004})
[PASS] kernels/attn_dc_1x2x70x70_vs_f32 {"dc":{"cosine":0.9999925613039562,"max_abs":0.013517260551452637,"non_finite":0,"ref_norm":60.13950626303129,"rel_l2":0.0038751933310802503},"v2_rel_l2":0.0038683076297345346} (limits {"or_rel_l2_vs_v2_error":1.05,"rel_l2":0.01})
[PASS] kernels/attn_dc_1x2x70x70_bf16out_is_rne_of_f32out {"mismatched":0,"of":17920} (limits {"mismatched":0})
[PASS] kernels/attn_dc_2x3x257x257_vs_v2 {"cosine":0.9999999286315016,"max_abs":0.0017703771591186523,"non_finite":0,"ref_norm":143.36348390525683,"rel_l2":0.00037781004499558583} (limits {"rel_l2":0.004})
[PASS] kernels/attn_dc_2x3x257x257_vs_f32 {"dc":{"cosine":0.9999899034554433,"max_abs":0.015233099460601807,"non_finite":0,"ref_norm":143.36901953184116,"rel_l2":0.004493740024847551},"v2_rel_l2":0.004488029751254512} (limits {"or_rel_l2_vs_v2_error":1.05,"rel_l2":0.01})
[PASS] kernels/attn_dc_2x3x257x257_bf16out_is_rne_of_f32out {"mismatched":0,"of":197376} (limits {"mismatched":0})
[PASS] kernels/attn_dc_1x4x300x512_vs_v2 {"cosine":0.9999999544075449,"max_abs":0.0011360645294189453,"non_finite":0,"ref_norm":107.40206034462561,"rel_l2":0.00030197294113234834} (limits {"rel_l2":0.004})
[PASS] kernels/attn_dc_1x4x300x512_vs_f32 {"dc":{"cosine":0.9999896378911405,"max_abs":0.013835161924362183,"non_finite":0,"ref_norm":107.41644821151384,"rel_l2":0.0045540066491165515},"v2_rel_l2":0.004550527758457731} (limits {"or_rel_l2_vs_v2_error":1.05,"rel_l2":0.01})
[PASS] kernels/attn_dc_1x4x300x512_bf16out_is_rne_of_f32out {"mismatched":0,"of":153600} (limits {"mismatched":0})
[PASS] kernels/attn_dc_2x2x1000x333_vs_v2 {"cosine":0.9999999360037432,"max_abs":0.0017502307891845703,"non_finite":0,"ref_norm":213.12040011249627,"rel_l2":0.0003577635454890797} (limits {"rel_l2":0.004})
[PASS] kernels/attn_dc_2x2x1000x333_vs_f32 {"dc":{"cosine":0.9999894834956713,"max_abs":0.017910122871398926,"non_finite":0,"ref_norm":213.10642396913374,"rel_l2":0.004586820589706214},"v2_rel_l2":0.004583323063108514} (limits {"or_rel_l2_vs_v2_error":1.05,"rel_l2":0.01})
[PASS] kernels/attn_dc_2x2x1000x333_bf16out_is_rne_of_f32out {"mismatched":0,"of":512000} (limits {"mismatched":0})
[PASS] kernels/attn_dc_1x3x130x1_vs_v2 {"cosine":1.0,"max_abs":0.0,"non_finite":0,"ref_norm":210.44887226338602,"rel_l2":0.0} (limits {"rel_l2":0.004})
[PASS] kernels/attn_dc_1x3x130x1_vs_f32 {"dc":{"cosine":0.9999987771224899,"max_abs":0.00748753547668457,"non_finite":0,"ref_norm":210.46247290081646,"rel_l2":0.0015651750711625611},"v2_rel_l2":0.0015651750711625611} (limits {"or_rel_l2_vs_v2_error":1.05,"rel_l2":0.01})
[PASS] kernels/attn_dc_1x3x130x1_bf16out_is_rne_of_f32out {"mismatched":0,"of":49920} (limits {"mismatched":0})
[PASS] kernels/attn_dc_1x2x63x4097_vs_v2 {"cosine":0.9999999768580877,"max_abs":0.000568687915802002,"non_finite":0,"ref_norm":17.907536230142263,"rel_l2":0.00021514169642548834} (limits {"rel_l2":0.004})
[PASS] kernels/attn_dc_1x2x63x4097_vs_f32 {"dc":{"cosine":0.9999847348453749,"max_abs":0.008208699524402618,"non_finite":0,"ref_norm":17.916602396966866,"rel_l2":0.005547026512975028},"v2_rel_l2":0.005533034450369576} (limits {"or_rel_l2_vs_v2_error":1.05,"rel_l2":0.01})
[PASS] kernels/attn_dc_1x2x63x4097_bf16out_is_rne_of_f32out {"mismatched":0,"of":16128} (limits {"mismatched":0})
[PASS] kernels/attn_dc_1x2x129x200_vs_v2 {"cosine":0.9999996845277128,"max_abs":0.000821724534034729,"non_finite":0,"ref_norm":20.46974005486466,"rel_l2":0.0007943605791103245} (limits {"rel_l2":0.004})
[PASS] kernels/attn_dc_1x2x129x200_vs_f32 {"dc":{"cosine":0.9999947758802578,"max_abs":0.002848982810974121,"non_finite":0,"ref_norm":20.469963327255677,"rel_l2":0.00323237005986977},"v2_rel_l2":0.0032239607530308505} (limits {"or_rel_l2_vs_v2_error":1.05,"rel_l2":0.01})
[PASS] kernels/attn_dc_1x2x129x200_bf16out_is_rne_of_f32out {"mismatched":0,"of":33024} (limits {"mismatched":0})
[PASS] kernels/attn_dc_1x2x2048x2048_vs_v2 {"cosine":0.999999980236074,"max_abs":0.0007922351360321045,"non_finite":0,"ref_norm":129.33050560562714,"rel_l2":0.00019881546741373234} (limits {"rel_l2":0.004})
[PASS] kernels/attn_dc_1x2x2048x2048_vs_f32 {"dc":{"cosine":0.9999869175471727,"max_abs":0.015198349952697754,"non_finite":0,"ref_norm":129.3491074411841,"rel_l2":0.00511682300298439},"v2_rel_l2":0.005116009865434159} (limits {"or_rel_l2_vs_v2_error":1.05,"rel_l2":0.01})
[PASS] kernels/attn_dc_1x2x2048x2048_bf16out_is_rne_of_f32out {"mismatched":0,"of":524288} (limits {"mismatched":0})
[PASS] kernels/attn_dc_1x1x513x1000_vs_v2 {"cosine":0.9999999977358367,"max_abs":0.0023217201232910156,"non_finite":0,"ref_norm":229.1248482653155,"rel_l2":0.00006730978342690377} (limits {"rel_l2":0.004})
[PASS] kernels/attn_dc_1x1x513x1000_vs_f32 {"dc":{"cosine":0.9999504373506463,"max_abs":0.1368601769208908,"non_finite":0,"ref_norm":229.10240858024576,"rel_l2":0.009957161002830582},"v2_rel_l2":0.009957040996429654} (limits {"or_rel_l2_vs_v2_error":1.05,"rel_l2":0.01})
[PASS] kernels/attn_dc_1x1x513x1000_bf16out_is_rne_of_f32out {"mismatched":0,"of":65664} (limits {"mismatched":0})
[INFO] kernels/vsa_dc_kernel {"origin":"cubin","sm":90}
[fastvideo] vsa fine kernel: Tma ring (3 slots) (sm9, 128B swizzle)
[PASS] kernels/vsa_dc_h3_480p_smooth_s0.5_k140_q0_vs_tma2 {"cosine":0.9999999997551163,"max_abs":0.000038623809814453125,"non_finite":0,"ref_norm":403.3437867271386,"rel_l2":0.000022107980013072864} (limits {"rel_l2":0.001})
[PASS] kernels/vsa_dc_h3_480p_smooth_s0.5_k140_q0_vs_f64_masked {"dc":{"cosine":0.999999994985949,"max_abs":0.00008171796798706055,"non_finite":0,"ref_norm":41.79051396699754,"rel_l2":0.0001007854062213127},"tma2_rel_l2":0.00010054013589529397} (limits {"or_no_worse_than_tma2":1.05,"rel_l2":0.0035})
[INFO] kernels/vsa_dc_h3_480p_smooth_s0.5_k140_q0_union {"tiles":280,"topk":140,"union_over_topk":1.3320408163265294}
[PASS] kernels/vsa_dc_h3_480p_smooth_s0.5_k140_q5_vs_tma2 {"cosine":0.9999999997562022,"max_abs":0.000038623809814453125,"non_finite":0,"ref_norm":399.39363895165917,"rel_l2":0.00002205956622266201} (limits {"rel_l2":0.001})
[PASS] kernels/vsa_dc_h3_480p_smooth_s0.5_k140_q5_vs_f64_masked {"dc":{"cosine":0.9999999951280975,"max_abs":0.0000731470063328743,"non_finite":0,"ref_norm":41.03414364727946,"rel_l2":0.0000994589636629723},"tma2_rel_l2":0.00009967740431973816} (limits {"or_no_worse_than_tma2":1.05,"rel_l2":0.0035})
[PASS] kernels/vsa_dc_h3_480p_smooth_s0.8_k56_q0_vs_tma2 {"cosine":0.9999999995352427,"max_abs":0.00009088218212127686,"non_finite":0,"ref_norm":599.2142704251266,"rel_l2":0.00003046970105957548} (limits {"rel_l2":0.001})
[PASS] kernels/vsa_dc_h3_480p_smooth_s0.8_k56_q0_vs_f64_masked {"dc":{"cosine":0.9999999941768585,"max_abs":0.00010971724987030029,"non_finite":0,"ref_norm":60.23821815176182,"rel_l2":0.00010817407907023694},"tma2_rel_l2":0.00010711954923730658} (limits {"or_no_worse_than_tma2":1.05,"rel_l2":0.0035})
[INFO] kernels/vsa_dc_h3_480p_smooth_s0.8_k56_q0_union {"tiles":280,"topk":56,"union_over_topk":1.559311224489796}
[PASS] kernels/vsa_dc_h3_480p_smooth_s0.8_k56_q5_vs_tma2 {"cosine":0.9999999995358506,"max_abs":0.00009088218212127686,"non_finite":0,"ref_norm":593.1739269777873,"rel_l2":0.00003045058135399227} (limits {"rel_l2":0.001})
[PASS] kernels/vsa_dc_h3_480p_smooth_s0.8_k56_q5_vs_f64_masked {"dc":{"cosine":0.9999999946034939,"max_abs":0.00012710876762866974,"non_finite":0,"ref_norm":60.56328496397745,"rel_l2":0.00010416708217964863},"tma2_rel_l2":0.00010388364870271395} (limits {"or_no_worse_than_tma2":1.05,"rel_l2":0.0035})
[PASS] kernels/vsa_dc_h3_480p_smooth_fused_combine_bitexact {"bf16_gate":0,"f32_gate":0,"no_gate":0} (limits {"mismatched":0})
[PASS] kernels/vsa_dc_h3_480p_smooth_s0.9_k28_q0_vs_tma2 {"cosine":0.9999999991056043,"max_abs":0.00015693902969360352,"non_finite":0,"ref_norm":749.3123319970724,"rel_l2":0.00004228267520348791} (limits {"rel_l2":0.001})
[PASS] kernels/vsa_dc_h3_480p_smooth_s0.9_k28_q0_vs_f64_masked {"dc":{"cosine":0.9999999923104959,"max_abs":0.00019621849060058594,"non_finite":0,"ref_norm":73.36624863740965,"rel_l2":0.00012410273973487916},"tma2_rel_l2":0.00012288271059041596} (limits {"or_no_worse_than_tma2":1.05,"rel_l2":0.0035})
[INFO] kernels/vsa_dc_h3_480p_smooth_s0.9_k28_q0_union {"tiles":280,"topk":28,"union_over_topk":1.676190476190475}
[PASS] kernels/vsa_dc_h3_480p_smooth_s0.9_k28_q5_vs_tma2 {"cosine":0.999999999106282,"max_abs":0.00015693902969360352,"non_finite":0,"ref_norm":741.9130671887602,"rel_l2":0.00004226704551807626} (limits {"rel_l2":0.001})
[PASS] kernels/vsa_dc_h3_480p_smooth_s0.9_k28_q5_vs_f64_masked {"dc":{"cosine":0.9999999930902072,"max_abs":0.00016957521438598633,"non_finite":0,"ref_norm":76.37332873457231,"rel_l2":0.00011764221579371753},"tma2_rel_l2":0.00011764400104434742} (limits {"or_no_worse_than_tma2":1.05,"rel_l2":0.0035})
[PASS] kernels/vsa_dc_h3_480p_prep_bitexact {"bf16":0,"f32_round16_false":0,"f32_round16_true":0} (limits {"mismatched":0})
[PASS] kernels/vsa_dc_h3_480p_noise_s0.5_k140_q0_vs_tma2 {"cosine":0.9999999632145311,"max_abs":0.00006523542106151581,"non_finite":0,"ref_norm":47.33394309467601,"rel_l2":0.0002712372839251414} (limits {"rel_l2":0.001})
[PASS] kernels/vsa_dc_h3_480p_noise_s0.5_k140_q0_vs_f64_masked {"dc":{"cosine":0.9999987668352605,"max_abs":0.00012870505452156067,"non_finite":0,"ref_norm":4.753105087524835,"rel_l2":0.0015704943247730394},"tma2_rel_l2":0.001569708384116114} (limits {"or_no_worse_than_tma2":1.05,"rel_l2":0.0035})
[INFO] kernels/vsa_dc_h3_480p_noise_s0.5_k140_q0_union {"tiles":280,"topk":140,"union_over_topk":1.5023129251700678}
[PASS] kernels/vsa_dc_h3_480p_noise_s0.5_k140_q5_vs_tma2 {"cosine":0.999999963308849,"max_abs":0.00006523542106151581,"non_finite":0,"ref_norm":46.849506757213206,"rel_l2":0.00027088928008966865} (limits {"rel_l2":0.001})
[PASS] kernels/vsa_dc_h3_480p_noise_s0.5_k140_q5_vs_f64_masked {"dc":{"cosine":0.9999987774440757,"max_abs":0.00013669987674802542,"non_finite":0,"ref_norm":4.798438042223714,"rel_l2":0.0015636945094620125},"tma2_rel_l2":0.0015622368197055797} (limits {"or_no_worse_than_tma2":1.05,"rel_l2":0.0035})
[PASS] kernels/vsa_dc_h3_480p_noise_s0.8_k56_q0_vs_tma2 {"cosine":0.9999999295583554,"max_abs":0.0001403074711561203,"non_finite":0,"ref_norm":78.88676827628915,"rel_l2":0.0003753430059609773} (limits {"rel_l2":0.001})
[PASS] kernels/vsa_dc_h3_480p_noise_s0.8_k56_q0_vs_f64_masked {"dc":{"cosine":0.9999988537228824,"max_abs":0.0002307295799255371,"non_finite":0,"ref_norm":8.011119704206903,"rel_l2":0.0015141857642603552},"tma2_rel_l2":0.001509613705421911} (limits {"or_no_worse_than_tma2":1.05,"rel_l2":0.0035})
[INFO] kernels/vsa_dc_h3_480p_noise_s0.8_k56_q0_union {"tiles":280,"topk":56,"union_over_topk":1.7864370748299334}
[PASS] kernels/vsa_dc_h3_480p_noise_s0.8_k56_q5_vs_tma2 {"cosine":0.9999999297852803,"max_abs":0.0001403074711561203,"non_finite":0,"ref_norm":78.09308053774733,"rel_l2":0.0003747379395405999} (limits {"rel_l2":0.001})
[PASS] kernels/vsa_dc_h3_480p_noise_s0.8_k56_q5_vs_f64_masked {"dc":{"cosine":0.9999988400068862,"max_abs":0.0002440446987748146,"non_finite":0,"ref_norm":8.03423987091081,"rel_l2":0.0015231954569955857},"tma2_rel_l2":0.0015198450012521832} (limits {"or_no_worse_than_tma2":1.05,"rel_l2":0.0035})
[PASS] kernels/vsa_dc_h3_480p_noise_fused_combine_bitexact {"bf16_gate":0,"f32_gate":0,"no_gate":0} (limits {"mismatched":0})
[PASS] kernels/vsa_dc_h3_480p_noise_s0.9_k28_q0_vs_tma2 {"cosine":0.9999998904883058,"max_abs":0.00024820491671562195,"non_finite":0,"ref_norm":118.17121388525092,"rel_l2":0.00046799855740345354} (limits {"rel_l2":0.001})
[PASS] kernels/vsa_dc_h3_480p_noise_s0.9_k28_q0_vs_f64_masked {"dc":{"cosine":0.9999988969412835,"max_abs":0.0003268681466579437,"non_finite":0,"ref_norm":11.710653072977015,"rel_l2":0.0014853635571874758},"tma2_rel_l2":0.001479814457185385} (limits {"or_no_worse_than_tma2":1.05,"rel_l2":0.0035})
[INFO] kernels/vsa_dc_h3_480p_noise_s0.9_k28_q0_union {"tiles":280,"topk":28,"union_over_topk":1.8722789115646261}
[PASS] kernels/vsa_dc_h3_480p_noise_s0.9_k28_q5_vs_tma2 {"cosine":0.9999998906053749,"max_abs":0.00024820491671562195,"non_finite":0,"ref_norm":116.96733105205637,"rel_l2":0.0004677483295297118} (limits {"rel_l2":0.001})
[PASS] kernels/vsa_dc_h3_480p_noise_s0.9_k28_q5_vs_f64_masked {"dc":{"cosine":0.9999989277745265,"max_abs":0.0003714463673532009,"non_finite":0,"ref_norm":12.151386008074516,"rel_l2":0.0014644163853975562},"tma2_rel_l2":0.0014562884559702948} (limits {"or_no_worse_than_tma2":1.05,"rel_l2":0.0035})
[PASS] kernels/vsa_dc_h3_768p_smooth_s0.8_k132_q0_vs_tma2 {"cosine":0.9999999997838963,"max_abs":0.00004273653030395508,"non_finite":0,"ref_norm":666.7304654802762,"rel_l2":0.00002075193307296396} (limits {"rel_l2":0.001})
[PASS] kernels/vsa_dc_h3_768p_smooth_s0.8_k132_q0_vs_f64_masked {"dc":{"cosine":0.9999999971913044,"max_abs":0.00007035583257675171,"non_finite":0,"ref_norm":44.13969080835029,"rel_l2":0.0000758854897051687},"tma2_rel_l2":0.00007596535823988011} (limits {"or_no_worse_than_tma2":1.05,"rel_l2":0.0035})
[INFO] kernels/vsa_dc_h3_768p_smooth_s0.8_k132_q0_union {"tiles":660,"topk":132,"union_over_topk":1.549035812672174}
[PASS] kernels/vsa_dc_h3_768p_smooth_s0.8_k132_q5_vs_tma2 {"cosine":0.999999999784326,"max_abs":0.00004273653030395508,"non_finite":0,"ref_norm":664.1308007436581,"rel_l2":0.000020732087065542046} (limits {"rel_l2":0.001})
[PASS] kernels/vsa_dc_h3_768p_smooth_s0.8_k132_q5_vs_f64_masked {"dc":{"cosine":0.9999999950907996,"max_abs":0.00006655324250459671,"non_finite":0,"ref_norm":42.67485638205527,"rel_l2":0.00009983656343921541},"tma2_rel_l2":0.00009976860982821902} (limits {"or_no_worse_than_tma2":1.05,"rel_l2":0.0035})
[PASS] kernels/vsa_dc_h3_768p_smooth_fused_combine_bitexact {"bf16_gate":0,"f32_gate":0,"no_gate":0} (limits {"mismatched":0})
[PASS] kernels/vsa_dc_h3_768p_smooth_s0.9_k66_q0_vs_tma2 {"cosine":0.999999999589197,"max_abs":0.00006559491157531738,"non_finite":0,"ref_norm":842.6978423811452,"rel_l2":0.00002863521139887763} (limits {"rel_l2":0.001})
[PASS] kernels/vsa_dc_h3_768p_smooth_s0.9_k66_q0_vs_f64_masked {"dc":{"cosine":0.9999999965523872,"max_abs":0.00009401515126228333,"non_finite":0,"ref_norm":54.14620828819876,"rel_l2":0.00008327964409014606},"tma2_rel_l2":0.00008361173541377992} (limits {"or_no_worse_than_tma2":1.05,"rel_l2":0.0035})
[INFO] kernels/vsa_dc_h3_768p_smooth_s0.9_k66_q0_union {"tiles":660,"topk":66,"union_over_topk":1.6603305785123974}
[PASS] kernels/vsa_dc_h3_768p_smooth_s0.9_k66_q5_vs_tma2 {"cosine":0.9999999995898122,"max_abs":0.00006559491157531738,"non_finite":0,"ref_norm":839.3696913802663,"rel_l2":0.000028612883190780506} (limits {"rel_l2":0.001})
[PASS] kernels/vsa_dc_h3_768p_smooth_s0.9_k66_q5_vs_f64_masked {"dc":{"cosine":0.9999999936838108,"max_abs":0.00011019408702850342,"non_finite":0,"ref_norm":53.74978912447141,"rel_l2":0.00011271901683652689},"tma2_rel_l2":0.00011260301730055054} (limits {"or_no_worse_than_tma2":1.05,"rel_l2":0.0035})
[PASS] kernels/vsa_dc_h3_768p_prep_bitexact {"bf16":0,"f32_round16_false":0,"f32_round16_true":0} (limits {"mismatched":0})
[PASS] kernels/vsa_dc_h3_768p_noise_s0.8_k132_q0_vs_tma2 {"cosine":0.999999960369776,"max_abs":0.00007369741797447205,"non_finite":0,"ref_norm":77.08036513106994,"rel_l2":0.0002815294609498612} (limits {"rel_l2":0.001})
[PASS] kernels/vsa_dc_h3_768p_noise_s0.8_k132_q0_vs_f64_masked {"dc":{"cosine":0.9999989835516212,"max_abs":0.000136595219373703,"non_finite":0,"ref_norm":4.509132482259664,"rel_l2":0.0014259258536874618},"tma2_rel_l2":0.001426189067001315} (limits {"or_no_worse_than_tma2":1.05,"rel_l2":0.0035})
[INFO] kernels/vsa_dc_h3_768p_noise_s0.8_k132_q0_union {"tiles":660,"topk":132,"union_over_topk":1.7859580655035066}
[PASS] kernels/vsa_dc_h3_768p_noise_s0.8_k132_q5_vs_tma2 {"cosine":0.9999999603859396,"max_abs":0.00007369741797447205,"non_finite":0,"ref_norm":76.76736038798013,"rel_l2":0.0002814720394826232} (limits {"rel_l2":0.001})
[PASS] kernels/vsa_dc_h3_768p_noise_s0.8_k132_q5_vs_f64_masked {"dc":{"cosine":0.9999987574586536,"max_abs":0.00015387311577796936,"non_finite":0,"ref_norm":5.116291487517349,"rel_l2":0.0015764201776764088},"tma2_rel_l2":0.0015737795209487997} (limits {"or_no_worse_than_tma2":1.05,"rel_l2":0.0035})
[PASS] kernels/vsa_dc_h3_768p_noise_fused_combine_bitexact {"bf16_gate":0,"f32_gate":0,"no_gate":0} (limits {"mismatched":0})
[PASS] kernels/vsa_dc_h3_768p_noise_s0.9_k66_q0_vs_tma2 {"cosine":0.9999999322950474,"max_abs":0.0001241043210029602,"non_finite":0,"ref_norm":114.2060751990513,"rel_l2":0.00036797874867946844} (limits {"rel_l2":0.001})
[PASS] kernels/vsa_dc_h3_768p_noise_s0.9_k66_q0_vs_f64_masked {"dc":{"cosine":0.9999990148984796,"max_abs":0.00020833779126405716,"non_finite":0,"ref_norm":6.61018517141553,"rel_l2":0.0014036423558436333},"tma2_rel_l2":0.00140226943197508} (limits {"or_no_worse_than_tma2":1.05,"rel_l2":0.0035})
[INFO] kernels/vsa_dc_h3_768p_noise_s0.9_k66_q0_union {"tiles":660,"topk":66,"union_over_topk":1.8666972757881897}
[PASS] kernels/vsa_dc_h3_768p_noise_s0.9_k66_q5_vs_tma2 {"cosine":0.9999999322983739,"max_abs":0.0001241043210029602,"non_finite":0,"ref_norm":113.7389679024334,"rel_l2":0.00036796972713193924} (limits {"rel_l2":0.001})
[PASS] kernels/vsa_dc_h3_768p_noise_s0.9_k66_q5_vs_f64_masked {"dc":{"cosine":0.9999988257351662,"max_abs":0.00021046213805675507,"non_finite":0,"ref_norm":7.623098211950489,"rel_l2":0.0015325254726096143},"tma2_rel_l2":0.001530778028347235} (limits {"or_no_worse_than_tma2":1.05,"rel_l2":0.0035})
[PASS] kernels/vsa_dc_h3_1080p_smooth_s0.8_k270_q0_vs_tma2 {"cosine":0.9999999998659017,"max_abs":0.000022158026695251465,"non_finite":0,"ref_norm":554.6052426610402,"rel_l2":0.000016322601877169337} (limits {"rel_l2":0.001})
[PASS] kernels/vsa_dc_h3_1080p_smooth_s0.8_k270_q0_vs_f64_masked {"dc":{"cosine":0.999999996496276,"max_abs":0.000058263540267944336,"non_finite":0,"ref_norm":30.40150701370406,"rel_l2":0.00008601894107023896},"tma2_rel_l2":0.0000859746196725021} (limits {"or_no_worse_than_tma2":1.05,"rel_l2":0.0035})
[INFO] kernels/vsa_dc_h3_1080p_smooth_s0.8_k270_q0_union {"tiles":1350,"topk":270,"union_over_topk":1.5844389574759945}
[PASS] kernels/vsa_dc_h3_1080p_smooth_s0.8_k270_q5_vs_tma2 {"cosine":0.9999999998658705,"max_abs":0.000022158026695251465,"non_finite":0,"ref_norm":553.5145412512031,"rel_l2":0.00001632367743456602} (limits {"rel_l2":0.001})
[PASS] kernels/vsa_dc_h3_1080p_smooth_s0.8_k270_q5_vs_f64_masked {"dc":{"cosine":0.9999999961192856,"max_abs":0.00005882978439331055,"non_finite":0,"ref_norm":32.872460619833355,"rel_l2":0.00009037071419029697},"tma2_rel_l2":0.00009060057632749362} (limits {"or_no_worse_than_tma2":1.05,"rel_l2":0.0035})
[PASS] kernels/vsa_dc_h3_1080p_smooth_fused_combine_bitexact {"bf16_gate":0,"f32_gate":0,"no_gate":0} (limits {"mismatched":0})
[PASS] kernels/vsa_dc_h3_1080p_smooth_s0.9_k135_q0_vs_tma2 {"cosine":0.9999999997458789,"max_abs":0.0000362396240234375,"non_finite":0,"ref_norm":708.7091939314282,"rel_l2":0.000022502953670723323} (limits {"rel_l2":0.001})
[PASS] kernels/vsa_dc_h3_1080p_smooth_s0.9_k135_q0_vs_f64_masked {"dc":{"cosine":0.9999999960691136,"max_abs":0.00007642805576324463,"non_finite":0,"ref_norm":39.62186460789682,"rel_l2":0.00008930589547314679},"tma2_rel_l2":0.00008898004959858284} (limits {"or_no_worse_than_tma2":1.05,"rel_l2":0.0035})
[INFO] kernels/vsa_dc_h3_1080p_smooth_s0.9_k135_q0_union {"tiles":1350,"topk":135,"union_over_topk":1.6963127572016496}
[PASS] kernels/vsa_dc_h3_1080p_smooth_s0.9_k135_q5_vs_tma2 {"cosine":0.9999999997459136,"max_abs":0.0000362396240234375,"non_finite":0,"ref_norm":707.3297545925061,"rel_l2":0.000022502918364363857} (limits {"rel_l2":0.001})
[PASS] kernels/vsa_dc_h3_1080p_smooth_s0.9_k135_q5_vs_f64_masked {"dc":{"cosine":0.9999999952062515,"max_abs":0.00007577240467071533,"non_finite":0,"ref_norm":41.63607370477743,"rel_l2":0.00009841632924163562},"tma2_rel_l2":0.00009826001786696555} (limits {"or_no_worse_than_tma2":1.05,"rel_l2":0.0035})
[PASS] kernels/vsa_dc_h3_1080p_prep_bitexact {"bf16":0,"f32_round16_false":0,"f32_round16_true":0} (limits {"mismatched":0})
[PASS] kernels/vsa_dc_h3_1080p_noise_s0.8_k270_q0_vs_tma2 {"cosine":0.9999999759085275,"max_abs":0.00004264898598194122,"non_finite":0,"ref_norm":63.0164867378703,"rel_l2":0.000219502652828463} (limits {"rel_l2":0.001})
[PASS] kernels/vsa_dc_h3_1080p_noise_s0.8_k270_q0_vs_f64_masked {"dc":{"cosine":0.9999988730705528,"max_abs":0.00009558955207467079,"non_finite":0,"ref_norm":3.2384383335266516,"rel_l2":0.0015012999016567152},"tma2_rel_l2":0.00150011746961776} (limits {"or_no_worse_than_tma2":1.05,"rel_l2":0.0035})
[INFO] kernels/vsa_dc_h3_1080p_noise_s0.8_k270_q0_union {"tiles":1350,"topk":270,"union_over_topk":1.7850342935528118}
[PASS] kernels/vsa_dc_h3_1080p_noise_s0.8_k270_q5_vs_tma2 {"cosine":0.9999999759144366,"max_abs":0.00004264898598194122,"non_finite":0,"ref_norm":62.892375715081386,"rel_l2":0.00021947568165516402} (limits {"rel_l2":0.001})
[PASS] kernels/vsa_dc_h3_1080p_noise_s0.8_k270_q5_vs_f64_masked {"dc":{"cosine":0.9999987689816662,"max_abs":0.00009376555681228638,"non_finite":0,"ref_norm":3.4915521393209947,"rel_l2":0.0015692371555960844},"tma2_rel_l2":0.0015670414618584921} (limits {"or_no_worse_than_tma2":1.05,"rel_l2":0.0035})
[PASS] kernels/vsa_dc_h3_1080p_noise_fused_combine_bitexact {"bf16_gate":0,"f32_gate":0,"no_gate":0} (limits {"mismatched":0})
[PASS] kernels/vsa_dc_h3_1080p_noise_s0.9_k135_q0_vs_tma2 {"cosine":0.9999999577843861,"max_abs":0.0000647115521132946,"non_finite":0,"ref_norm":93.6783072639321,"rel_l2":0.0002905671439877385} (limits {"rel_l2":0.001})
[PASS] kernels/vsa_dc_h3_1080p_noise_s0.9_k135_q0_vs_f64_masked {"dc":{"cosine":0.9999989158553096,"max_abs":0.00015691109001636505,"non_finite":0,"ref_norm":4.880078217337528,"rel_l2":0.0014725156756170835},"tma2_rel_l2":0.0014684318876262898} (limits {"or_no_worse_than_tma2":1.05,"rel_l2":0.0035})
[INFO] kernels/vsa_dc_h3_1080p_noise_s0.9_k135_q0_union {"tiles":1350,"topk":135,"union_over_topk":1.8686200274348408}
[PASS] kernels/vsa_dc_h3_1080p_noise_s0.9_k135_q5_vs_tma2 {"cosine":0.9999999577953606,"max_abs":0.0000647115521132946,"non_finite":0,"ref_norm":93.49103458216418,"rel_l2":0.00029052928922827727} (limits {"rel_l2":0.001})
[PASS] kernels/vsa_dc_h3_1080p_noise_s0.9_k135_q5_vs_f64_masked {"dc":{"cosine":0.9999987950760661,"max_abs":0.0001418893225491047,"non_finite":0,"ref_norm":5.117022399496894,"rel_l2":0.0015523905310248524},"tma2_rel_l2":0.0015530739117837029} (limits {"or_no_worse_than_tma2":1.05,"rel_l2":0.0035})
[INFO] kernels/vsa_dc_bench_h3_480p {"prep_fused_ms":1.12668,"prep_old_ms":2.364821,"sparsity0.8":{"combine_ms":0.9092020000000001,"dc_fused_combine_ms":5.380669,"dc_tflops":435.32269253827315,"fine_dc_ms":4.23012,"fine_speedup":1.835970610762815,"fine_tma2_ms":7.766376,"new_prep_fine_combine_ms":6.507349,"old_prep_fine_combine_ms":11.040398999999999,"stage_speedup":1.6966047156837598,"tma2_tflops":237.1076584703084,"topk":56,"union_over_topk":1.5554846938775515},"sparsity0.9":{"combine_ms":0.895071,"dc_fused_combine_ms":3.528313,"dc_tflops":387.71485831469994,"fine_dc_ms":2.37477,"fine_speedup":1.6659975492363472,"fine_tma2_ms":3.9563610000000002,"new_prep_fine_combine_ms":4.654992999999999,"old_prep_fine_combine_ms":7.216253,"stage_speedup":1.5502177983941114,"tma2_tflops":232.72234613575452,"topk":28,"union_over_topk":1.6806122448979581},"tiles":280,"tokens":14430}
[INFO] kernels/vsa_dc_bench_h3_768p {"prep_fused_ms":1.8906,"prep_old_ms":5.873193,"sparsity0.8":{"combine_ms":2.3010029999999997,"dc_fused_combine_ms":24.024555,"dc_tflops":464.0873548789417,"fine_dc_ms":22.046318,"fine_speedup":1.888703365342004,"fine_tma2_ms":41.638954999999996,"new_prep_fine_combine_ms":25.915155,"old_prep_fine_combine_ms":49.813151,"stage_speedup":1.922162958315318,"tma2_tflops":245.71743948521285,"topk":132,"union_over_topk":1.5634756657483928},"sparsity0.9":{"combine_ms":2.314371,"dc_fused_combine_ms":13.918761,"dc_tflops":442.1411378902911,"fine_dc_ms":11.570307,"fine_speedup":1.8298044295626728,"fine_tma2_ms":21.171399,"new_prep_fine_combine_ms":15.809361,"old_prep_fine_combine_ms":29.358963,"stage_speedup":1.8570619647435465,"tma2_tflops":241.63300227443636,"topk":66,"union_over_topk":1.67943067033976},"tiles":660,"tokens":37296}
[INFO] kernels/vsa_dc_bench_h3_1080p {"prep_fused_ms":3.8425640000000003,"prep_old_ms":12.740831,"sparsity0.8":{"combine_ms":4.659143,"dc_fused_combine_ms":99.952014,"dc_tflops":405.0691698887376,"fine_dc_ms":105.678412,"fine_speedup":1.625101946081476,"fine_tma2_ms":171.73819300000002,"new_prep_fine_combine_ms":103.79457800000002,"old_prep_fine_combine_ms":189.138167,"stage_speedup":1.822235521782265,"tma2_tflops":249.25769787271489,"topk":270,"union_over_topk":1.5491796982167336},"sparsity0.9":{"combine_ms":4.6514679999999995,"dc_fused_combine_ms":54.320897,"dc_tflops":420.8330365934337,"fine_dc_ms":50.859916999999996,"fine_speedup":1.7728694287880966,"fine_tma2_ms":90.167992,"new_prep_fine_combine_ms":58.163461,"old_prep_fine_combine_ms":107.560291,"stage_speedup":1.849275974137784,"tma2_tflops":237.37395984153665,"topk":135,"union_over_topk":1.6603676268861427},"tiles":1350,"tokens":75480}
[PASS] stage kernels → /e2e/k2/kernels.json (109.2s)

[12:40:42] rc=0 secs=0.01
