compare-dumps noise_seed1024_000: missing in candidate
compare-dumps noise_seed1024_001: missing in candidate
compare-dumps noise_seed11024_000: missing in candidate
compare-dumps noise_seed11024_001: missing in candidate
compare-dumps noise_seed11024_002: missing in candidate
compare-dumps noise_seed11024_003: missing in candidate
compare-dumps noise_seed11024_004: missing in candidate
compare-dumps noise_seed11024_005: missing in candidate
compare-dumps noise_seed11024_006: missing in candidate
compare-dumps noise_seed11024_007: missing in candidate
compare-dumps noise_seed11024_008: missing in candidate
compare-dumps noise_seed11024_009: missing in candidate
compare-dumps noise_seed11024_010: missing in candidate
compare-dumps noise_seed11024_011: missing in candidate
compare-dumps noise_seed11024_012: missing in candidate
compare-dumps noise_seed11024_013: missing in candidate
compare-dumps s1_audio_step01              rel_l2 0.000e0  cosine 1.000000  max_abs 0.000e0  n 16128
compare-dumps s1_audio_step02              rel_l2 0.000e0  cosine 1.000000  max_abs 0.000e0  n 16128
compare-dumps s1_audio_step03              rel_l2 0.000e0  cosine 1.000000  max_abs 0.000e0  n 16128
compare-dumps s1_audio_step04              rel_l2 0.000e0  cosine 1.000000  max_abs 0.000e0  n 16128
compare-dumps s1_audio_step05              rel_l2 0.000e0  cosine 1.000000  max_abs 0.000e0  n 16128
compare-dumps s1_audio_step06              rel_l2 0.000e0  cosine 1.000000  max_abs 0.000e0  n 16128
compare-dumps s1_audio_step07              rel_l2 0.000e0  cosine 1.000000  max_abs 0.000e0  n 16128
compare-dumps s1_audio_step08              rel_l2 0.000e0  cosine 1.000000  max_abs 0.000e0  n 16128
compare-dumps s1_audio_step00_in           rel_l2 1.558e0  cosine -0.007702  max_abs 7.385e0  n 16128
compare-dumps s1_audio_vel_step01          rel_l2 1.807e0  cosine -0.011858  max_abs 6.461e0  n 16128
compare-dumps s1_audio_vel_step02          rel_l2 1.045e-2  cosine 0.999946  max_abs 7.812e-2  n 16128
compare-dumps s1_audio_vel_step03          rel_l2 1.061e-2  cosine 0.999944  max_abs 7.031e-2  n 16128
compare-dumps s1_audio_vel_step04          rel_l2 1.071e-2  cosine 0.999943  max_abs 7.129e-2  n 16128
compare-dumps s1_audio_vel_step05          rel_l2 1.070e-2  cosine 0.999943  max_abs 8.203e-2  n 16128
compare-dumps s1_audio_vel_step06          rel_l2 1.043e-2  cosine 0.999946  max_abs 6.738e-2  n 16128
compare-dumps s1_audio_vel_step07          rel_l2 1.044e-2  cosine 0.999946  max_abs 6.250e-2  n 16128
compare-dumps s1_audio_vel_step08          rel_l2 1.049e-2  cosine 0.999945  max_abs 6.641e-2  n 16128
compare-dumps s1_audio_x0_step01           rel_l2 1.558e0  cosine -0.007702  max_abs 7.385e0  n 16128
compare-dumps s1_audio_x0_step02           rel_l2 0.000e0  cosine 1.000000  max_abs 0.000e0  n 16128
compare-dumps s1_audio_x0_step03           rel_l2 0.000e0  cosine 1.000000  max_abs 0.000e0  n 16128
compare-dumps s1_audio_x0_step04           rel_l2 0.000e0  cosine 1.000000  max_abs 0.000e0  n 16128
compare-dumps s1_audio_x0_step05           rel_l2 0.000e0  cosine 1.000000  max_abs 0.000e0  n 16128
compare-dumps s1_audio_x0_step06           rel_l2 0.000e0  cosine 1.000000  max_abs 0.000e0  n 16128
compare-dumps s1_audio_x0_step07           rel_l2 0.000e0  cosine 1.000000  max_abs 0.000e0  n 16128
compare-dumps s1_audio_x0_step08           rel_l2 0.000e0  cosine 1.000000  max_abs 0.000e0  n 16128
compare-dumps s1_sigmas                    rel_l2 0.000e0  cosine 1.000000  max_abs 0.000e0  n 9
compare-dumps s1_step00_audio_block_0      rel_l2 1.066e0  cosine 0.329851  max_abs 5.110e2  n 258048
compare-dumps s1_step00_audio_block_1      rel_l2 1.157e0  cosine 0.230548  max_abs 7.610e2  n 258048
compare-dumps s1_step00_audio_block_2      rel_l2 1.193e0  cosine 0.175568  max_abs 9.400e2  n 258048
compare-dumps s1_step00_audio_block_3      rel_l2 1.122e0  cosine 0.278839  max_abs 7.030e2  n 258048
compare-dumps s1_step00_audio_block_4      rel_l2 1.177e0  cosine 0.167510  max_abs 7.160e2  n 258048
compare-dumps s1_step00_audio_block_5      rel_l2 1.190e0  cosine 0.115015  max_abs 7.545e2  n 258048
compare-dumps s1_step00_audio_block_6      rel_l2 1.173e0  cosine 0.149799  max_abs 6.190e2  n 258048
compare-dumps s1_step00_audio_block_7      rel_l2 1.171e0  cosine 0.156555  max_abs 5.618e2  n 258048
compare-dumps s1_step00_audio_block_8      rel_l2 1.161e0  cosine 0.168809  max_abs 5.765e2  n 258048
compare-dumps s1_step00_audio_block_9      rel_l2 1.166e0  cosine 0.158537  max_abs 6.185e2  n 258048
compare-dumps s1_step00_audio_block_10     rel_l2 1.159e0  cosine 0.174811  max_abs 6.298e2  n 258048
compare-dumps s1_step00_audio_block_11     rel_l2 1.160e0  cosine 0.173399  max_abs 6.518e2  n 258048
compare-dumps s1_step00_audio_block_12     rel_l2 1.154e0  cosine 0.187688  max_abs 6.724e2  n 258048
compare-dumps s1_step00_audio_block_13     rel_l2 1.147e0  cosine 0.195753  max_abs 6.878e2  n 258048
compare-dumps s1_step00_audio_block_14     rel_l2 1.135e0  cosine 0.213988  max_abs 6.758e2  n 258048
compare-dumps s1_step00_audio_block_15     rel_l2 1.152e0  cosine 0.197687  max_abs 6.777e2  n 258048
compare-dumps s1_step00_audio_block_16     rel_l2 1.130e0  cosine 0.228701  max_abs 6.248e2  n 258048
compare-dumps s1_step00_audio_block_17     rel_l2 1.118e0  cosine 0.244789  max_abs 5.980e2  n 258048
compare-dumps s1_step00_audio_block_18     rel_l2 1.109e0  cosine 0.262684  max_abs 5.870e2  n 258048
compare-dumps s1_step00_audio_block_19     rel_l2 1.102e0  cosine 0.268772  max_abs 5.685e2  n 258048
compare-dumps s1_step00_audio_block_20     rel_l2 1.096e0  cosine 0.273504  max_abs 6.120e2  n 258048
compare-dumps s1_step00_audio_block_21     rel_l2 1.095e0  cosine 0.269826  max_abs 6.880e2  n 258048
compare-dumps s1_step00_audio_block_22     rel_l2 1.099e0  cosine 0.269386  max_abs 7.380e2  n 258048
compare-dumps s1_step00_audio_block_23     rel_l2 1.105e0  cosine 0.249453  max_abs 8.420e2  n 258048
compare-dumps s1_step00_audio_block_24     rel_l2 1.134e0  cosine 0.225390  max_abs 9.200e2  n 258048
compare-dumps s1_step00_audio_block_25     rel_l2 1.127e0  cosine 0.210757  max_abs 9.900e2  n 258048
compare-dumps s1_step00_audio_block_26     rel_l2 1.115e0  cosine 0.247578  max_abs 1.104e3  n 258048
compare-dumps s1_step00_audio_block_27     rel_l2 1.116e0  cosine 0.239511  max_abs 1.032e3  n 258048
compare-dumps s1_step00_audio_block_28     rel_l2 1.138e0  cosine 0.235739  max_abs 7.440e2  n 258048
compare-dumps s1_step00_audio_block_29     rel_l2 1.125e0  cosine 0.232185  max_abs 7.760e2  n 258048
compare-dumps s1_step00_audio_block_30     rel_l2 1.121e0  cosine 0.243929  max_abs 5.605e2  n 258048
compare-dumps s1_step00_audio_block_31     rel_l2 1.125e0  cosine 0.247049  max_abs 5.795e2  n 258048
compare-dumps s1_step00_audio_block_32     rel_l2 1.085e0  cosine 0.314551  max_abs 5.100e2  n 258048
compare-dumps s1_step00_audio_block_33     rel_l2 1.052e0  cosine 0.348129  max_abs 4.420e2  n 258048
compare-dumps s1_step00_audio_block_34     rel_l2 1.046e0  cosine 0.367206  max_abs 4.960e2  n 258048
compare-dumps s1_step00_audio_block_35     rel_l2 1.038e0  cosine 0.383391  max_abs 4.960e2  n 258048
compare-dumps s1_step00_audio_block_36     rel_l2 1.006e0  cosine 0.419919  max_abs 4.900e2  n 258048
compare-dumps s1_step00_audio_block_37     rel_l2 1.031e0  cosine 0.382774  max_abs 5.120e2  n 258048
compare-dumps s1_step00_audio_block_38     rel_l2 9.766e-1  cosine 0.455338  max_abs 5.270e2  n 258048
compare-dumps s1_step00_audio_block_39     rel_l2 9.639e-1  cosine 0.451292  max_abs 5.800e2  n 258048
compare-dumps s1_step00_audio_block_40     rel_l2 9.267e-1  cosine 0.497298  max_abs 6.420e2  n 258048
compare-dumps s1_step00_audio_block_41     rel_l2 8.454e-1  cosine 0.588445  max_abs 7.820e2  n 258048
compare-dumps s1_step00_audio_block_42     rel_l2 8.007e-1  cosine 0.624916  max_abs 9.020e2  n 258048
compare-dumps s1_step00_audio_block_43     rel_l2 7.769e-1  cosine 0.645967  max_abs 1.006e3  n 258048
compare-dumps s1_step00_audio_block_44     rel_l2 7.174e-1  cosine 0.702683  max_abs 1.178e3  n 258048
compare-dumps s1_step00_audio_block_45     rel_l2 7.420e-1  cosine 0.677809  max_abs 1.230e3  n 258048
compare-dumps s1_step00_audio_block_46     rel_l2 5.643e-1  cosine 0.827893  max_abs 1.700e3  n 258048
compare-dumps s1_step00_audio_block_47     rel_l2 3.428e-1  cosine 0.939415  max_abs 2.208e3  n 258048
compare-dumps s1_step00_audio_in           rel_l2 2.913e0  cosine -0.005986  max_abs 9.194e1  n 258048
compare-dumps s1_step00_video_block_0      rel_l2 1.833e-3  cosine 0.999998  max_abs 2.000e0  n 393216
compare-dumps s1_step00_video_block_1      rel_l2 4.015e-3  cosine 0.999992  max_abs 2.000e0  n 393216
compare-dumps s1_step00_video_block_2      rel_l2 5.717e-3  cosine 0.999985  max_abs 4.000e0  n 393216
compare-dumps s1_step00_video_block_3      rel_l2 5.739e-3  cosine 0.999984  max_abs 4.000e0  n 393216
compare-dumps s1_step00_video_block_4      rel_l2 5.580e-3  cosine 0.999985  max_abs 4.000e0  n 393216
compare-dumps s1_step00_video_block_5      rel_l2 6.480e-3  cosine 0.999981  max_abs 8.000e0  n 393216
compare-dumps s1_step00_video_block_6      rel_l2 8.028e-3  cosine 0.999968  max_abs 4.000e0  n 393216
compare-dumps s1_step00_video_block_7      rel_l2 8.235e-3  cosine 0.999968  max_abs 4.000e0  n 393216
compare-dumps s1_step00_video_block_8      rel_l2 9.093e-3  cosine 0.999959  max_abs 4.000e0  n 393216
compare-dumps s1_step00_video_block_9      rel_l2 8.406e-3  cosine 0.999965  max_abs 4.000e0  n 393216
compare-dumps s1_step00_video_block_10     rel_l2 9.126e-3  cosine 0.999959  max_abs 4.000e0  n 393216
compare-dumps s1_step00_video_block_11     rel_l2 1.011e-2  cosine 0.999950  max_abs 6.000e0  n 393216
compare-dumps s1_step00_video_block_12     rel_l2 1.246e-2  cosine 0.999926  max_abs 8.000e0  n 393216
compare-dumps s1_step00_video_block_13     rel_l2 1.774e-2  cosine 0.999852  max_abs 6.000e0  n 393216
compare-dumps s1_step00_video_block_14     rel_l2 1.733e-2  cosine 0.999884  max_abs 1.000e1  n 393216
compare-dumps s1_step00_video_block_15     rel_l2 1.858e-2  cosine 0.999833  max_abs 9.000e0  n 393216
compare-dumps s1_step00_video_block_16     rel_l2 1.846e-2  cosine 0.999850  max_abs 1.000e1  n 393216
compare-dumps s1_step00_video_block_17     rel_l2 1.944e-2  cosine 0.999873  max_abs 1.600e1  n 393216
compare-dumps s1_step00_video_block_18     rel_l2 1.729e-2  cosine 0.999877  max_abs 1.000e1  n 393216
compare-dumps s1_step00_video_block_19     rel_l2 1.648e-2  cosine 0.999867  max_abs 6.000e0  n 393216
compare-dumps s1_step00_video_block_20     rel_l2 1.924e-2  cosine 0.999826  max_abs 1.200e1  n 393216
compare-dumps s1_step00_video_block_21     rel_l2 1.925e-2  cosine 0.999815  max_abs 1.000e1  n 393216
compare-dumps s1_step00_video_block_22     rel_l2 2.268e-2  cosine 0.999743  max_abs 1.000e1  n 393216
compare-dumps s1_step00_video_block_23     rel_l2 2.723e-2  cosine 0.999629  max_abs 1.500e1  n 393216
compare-dumps s1_step00_video_block_24     rel_l2 4.732e-2  cosine 0.998916  max_abs 1.020e2  n 393216
compare-dumps s1_step00_video_block_25     rel_l2 3.412e-2  cosine 0.999420  max_abs 3.800e1  n 393216
compare-dumps s1_step00_video_block_26     rel_l2 3.844e-2  cosine 0.999261  max_abs 3.600e1  n 393216
compare-dumps s1_step00_video_block_27     rel_l2 4.657e-2  cosine 0.998916  max_abs 5.100e1  n 393216
compare-dumps s1_step00_video_block_28     rel_l2 5.660e-2  cosine 0.998401  max_abs 1.230e2  n 393216
compare-dumps s1_step00_video_block_29     rel_l2 6.003e-2  cosine 0.998200  max_abs 1.100e2  n 393216
compare-dumps s1_step00_video_block_30     rel_l2 5.827e-2  cosine 0.998318  max_abs 9.000e1  n 393216
compare-dumps s1_step00_video_block_31     rel_l2 5.897e-2  cosine 0.998276  max_abs 3.400e1  n 393216
compare-dumps s1_step00_video_block_32     rel_l2 5.984e-2  cosine 0.998213  max_abs 2.600e1  n 393216
compare-dumps s1_step00_video_block_33     rel_l2 5.872e-2  cosine 0.998285  max_abs 7.100e1  n 393216
compare-dumps s1_step00_video_block_34     rel_l2 6.526e-2  cosine 0.997878  max_abs 1.530e2  n 393216
compare-dumps s1_step00_video_block_35     rel_l2 5.211e-2  cosine 0.998644  max_abs 3.200e1  n 393216
compare-dumps s1_step00_video_block_36     rel_l2 4.256e-2  cosine 0.999094  max_abs 3.600e1  n 393216
compare-dumps s1_step00_video_block_37     rel_l2 4.378e-2  cosine 0.999041  max_abs 1.800e1  n 393216
compare-dumps s1_step00_video_block_38     rel_l2 4.759e-2  cosine 0.998869  max_abs 3.600e1  n 393216
compare-dumps s1_step00_video_block_39     rel_l2 4.681e-2  cosine 0.998907  max_abs 1.800e1  n 393216
compare-dumps s1_step00_video_block_40     rel_l2 4.858e-2  cosine 0.998819  max_abs 4.200e1  n 393216
compare-dumps s1_step00_video_block_41     rel_l2 4.852e-2  cosine 0.998822  max_abs 3.000e1  n 393216
compare-dumps s1_step00_video_block_42     rel_l2 5.294e-2  cosine 0.998598  max_abs 2.600e1  n 393216
compare-dumps s1_step00_video_block_43     rel_l2 5.011e-2  cosine 0.998744  max_abs 1.800e1  n 393216
compare-dumps s1_step00_video_block_44     rel_l2 4.867e-2  cosine 0.998817  max_abs 2.000e1  n 393216
compare-dumps s1_step00_video_block_45     rel_l2 4.329e-2  cosine 0.999063  max_abs 2.400e1  n 393216
compare-dumps s1_step00_video_block_46     rel_l2 4.612e-2  cosine 0.998937  max_abs 2.400e1  n 393216
compare-dumps s1_step00_video_block_47     rel_l2 1.823e-2  cosine 0.999835  max_abs 8.000e1  n 393216
compare-dumps s1_step00_video_in           rel_l2 2.720e-3  cosine 0.999996  max_abs 6.250e-2  n 393216
compare-dumps s1_video_step01              rel_l2 5.428e-4  cosine 1.000000  max_abs 1.562e-2  n 786432
compare-dumps s1_video_step02              rel_l2 6.348e-4  cosine 1.000000  max_abs 1.562e-2  n 786432
compare-dumps s1_video_step03              rel_l2 7.265e-4  cosine 1.000000  max_abs 1.562e-2  n 786432
compare-dumps s1_video_step04              rel_l2 8.282e-4  cosine 1.000000  max_abs 1.562e-2  n 786432
compare-dumps s1_video_step05              rel_l2 1.421e-3  cosine 0.999999  max_abs 1.562e-2  n 786432
compare-dumps s1_video_step06              rel_l2 2.877e-3  cosine 0.999996  max_abs 7.422e-2  n 786432
compare-dumps s1_video_step07              rel_l2 5.167e-3  cosine 0.999987  max_abs 6.250e-2  n 786432
compare-dumps s1_video_step08              rel_l2 7.532e-3  cosine 0.999972  max_abs 1.283e-1  n 786432
compare-dumps s1_video_step00_in           rel_l2 0.000e0  cosine 1.000000  max_abs 0.000e0  n 786432
compare-dumps s1_video_vel_step01          rel_l2 2.200e-2  cosine 0.999758  max_abs 5.156e-1  n 786432
compare-dumps s1_video_vel_step02          rel_l2 1.289e-2  cosine 0.999917  max_abs 3.594e-1  n 786432
compare-dumps s1_video_vel_step03          rel_l2 1.282e-2  cosine 0.999918  max_abs 2.500e-1  n 786432
compare-dumps s1_video_vel_step04          rel_l2 1.355e-2  cosine 0.999908  max_abs 4.062e-1  n 786432
compare-dumps s1_video_vel_step05          rel_l2 1.265e-2  cosine 0.999920  max_abs 3.320e-1  n 786432
compare-dumps s1_video_vel_step06          rel_l2 1.306e-2  cosine 0.999915  max_abs 3.350e-1  n 786432
compare-dumps s1_video_vel_step07          rel_l2 1.390e-2  cosine 0.999903  max_abs 2.422e-1  n 786432
compare-dumps s1_video_vel_step08          rel_l2 1.748e-2  cosine 0.999847  max_abs 3.037e-1  n 786432
compare-dumps s1_video_x0_step01           rel_l2 2.042e-2  cosine 0.999792  max_abs 4.531e-1  n 786432
compare-dumps s1_video_x0_step02           rel_l2 9.938e-3  cosine 0.999951  max_abs 3.566e-1  n 786432
compare-dumps s1_video_x0_step03           rel_l2 9.718e-3  cosine 0.999953  max_abs 2.461e-1  n 786432
compare-dumps s1_video_x0_step04           rel_l2 1.075e-2  cosine 0.999942  max_abs 3.992e-1  n 786432
compare-dumps s1_video_x0_step05           rel_l2 9.536e-3  cosine 0.999955  max_abs 1.562e-1  n 786432
compare-dumps s1_video_x0_step06           rel_l2 9.850e-3  cosine 0.999951  max_abs 3.047e-1  n 786432
compare-dumps s1_video_x0_step07           rel_l2 8.680e-3  cosine 0.999962  max_abs 1.250e-1  n 786432
compare-dumps s1_video_x0_step08           rel_l2 7.532e-3  cosine 0.999972  max_abs 1.283e-1  n 786432
compare-dumps text_attention_mask: missing in candidate
compare-dumps text_audio_ctx               rel_l2 5.873e-3  cosine 0.999983  max_abs 5.674e-1  n 2097152
compare-dumps text_audio_ctx_real: missing in candidate
compare-dumps text_audio_feats: missing in candidate
compare-dumps text_hidden_0: missing in candidate
compare-dumps text_hidden_1: missing in candidate
compare-dumps text_hidden_2: missing in candidate
compare-dumps text_hidden_5: missing in candidate
compare-dumps text_hidden_6: missing in candidate
compare-dumps text_hidden_7: missing in candidate
compare-dumps text_hidden_12: missing in candidate
compare-dumps text_hidden_24: missing in candidate
compare-dumps text_hidden_36: missing in candidate
compare-dumps text_hidden_47: missing in candidate
compare-dumps text_hidden_48: missing in candidate
compare-dumps text_input_ids: missing in candidate
compare-dumps text_video_ctx               rel_l2 4.533e-3  cosine 0.999990  max_abs 1.188e0  n 4194304
compare-dumps text_video_ctx_real: missing in candidate
compare-dumps text_video_feats: missing in candidate
compare-dumps v2v_audio_latent             rel_l2 7.806e-2  cosine 0.996953  max_abs 1.959e0  n 16128
compare-dumps v2v_audio_wave               rel_l2 7.021e-5  cosine 1.000000  max_abs 3.747e-4  n 444416
compare-dumps v2v_frame0_pixels            rel_l2 3.254e-6  cosine 1.000000  max_abs 3.052e-5  n 1179648
compare-dumps v2v_region: missing in candidate
compare-dumps v2v_video_latent             rel_l2 1.790e-2  cosine 0.999840  max_abs 4.243e-1  n 786432
[PASS] stage compare-dumps → gpucheck-out/compare-dumps.json (0.3s)
