[fastvideo] cuda device=0 sm_120 kernels=Cubin(120) gemm=Bf16 resident=true sdpa=dense sdpa_chunk=1024 oxide=[bf16_128x128x128,bf16_128x256x128,bf16_256x128x128,bf16_128x128x256,f32_128x128x128] oxide_embedded=10
[INFO] wan/load {"mem_used_mib":21794,"seconds":62.383861672}
[fastvideo] generate preset=fast_wan_2_2_ti2v_5b tiny=false 1280x704 frames=121 steps=3 dmd=true rcm=false latent=1x48x31x44x80 nvfp4=off resident=true cuda=true
[fastvideo] denoise=dmd steps=3
[fastvideo] sdpa: cuDNN fused attention (cuDNN 92600, graph unified CUDNN_HEUR_MODE_A config 0 of 2, engine 11, numerical notes [0], , workspace 0 B)
[fastvideo] sdpa auto (sm_12x rule): bh=24 sq=27280 sk=27280 d=128 -> cuDNN
[fastvideo] sdpa: fused mma B=1 H=24 Sq=27280 Sk=27280 D=128
[fastvideo] sdpa auto (sm_12x rule): bh=24 sq=27280 sk=512 d=128 -> flash_mma_fwd2
[fastvideo] dmd step 1/3 t=1000 done in 1775ms
[fastvideo] dmd step 2/3 t=757 done in 1465ms
[fastvideo] dmd step 3/3 t=522 done in 1471ms
[fastvideo] dmd 3 steps done in 4711ms
[fastvideo] sdpa: device dense B=1 H=1 Sq=3520 Sk=3520 D=1024 query_chunk=3520
[fastvideo] vae.decode done in 11859ms
[fastvideo] video writer: 121 frames, png deferred (0 inline, 121 after the mp4 in 0.14s, 0.12 GiB, synced), ffmpeg feed blocked 0.00s, mp4 tail 0.00s, buffered peak 0.30 GiB of 85.14
[fastvideo] wrote 121 png frames → /fvscratch/runs/det-short/6ec6c64-10061138/wan-r2/frames (text 0.48s, denoise 4.72s, decode+mp4 13.61s, png 0.14s)
[fastvideo] generate done in 18983ms
[INFO] wan/timings {"audio_generate_s":0.0,"audio_s":0.0,"decode_s":13.610015028,"decoder":"wan-vae","denoise_s":4.7184104940000005,"frames_sha256":"274393bc3bddf0e82c6be63577bc2d8bfef9fd44c63a64210a04c100f6d4f79c","peak_mib":57580,"step_s":[1.781577448,1.465352276,1.4713318389999999],"text_cache":"off","text_s":0.483868145,"total_s":18.842235917,"video_encode_s":0.000154951,"video_push_s":0.00010643000000000002,"video_rgb_s":0.1338663510033192,"video_vae_s":13.599408920288086,"video_wait_s":1.749629863,"write_s":0.141261298}
wan gen default: total 18.84s (text 0.48s, denoise 4.72s, decode 13.61s) png 0.14s peak Some(57580) MiB frames 274393bc3bddf0e82c6be63577bc2d8bfef9fd44c63a64210a04c100f6d4f79c
[PASS] wan/frames {"decoded":121,"written":121} (limits {"expected":121})
[PASS] wan/middle_frame_not_flat {"frame":"/fvscratch/runs/det-short/6ec6c64-10061138/wan-r2/frames/frame-060.png","mean":0.37313399469795294,"std":0.3038741731229728} (limits {"std_min":0.02})
benchmark.json → /fvscratch/runs/det-short/6ec6c64-10061138/wan-r2/benchmark.json
[PASS] stage wan → gpucheck-out/wan.json (82.4s)
