[21:13:51] [wan] matrix start image=50c85fa457f7e5b6
GPU 0: NVIDIA RTX PRO 6000 Blackwell Server Edition (UUID: GPU-4cc2011b-41b3-1220-5e23-5eefb7f35761)
NVIDIA RTX PRO 6000 Blackwell Server Edition, 97887 MiB, 595.91.07
[21:13:51] [wan] skip wan13-dmd (not in FV_CELLS)
[21:13:51] [wan] skip wan13-dmd-dense (not in FV_CELLS)
[21:13:51] [wan] skip compare wan13-dmd--wan13-dmd-dense (frames missing)
[21:13:51] [wan] skip wan13-f32act (not in FV_CELLS)
[21:13:51] [wan] skip wan13-bf16act (not in FV_CELLS)
[21:13:51] [wan] skip wan13-fuse (not in FV_CELLS)
[21:13:51] [wan] skip wan13-mxfp8 (not in FV_CELLS)
[21:13:51] [wan] skip wan13-w8a8 (not in FV_CELLS)
[21:13:51] [wan] skip compare wan13-f32act--wan13-bf16act (frames missing)
[21:13:51] [wan] skip gate wan13-f32act--wan13-bf16act (benchmark.json missing)
[21:13:51] [wan] skip compare wan13-f32act--wan13-fuse (frames missing)
[21:13:51] [wan] skip gate wan13-f32act--wan13-fuse (benchmark.json missing)
[21:13:51] [wan] skip compare wan13-f32act--wan13-mxfp8 (frames missing)
[21:13:51] [wan] skip gate wan13-f32act--wan13-mxfp8 (benchmark.json missing)
[21:13:51] [wan] skip compare wan13-f32act--wan13-w8a8 (frames missing)
[21:13:51] [wan] skip gate wan13-f32act--wan13-w8a8 (benchmark.json missing)
[21:13:51] [wan] skip compare wan13-bf16act--wan13-fuse (frames missing)
[21:13:51] [wan] skip gate wan13-bf16act--wan13-fuse (benchmark.json missing)
[21:13:51] [wan] skip compare wan13-fuse--wan13-mxfp8 (frames missing)
[21:13:51] [wan] skip gate wan13-fuse--wan13-mxfp8 (benchmark.json missing)
[21:13:51] [wan] skip compare wan13-fuse--wan13-w8a8 (frames missing)
[21:13:51] [wan] skip gate wan13-fuse--wan13-w8a8 (benchmark.json missing)
[21:13:51] [wan] skip sfwan13-81f-flash (not in FV_CELLS)
[21:13:51] [wan] skip sfwan13-81f-composed (not in FV_CELLS)
[21:13:51] [wan] skip sfwan13-81f-wholeclip (not in FV_CELLS)
[21:13:51] [wan] skip compare sfwan13-81f-composed--sfwan13-81f-flash (frames missing)
[21:13:51] [wan] skip gate sfwan13-81f-composed--sfwan13-81f-flash (benchmark.json missing)
[21:13:51] [wan] skip compare sfwan13-81f-flash--sfwan13-81f-wholeclip (frames missing)
[21:13:51] [wan] skip wan5b-f32act (not in FV_CELLS)
[21:13:51] [wan] skip wan5b-bf16act (not in FV_CELLS)
[21:13:51] [wan] skip wan5b-mxfp8 (not in FV_CELLS)
[21:13:51] [wan] skip compare wan5b-f32act--wan5b-bf16act (frames missing)
[21:13:51] [wan] skip gate wan5b-f32act--wan5b-bf16act (benchmark.json missing)
[21:13:51] [wan] skip compare wan5b-f32act--wan5b-mxfp8 (frames missing)
[21:13:51] [wan] skip gate wan5b-f32act--wan5b-mxfp8 (benchmark.json missing)
[21:13:51] [wan] skip wan14b-f32act (not in FV_CELLS)
[21:13:51] [wan] skip wan14b-bf16act (not in FV_CELLS)
[21:13:51] [wan] skip wan14b-mxfp8 (not in FV_CELLS)
[21:13:51] [wan] skip compare wan14b-f32act--wan14b-bf16act (frames missing)
[21:13:51] [wan] skip gate wan14b-f32act--wan14b-bf16act (benchmark.json missing)
[21:13:51] [wan] skip compare wan14b-f32act--wan14b-mxfp8 (frames missing)
[21:13:51] [wan] skip gate wan14b-f32act--wan14b-mxfp8 (benchmark.json missing)
[21:13:51] [wan] skip wan13-dmd-fullvae (not in FV_CELLS)
[21:13:51] [wan] skip wan13-dmd-fullvae-chunk1 (not in FV_CELLS)
[21:13:51] [wan] skip compare wan13-dmd-fullvae--wan13-dmd (frames missing)
[21:13:51] [wan] skip gate wan13-dmd-fullvae--wan13-dmd (benchmark.json missing)
[21:13:51] [wan] skip compare wan13-dmd-fullvae-chunk1--wan13-dmd-fullvae (frames missing)
[21:13:51] [wan] skip wan13-dmd-nocache (not in FV_CELLS)
[21:13:51] [wan] skip compare wan13-dmd--wan13-dmd-nocache (frames missing)
[21:13:51] [wan] skip gate wan13-dmd--wan13-dmd-nocache (benchmark.json missing)
[21:13:51] [wan] skip wan13-dmd-sol (not in FV_CELLS)
[21:13:51] [wan] skip wan13-dmd-teacache (not in FV_CELLS)
[21:13:51] [wan] skip compare wan13-dmd--wan13-dmd-sol (frames missing)
[21:13:51] [wan] skip gate wan13-dmd--wan13-dmd-sol (benchmark.json missing)
[21:13:51] [wan] skip compare wan13-dmd--wan13-dmd-teacache (frames missing)
[21:13:51] [wan] skip gate wan13-dmd--wan13-dmd-teacache (benchmark.json missing)
[21:13:51] [wan] skip wan14 (not in FV_CELLS)
[21:13:51] [wan] skip wan14-4step (not in FV_CELLS)
[21:13:51] [wan] skip wan14-4step-nocache (not in FV_CELLS)
[21:13:51] [wan] skip compare wan14-4step--wan14-4step-nocache (frames missing)
[21:13:51] [wan] skip wan14-easycache (not in FV_CELLS)
[21:13:51] [wan] skip wan14-teacache (not in FV_CELLS)
[21:13:51] [wan] skip wan14-sol (not in FV_CELLS)
[21:13:51] [wan] skip wan14-fullstack (not in FV_CELLS)
[21:13:51] [wan] skip compare wan14--wan14-easycache (frames missing)
[21:13:51] [wan] skip gate wan14--wan14-easycache (benchmark.json missing)
[21:13:51] [wan] skip compare wan14--wan14-teacache (frames missing)
[21:13:51] [wan] skip gate wan14--wan14-teacache (benchmark.json missing)
[21:13:51] [wan] skip compare wan14--wan14-sol (frames missing)
[21:13:51] [wan] skip gate wan14--wan14-sol (benchmark.json missing)
[21:13:51] [wan] skip compare wan14--wan14-fullstack (frames missing)
[21:13:51] [wan] skip gate wan14--wan14-fullstack (benchmark.json missing)
[21:13:52] [wan] oracle: fetching https://xxkx396793tip8-8000.proxy.runpod.net/upstream/9b2c963-09282106/oracle-wan22-ti2v/oracle-dump.tar
[21:13:59] [wan] oracle: wan22-ti2v reference 599M
[21:14:00] [wan] ▶ wan5b-oracle  /opt/fastvideo-rs/target/release/fv-gpucheck --mode fast --keep-going wan oracle --weights /workspace/weights/wan22-ti2v-5b --reference /fvscratch/oracle-ref/wan22-ti2v/dump --dump-out /fvscratch/runs/wan/9b2c963-09282112/wan5b-oracle-dump --taehv /workspace/weights/auxiliary/tae/taew2_2.safetensors  (wall cap 1800s; 0=none)
[21:15:38] [wan] ok wan5b-oracle  98s  
[21:15:38] [wan] skip wan5b-oracle-diff (not in FV_CELLS)
grep: /fvscratch/runs/wan/9b2c963-09282112/wan5b-oracle-diff/stderr.log: No such file or directory
[21:15:38] [wan] skip wan5b-oracle-exact (not in FV_CELLS)
[21:15:38] [wan] skip wan5b (not in FV_CELLS)
[21:15:38] [wan] skip wan5b-taehv (not in FV_CELLS)
[21:15:38] [wan] skip compare wan5b--wan5b-taehv (frames missing)
[21:15:38] [wan] skip wan5b-i2v (not in FV_CELLS)
[21:15:38] [wan] skip wan5b-easycache (not in FV_CELLS)
[21:15:38] [wan] skip compare wan5b--wan5b-easycache (frames missing)
[21:15:38] [wan] skip fw22 (not in FV_CELLS)
[21:15:38] [wan] skip fw22-taehv (not in FV_CELLS)
[21:15:38] [wan] skip compare fw22--fw22-taehv (frames missing)
[21:15:38] [wan] skip compare wan5b--fw22 (frames missing)
[21:15:38] [wan] skip fw22-i2v (not in FV_CELLS)
[21:15:38] [wan] skip fw22-580p-161f (not in FV_CELLS)
[21:15:38] [wan] skip fw22-720p-161f (not in FV_CELLS)
[21:15:38] [wan] skip wan5b-580p-161f (not in FV_CELLS)
[21:15:38] [wan] skip wan5b-720p-161f (not in FV_CELLS)
[21:15:38] [wan] skip cli-fw22 (not in FV_CELLS)
[21:15:38] [wan] skip engine-fw22 (not in FV_CELLS)
[21:15:38] [wan] skip sfwan13-81f-fullvae (not in FV_CELLS)
[21:15:38] [wan] skip compare sfwan13-81f-fullvae--sfwan13-81f-flash (frames missing)
[21:15:38] [wan] matrix done
matrix_exit=0
