compare-dumps audio_sigmas                 rel_l2 0.000e0  cosine 1.000000  max_abs 0.000e0  n 5
compare-dumps audio_step01                 rel_l2 6.374e-3  cosine 0.999980  max_abs 2.710e-2  n 13248
compare-dumps audio_step02                 rel_l2 4.044e-2  cosine 0.999183  max_abs 1.144e-1  n 13248
compare-dumps audio_step03                 rel_l2 9.185e-2  cosine 0.995783  max_abs 1.875e-1  n 13248
compare-dumps audio_step04                 rel_l2 2.900e-1  cosine 0.957091  max_abs 3.998e-1  n 13248
compare-dumps audio_step00_in              rel_l2 0.000e0  cosine 1.000000  max_abs 0.000e0  n 13248
compare-dumps audio_timesteps              rel_l2 0.000e0  cosine 1.000000  max_abs 0.000e0  n 4
compare-dumps audio_vel_step01             rel_l2 5.377e-2  cosine 0.998561  max_abs 2.710e-1  n 13248
compare-dumps audio_vel_step02             rel_l2 1.761e-1  cosine 0.984465  max_abs 7.600e-1  n 13248
compare-dumps audio_vel_step03             rel_l2 1.074e-1  cosine 0.994234  max_abs 5.149e-1  n 13248
compare-dumps audio_vel_step04             rel_l2 1.069e-1  cosine 0.994287  max_abs 5.420e-1  n 13248
compare-dumps rope_cos                     rel_l2 inf  cosine 0.000000  max_abs inf  n 77952
compare-dumps rope_sin                     rel_l2 inf  cosine 0.000000  max_abs inf  n 77952
compare-dumps step00_b0_adaln              rel_l2 inf  cosine 0.000000  max_abs inf  n 26191872
compare-dumps step00_b0_attn_in            rel_l2 inf  cosine 0.000000  max_abs inf  n 4365312
compare-dumps step00_b0_attn_out           rel_l2 inf  cosine 0.000000  max_abs inf  n 4365312
compare-dumps step00_b0_ffn_in             rel_l2 inf  cosine 0.000000  max_abs inf  n 4365312
compare-dumps step00_b0_ffn_out            rel_l2 inf  cosine 0.000000  max_abs inf  n 4365312
compare-dumps step00_b0_resid_msa          rel_l2 inf  cosine 0.000000  max_abs inf  n 4365312
compare-dumps step00_b1_adaln              rel_l2 inf  cosine 0.000000  max_abs inf  n 26191872
compare-dumps step00_b1_attn_in            rel_l2 inf  cosine 0.000000  max_abs inf  n 4365312
compare-dumps step00_b1_attn_out           rel_l2 inf  cosine 0.000000  max_abs inf  n 4365312
compare-dumps step00_b1_ffn_in             rel_l2 inf  cosine 0.000000  max_abs inf  n 4365312
compare-dumps step00_b1_ffn_out            rel_l2 inf  cosine 0.000000  max_abs inf  n 4365312
compare-dumps step00_b1_resid_msa          rel_l2 inf  cosine 0.000000  max_abs inf  n 4365312
compare-dumps step00_b24_adaln             rel_l2 inf  cosine 0.000000  max_abs inf  n 26191872
compare-dumps step00_b24_attn_in           rel_l2 inf  cosine 0.000000  max_abs inf  n 4365312
compare-dumps step00_b24_attn_out          rel_l2 inf  cosine 0.000000  max_abs inf  n 4365312
compare-dumps step00_b24_ffn_in            rel_l2 inf  cosine 0.000000  max_abs inf  n 4365312
compare-dumps step00_b24_ffn_out           rel_l2 inf  cosine 0.000000  max_abs inf  n 4365312
compare-dumps step00_b24_resid_msa         rel_l2 inf  cosine 0.000000  max_abs inf  n 4365312
compare-dumps step00_b47_adaln             rel_l2 inf  cosine 0.000000  max_abs inf  n 26191872
compare-dumps step00_b47_attn_in           rel_l2 inf  cosine 0.000000  max_abs inf  n 4365312
compare-dumps step00_b47_attn_out          rel_l2 inf  cosine 0.000000  max_abs inf  n 4365312
compare-dumps step00_b47_ffn_in            rel_l2 inf  cosine 0.000000  max_abs inf  n 4365312
compare-dumps step00_b47_ffn_out           rel_l2 inf  cosine 0.000000  max_abs inf  n 4365312
compare-dumps step00_b47_resid_msa         rel_l2 inf  cosine 0.000000  max_abs inf  n 4365312
compare-dumps step00_block_0               rel_l2 inf  cosine 0.000000  max_abs inf  n 4365312
compare-dumps step00_block_1               rel_l2 inf  cosine 0.000000  max_abs inf  n 4365312
compare-dumps step00_block_2               rel_l2 inf  cosine 0.000000  max_abs inf  n 4365312
compare-dumps step00_block_3               rel_l2 inf  cosine 0.000000  max_abs inf  n 4365312
compare-dumps step00_block_4               rel_l2 inf  cosine 0.000000  max_abs inf  n 4365312
compare-dumps step00_block_5               rel_l2 inf  cosine 0.000000  max_abs inf  n 4365312
compare-dumps step00_block_6               rel_l2 inf  cosine 0.000000  max_abs inf  n 4365312
compare-dumps step00_block_7               rel_l2 inf  cosine 0.000000  max_abs inf  n 4365312
compare-dumps step00_block_8               rel_l2 inf  cosine 0.000000  max_abs inf  n 4365312
compare-dumps step00_block_9               rel_l2 inf  cosine 0.000000  max_abs inf  n 4365312
compare-dumps step00_block_10              rel_l2 inf  cosine 0.000000  max_abs inf  n 4365312
compare-dumps step00_block_11              rel_l2 inf  cosine 0.000000  max_abs inf  n 4365312
compare-dumps step00_block_12              rel_l2 inf  cosine 0.000000  max_abs inf  n 4365312
compare-dumps step00_block_13              rel_l2 inf  cosine 0.000000  max_abs inf  n 4365312
compare-dumps step00_block_14              rel_l2 inf  cosine 0.000000  max_abs inf  n 4365312
compare-dumps step00_block_15              rel_l2 inf  cosine 0.000000  max_abs inf  n 4365312
compare-dumps step00_block_16              rel_l2 inf  cosine 0.000000  max_abs inf  n 4365312
compare-dumps step00_block_17              rel_l2 inf  cosine 0.000000  max_abs inf  n 4365312
compare-dumps step00_block_18              rel_l2 inf  cosine 0.000000  max_abs inf  n 4365312
compare-dumps step00_block_19              rel_l2 inf  cosine 0.000000  max_abs inf  n 4365312
compare-dumps step00_block_20              rel_l2 inf  cosine 0.000000  max_abs inf  n 4365312
compare-dumps step00_block_21              rel_l2 inf  cosine 0.000000  max_abs inf  n 4365312
compare-dumps step00_block_22              rel_l2 inf  cosine 0.000000  max_abs inf  n 4365312
compare-dumps step00_block_23              rel_l2 inf  cosine 0.000000  max_abs inf  n 4365312
compare-dumps step00_block_24              rel_l2 inf  cosine 0.000000  max_abs inf  n 4365312
compare-dumps step00_block_25              rel_l2 inf  cosine 0.000000  max_abs inf  n 4365312
compare-dumps step00_block_26              rel_l2 inf  cosine 0.000000  max_abs inf  n 4365312
compare-dumps step00_block_27              rel_l2 inf  cosine 0.000000  max_abs inf  n 4365312
compare-dumps step00_block_28              rel_l2 inf  cosine 0.000000  max_abs inf  n 4365312
compare-dumps step00_block_29              rel_l2 inf  cosine 0.000000  max_abs inf  n 4365312
compare-dumps step00_block_30              rel_l2 inf  cosine 0.000000  max_abs inf  n 4365312
compare-dumps step00_block_31              rel_l2 inf  cosine 0.000000  max_abs inf  n 4365312
compare-dumps step00_block_32              rel_l2 inf  cosine 0.000000  max_abs inf  n 4365312
compare-dumps step00_block_33              rel_l2 inf  cosine 0.000000  max_abs inf  n 4365312
compare-dumps step00_block_34              rel_l2 inf  cosine 0.000000  max_abs inf  n 4365312
compare-dumps step00_block_35              rel_l2 inf  cosine 0.000000  max_abs inf  n 4365312
compare-dumps step00_block_36              rel_l2 inf  cosine 0.000000  max_abs inf  n 4365312
compare-dumps step00_block_37              rel_l2 inf  cosine 0.000000  max_abs inf  n 4365312
compare-dumps step00_block_38              rel_l2 inf  cosine 0.000000  max_abs inf  n 4365312
compare-dumps step00_block_39              rel_l2 inf  cosine 0.000000  max_abs inf  n 4365312
compare-dumps step00_block_40              rel_l2 inf  cosine 0.000000  max_abs inf  n 4365312
compare-dumps step00_block_41              rel_l2 inf  cosine 0.000000  max_abs inf  n 4365312
compare-dumps step00_block_42              rel_l2 inf  cosine 0.000000  max_abs inf  n 4365312
compare-dumps step00_block_43              rel_l2 inf  cosine 0.000000  max_abs inf  n 4365312
compare-dumps step00_block_44              rel_l2 inf  cosine 0.000000  max_abs inf  n 4365312
compare-dumps step00_block_45              rel_l2 inf  cosine 0.000000  max_abs inf  n 4365312
compare-dumps step00_block_46              rel_l2 inf  cosine 0.000000  max_abs inf  n 4365312
compare-dumps step00_block_47              rel_l2 inf  cosine 0.000000  max_abs inf  n 4365312
compare-dumps step00_block_48              rel_l2 inf  cosine 0.000000  max_abs inf  n 4365312
compare-dumps step00_block_49              rel_l2 inf  cosine 0.000000  max_abs inf  n 4365312
compare-dumps step00_packed_in             rel_l2 inf  cosine 0.000000  max_abs inf  n 4365312
compare-dumps text_hidden                  rel_l2 inf  cosine 0.000000  max_abs inf  n 36628480
compare-dumps text_refined                 rel_l2 inf  cosine 0.000000  max_abs inf  n 38459904
compare-dumps video_sigmas                 rel_l2 0.000e0  cosine 1.000000  max_abs 0.000e0  n 5
compare-dumps video_step01                 rel_l2 2.181e-2  cosine 0.999762  max_abs 9.427e-2  n 3580416
compare-dumps video_step02                 rel_l2 4.051e-2  cosine 0.999180  max_abs 1.617e-1  n 3580416
compare-dumps video_step03                 rel_l2 9.702e-2  cosine 0.995292  max_abs 3.436e-1  n 3580416
compare-dumps video_step04                 rel_l2 3.165e-1  cosine 0.948766  max_abs 1.916e0  n 3580416
compare-dumps video_step00_in              rel_l2 inf  cosine 0.000000  max_abs inf  n 4262400
compare-dumps video_timesteps              rel_l2 0.000e0  cosine 1.000000  max_abs 0.000e0  n 4
compare-dumps video_vel_step01             rel_l2 3.251e-1  cosine 0.951469  max_abs 3.488e0  n 3580416
compare-dumps video_vel_step02             rel_l2 2.368e-1  cosine 0.971656  max_abs 1.738e0  n 3580416
compare-dumps video_vel_step03             rel_l2 2.417e-1  cosine 0.970414  max_abs 1.617e0  n 3580416
compare-dumps video_vel_step04             rel_l2 2.454e-1  cosine 0.969434  max_abs 2.165e0  n 3580416
[PASS] stage compare-dumps → gpucheck-out/compare-dumps.json (1.8s)
