compare-dumps noise_seed1024_000: missing in candidate
compare-dumps noise_seed1024_001: missing in candidate
compare-dumps noise_seed11024_000: missing in candidate
compare-dumps noise_seed11024_001: missing in candidate
compare-dumps noise_seed11024_002: missing in candidate
compare-dumps noise_seed11024_003: missing in candidate
compare-dumps noise_seed11024_004: missing in candidate
compare-dumps noise_seed11024_005: missing in candidate
compare-dumps noise_seed11024_006: missing in candidate
compare-dumps noise_seed11024_007: missing in candidate
compare-dumps noise_seed11024_008: missing in candidate
compare-dumps noise_seed11024_009: missing in candidate
compare-dumps noise_seed11024_010: missing in candidate
compare-dumps noise_seed11024_011: missing in candidate
compare-dumps noise_seed11024_012: missing in candidate
compare-dumps noise_seed11024_013: missing in candidate
compare-dumps s1_audio_step01              rel_l2 9.943e-2  cosine 0.995058  max_abs 1.961e0  n 16128
compare-dumps s1_audio_step02              rel_l2 9.943e-2  cosine 0.995058  max_abs 1.961e0  n 16128
compare-dumps s1_audio_step03              rel_l2 9.943e-2  cosine 0.995058  max_abs 1.961e0  n 16128
compare-dumps s1_audio_step04              rel_l2 9.943e-2  cosine 0.995058  max_abs 1.961e0  n 16128
compare-dumps s1_audio_step05              rel_l2 9.943e-2  cosine 0.995058  max_abs 1.961e0  n 16128
compare-dumps s1_audio_step06              rel_l2 9.943e-2  cosine 0.995058  max_abs 1.961e0  n 16128
compare-dumps s1_audio_step07              rel_l2 9.943e-2  cosine 0.995058  max_abs 1.961e0  n 16128
compare-dumps s1_audio_step08              rel_l2 9.943e-2  cosine 0.995058  max_abs 1.961e0  n 16128
compare-dumps s1_audio_step00_in           rel_l2 1.558e0  cosine -0.007544  max_abs 7.073e0  n 16128
compare-dumps s1_audio_vel_step01          rel_l2 1.804e0  cosine -0.010689  max_abs 5.994e0  n 16128
compare-dumps s1_audio_vel_step02          rel_l2 1.333e-1  cosine 0.991092  max_abs 3.602e0  n 16128
compare-dumps s1_audio_vel_step03          rel_l2 1.328e-1  cosine 0.991162  max_abs 3.578e0  n 16128
compare-dumps s1_audio_vel_step04          rel_l2 1.327e-1  cosine 0.991168  max_abs 3.606e0  n 16128
compare-dumps s1_audio_vel_step05          rel_l2 1.325e-1  cosine 0.991199  max_abs 3.580e0  n 16128
compare-dumps s1_audio_vel_step06          rel_l2 1.324e-1  cosine 0.991215  max_abs 3.588e0  n 16128
compare-dumps s1_audio_vel_step07          rel_l2 1.323e-1  cosine 0.991222  max_abs 3.579e0  n 16128
compare-dumps s1_audio_vel_step08          rel_l2 1.327e-1  cosine 0.991176  max_abs 3.569e0  n 16128
compare-dumps s1_audio_x0_step01           rel_l2 1.558e0  cosine -0.007544  max_abs 7.073e0  n 16128
compare-dumps s1_audio_x0_step02           rel_l2 9.943e-2  cosine 0.995058  max_abs 1.961e0  n 16128
compare-dumps s1_audio_x0_step03           rel_l2 9.943e-2  cosine 0.995058  max_abs 1.961e0  n 16128
compare-dumps s1_audio_x0_step04           rel_l2 9.943e-2  cosine 0.995058  max_abs 1.961e0  n 16128
compare-dumps s1_audio_x0_step05           rel_l2 9.943e-2  cosine 0.995058  max_abs 1.961e0  n 16128
compare-dumps s1_audio_x0_step06           rel_l2 9.943e-2  cosine 0.995058  max_abs 1.961e0  n 16128
compare-dumps s1_audio_x0_step07           rel_l2 9.943e-2  cosine 0.995058  max_abs 1.961e0  n 16128
compare-dumps s1_audio_x0_step08           rel_l2 9.943e-2  cosine 0.995058  max_abs 1.961e0  n 16128
compare-dumps s1_sigmas                    rel_l2 0.000e0  cosine 1.000000  max_abs 0.000e0  n 9
compare-dumps s1_step00_audio_block_0      rel_l2 1.067e0  cosine 0.329599  max_abs 5.138e2  n 258048
compare-dumps s1_step00_audio_block_1      rel_l2 1.157e0  cosine 0.230310  max_abs 7.610e2  n 258048
compare-dumps s1_step00_audio_block_2      rel_l2 1.193e0  cosine 0.175046  max_abs 9.400e2  n 258048
compare-dumps s1_step00_audio_block_3      rel_l2 1.122e0  cosine 0.278369  max_abs 7.070e2  n 258048
compare-dumps s1_step00_audio_block_4      rel_l2 1.177e0  cosine 0.166906  max_abs 7.160e2  n 258048
compare-dumps s1_step00_audio_block_5      rel_l2 1.190e0  cosine 0.114366  max_abs 7.465e2  n 258048
compare-dumps s1_step00_audio_block_6      rel_l2 1.174e0  cosine 0.149247  max_abs 5.830e2  n 258048
compare-dumps s1_step00_audio_block_7      rel_l2 1.172e0  cosine 0.155928  max_abs 5.650e2  n 258048
compare-dumps s1_step00_audio_block_8      rel_l2 1.161e0  cosine 0.168245  max_abs 5.845e2  n 258048
compare-dumps s1_step00_audio_block_9      rel_l2 1.166e0  cosine 0.158105  max_abs 6.265e2  n 258048
compare-dumps s1_step00_audio_block_10     rel_l2 1.159e0  cosine 0.174505  max_abs 6.378e2  n 258048
compare-dumps s1_step00_audio_block_11     rel_l2 1.160e0  cosine 0.172956  max_abs 6.598e2  n 258048
compare-dumps s1_step00_audio_block_12     rel_l2 1.155e0  cosine 0.187323  max_abs 6.764e2  n 258048
compare-dumps s1_step00_audio_block_13     rel_l2 1.147e0  cosine 0.195637  max_abs 6.918e2  n 258048
compare-dumps s1_step00_audio_block_14     rel_l2 1.136e0  cosine 0.213938  max_abs 6.798e2  n 258048
compare-dumps s1_step00_audio_block_15     rel_l2 1.152e0  cosine 0.197657  max_abs 6.817e2  n 258048
compare-dumps s1_step00_audio_block_16     rel_l2 1.130e0  cosine 0.228750  max_abs 6.248e2  n 258048
compare-dumps s1_step00_audio_block_17     rel_l2 1.119e0  cosine 0.244768  max_abs 5.980e2  n 258048
compare-dumps s1_step00_audio_block_18     rel_l2 1.109e0  cosine 0.262600  max_abs 5.870e2  n 258048
compare-dumps s1_step00_audio_block_19     rel_l2 1.102e0  cosine 0.268680  max_abs 5.685e2  n 258048
compare-dumps s1_step00_audio_block_20     rel_l2 1.096e0  cosine 0.273513  max_abs 5.560e2  n 258048
compare-dumps s1_step00_audio_block_21     rel_l2 1.095e0  cosine 0.269967  max_abs 6.320e2  n 258048
compare-dumps s1_step00_audio_block_22     rel_l2 1.099e0  cosine 0.269411  max_abs 6.820e2  n 258048
compare-dumps s1_step00_audio_block_23     rel_l2 1.105e0  cosine 0.249484  max_abs 7.860e2  n 258048
compare-dumps s1_step00_audio_block_24     rel_l2 1.134e0  cosine 0.225208  max_abs 8.480e2  n 258048
compare-dumps s1_step00_audio_block_25     rel_l2 1.127e0  cosine 0.210569  max_abs 9.260e2  n 258048
compare-dumps s1_step00_audio_block_26     rel_l2 1.115e0  cosine 0.247516  max_abs 1.024e3  n 258048
compare-dumps s1_step00_audio_block_27     rel_l2 1.116e0  cosine 0.239276  max_abs 9.760e2  n 258048
compare-dumps s1_step00_audio_block_28     rel_l2 1.138e0  cosine 0.235489  max_abs 7.120e2  n 258048
compare-dumps s1_step00_audio_block_29     rel_l2 1.125e0  cosine 0.231830  max_abs 7.520e2  n 258048
compare-dumps s1_step00_audio_block_30     rel_l2 1.121e0  cosine 0.243488  max_abs 5.645e2  n 258048
compare-dumps s1_step00_audio_block_31     rel_l2 1.126e0  cosine 0.246655  max_abs 5.795e2  n 258048
compare-dumps s1_step00_audio_block_32     rel_l2 1.085e0  cosine 0.314069  max_abs 5.140e2  n 258048
compare-dumps s1_step00_audio_block_33     rel_l2 1.052e0  cosine 0.347551  max_abs 4.500e2  n 258048
compare-dumps s1_step00_audio_block_34     rel_l2 1.047e0  cosine 0.366501  max_abs 5.040e2  n 258048
compare-dumps s1_step00_audio_block_35     rel_l2 1.038e0  cosine 0.382754  max_abs 4.960e2  n 258048
compare-dumps s1_step00_audio_block_36     rel_l2 1.007e0  cosine 0.419333  max_abs 4.980e2  n 258048
compare-dumps s1_step00_audio_block_37     rel_l2 1.032e0  cosine 0.381941  max_abs 5.280e2  n 258048
compare-dumps s1_step00_audio_block_38     rel_l2 9.775e-1  cosine 0.454597  max_abs 5.310e2  n 258048
compare-dumps s1_step00_audio_block_39     rel_l2 9.647e-1  cosine 0.450453  max_abs 5.780e2  n 258048
compare-dumps s1_step00_audio_block_40     rel_l2 9.276e-1  cosine 0.496364  max_abs 6.560e2  n 258048
compare-dumps s1_step00_audio_block_41     rel_l2 8.463e-1  cosine 0.587604  max_abs 7.880e2  n 258048
compare-dumps s1_step00_audio_block_42     rel_l2 8.018e-1  cosine 0.623930  max_abs 9.080e2  n 258048
compare-dumps s1_step00_audio_block_43     rel_l2 7.778e-1  cosine 0.645056  max_abs 1.028e3  n 258048
compare-dumps s1_step00_audio_block_44     rel_l2 7.186e-1  cosine 0.701545  max_abs 1.218e3  n 258048
compare-dumps s1_step00_audio_block_45     rel_l2 7.428e-1  cosine 0.676919  max_abs 1.256e3  n 258048
compare-dumps s1_step00_audio_block_46     rel_l2 5.650e-1  cosine 0.827443  max_abs 1.750e3  n 258048
compare-dumps s1_step00_audio_block_47     rel_l2 3.431e-1  cosine 0.939330  max_abs 2.336e3  n 258048
compare-dumps s1_step00_audio_in           rel_l2 2.912e0  cosine -0.005799  max_abs 9.194e1  n 258048
compare-dumps s1_step00_video_block_0      rel_l2 3.083e-3  cosine 0.999995  max_abs 2.000e0  n 393216
compare-dumps s1_step00_video_block_1      rel_l2 8.666e-3  cosine 0.999962  max_abs 4.000e0  n 393216
compare-dumps s1_step00_video_block_2      rel_l2 1.264e-2  cosine 0.999922  max_abs 4.000e0  n 393216
compare-dumps s1_step00_video_block_3      rel_l2 1.283e-2  cosine 0.999919  max_abs 4.000e0  n 393216
compare-dumps s1_step00_video_block_4      rel_l2 1.103e-2  cosine 0.999940  max_abs 4.000e0  n 393216
compare-dumps s1_step00_video_block_5      rel_l2 1.265e-2  cosine 0.999923  max_abs 8.000e0  n 393216
compare-dumps s1_step00_video_block_6      rel_l2 1.462e-2  cosine 0.999893  max_abs 4.000e0  n 393216
compare-dumps s1_step00_video_block_7      rel_l2 1.481e-2  cosine 0.999892  max_abs 4.000e0  n 393216
compare-dumps s1_step00_video_block_8      rel_l2 1.545e-2  cosine 0.999881  max_abs 6.000e0  n 393216
compare-dumps s1_step00_video_block_9      rel_l2 1.471e-2  cosine 0.999892  max_abs 4.500e0  n 393216
compare-dumps s1_step00_video_block_10     rel_l2 1.524e-2  cosine 0.999885  max_abs 4.500e0  n 393216
compare-dumps s1_step00_video_block_11     rel_l2 1.559e-2  cosine 0.999879  max_abs 6.000e0  n 393216
compare-dumps s1_step00_video_block_12     rel_l2 1.738e-2  cosine 0.999852  max_abs 6.000e0  n 393216
compare-dumps s1_step00_video_block_13     rel_l2 2.180e-2  cosine 0.999772  max_abs 8.000e0  n 393216
compare-dumps s1_step00_video_block_14     rel_l2 2.063e-2  cosine 0.999823  max_abs 1.200e1  n 393216
compare-dumps s1_step00_video_block_15     rel_l2 2.305e-2  cosine 0.999740  max_abs 9.000e0  n 393216
compare-dumps s1_step00_video_block_16     rel_l2 2.265e-2  cosine 0.999762  max_abs 1.000e1  n 393216
compare-dumps s1_step00_video_block_17     rel_l2 2.254e-2  cosine 0.999807  max_abs 1.800e1  n 393216
compare-dumps s1_step00_video_block_18     rel_l2 2.106e-2  cosine 0.999804  max_abs 1.000e1  n 393216
compare-dumps s1_step00_video_block_19     rel_l2 2.081e-2  cosine 0.999786  max_abs 6.000e0  n 393216
compare-dumps s1_step00_video_block_20     rel_l2 2.327e-2  cosine 0.999739  max_abs 1.200e1  n 393216
compare-dumps s1_step00_video_block_21     rel_l2 2.249e-2  cosine 0.999747  max_abs 8.531e0  n 393216
compare-dumps s1_step00_video_block_22     rel_l2 2.643e-2  cosine 0.999651  max_abs 1.000e1  n 393216
compare-dumps s1_step00_video_block_23     rel_l2 3.087e-2  cosine 0.999523  max_abs 1.500e1  n 393216
compare-dumps s1_step00_video_block_24     rel_l2 4.982e-2  cosine 0.998800  max_abs 9.400e1  n 393216
compare-dumps s1_step00_video_block_25     rel_l2 4.046e-2  cosine 0.999186  max_abs 4.200e1  n 393216
compare-dumps s1_step00_video_block_26     rel_l2 4.597e-2  cosine 0.998947  max_abs 5.200e1  n 393216
compare-dumps s1_step00_video_block_27     rel_l2 5.547e-2  cosine 0.998461  max_abs 6.800e1  n 393216
compare-dumps s1_step00_video_block_28     rel_l2 6.712e-2  cosine 0.997751  max_abs 1.450e2  n 393216
compare-dumps s1_step00_video_block_29     rel_l2 6.968e-2  cosine 0.997573  max_abs 1.160e2  n 393216
compare-dumps s1_step00_video_block_30     rel_l2 7.128e-2  cosine 0.997488  max_abs 1.080e2  n 393216
compare-dumps s1_step00_video_block_31     rel_l2 7.326e-2  cosine 0.997343  max_abs 1.130e2  n 393216
compare-dumps s1_step00_video_block_32     rel_l2 7.128e-2  cosine 0.997465  max_abs 7.300e1  n 393216
compare-dumps s1_step00_video_block_33     rel_l2 6.828e-2  cosine 0.997680  max_abs 7.400e1  n 393216
compare-dumps s1_step00_video_block_34     rel_l2 7.426e-2  cosine 0.997250  max_abs 1.650e2  n 393216
compare-dumps s1_step00_video_block_35     rel_l2 6.029e-2  cosine 0.998184  max_abs 4.600e1  n 393216
compare-dumps s1_step00_video_block_36     rel_l2 4.994e-2  cosine 0.998752  max_abs 4.000e1  n 393216
compare-dumps s1_step00_video_block_37     rel_l2 5.204e-2  cosine 0.998645  max_abs 2.600e1  n 393216
compare-dumps s1_step00_video_block_38     rel_l2 5.652e-2  cosine 0.998404  max_abs 3.400e1  n 393216
compare-dumps s1_step00_video_block_39     rel_l2 5.688e-2  cosine 0.998384  max_abs 2.400e1  n 393216
compare-dumps s1_step00_video_block_40     rel_l2 5.973e-2  cosine 0.998215  max_abs 4.600e1  n 393216
compare-dumps s1_step00_video_block_41     rel_l2 6.089e-2  cosine 0.998144  max_abs 4.600e1  n 393216
compare-dumps s1_step00_video_block_42     rel_l2 6.611e-2  cosine 0.997812  max_abs 2.200e1  n 393216
compare-dumps s1_step00_video_block_43     rel_l2 6.277e-2  cosine 0.998028  max_abs 3.600e1  n 393216
compare-dumps s1_step00_video_block_44     rel_l2 5.993e-2  cosine 0.998204  max_abs 2.400e1  n 393216
compare-dumps s1_step00_video_block_45     rel_l2 5.238e-2  cosine 0.998628  max_abs 2.400e1  n 393216
compare-dumps s1_step00_video_block_46     rel_l2 5.609e-2  cosine 0.998427  max_abs 2.400e1  n 393216
compare-dumps s1_step00_video_block_47     rel_l2 2.203e-2  cosine 0.999758  max_abs 6.400e1  n 393216
compare-dumps s1_step00_video_in           rel_l2 1.045e-2  cosine 0.999945  max_abs 2.109e-1  n 393216
compare-dumps s1_video_step01              rel_l2 1.264e-2  cosine 0.999920  max_abs 4.243e-1  n 786432
compare-dumps s1_video_step02              rel_l2 1.270e-2  cosine 0.999920  max_abs 4.243e-1  n 786432
compare-dumps s1_video_step03              rel_l2 1.276e-2  cosine 0.999919  max_abs 4.243e-1  n 786432
compare-dumps s1_video_step04              rel_l2 1.281e-2  cosine 0.999918  max_abs 4.243e-1  n 786432
compare-dumps s1_video_step05              rel_l2 1.333e-2  cosine 0.999911  max_abs 4.243e-1  n 786432
compare-dumps s1_video_step06              rel_l2 1.499e-2  cosine 0.999888  max_abs 4.243e-1  n 786432
compare-dumps s1_video_step07              rel_l2 1.779e-2  cosine 0.999842  max_abs 4.243e-1  n 786432
compare-dumps s1_video_step08              rel_l2 1.996e-2  cosine 0.999802  max_abs 4.243e-1  n 786432
compare-dumps s1_video_step00_in           rel_l2 1.259e-2  cosine 0.999921  max_abs 4.243e-1  n 786432
compare-dumps s1_video_vel_step01          rel_l2 2.869e-2  cosine 0.999588  max_abs 6.094e-1  n 786432
compare-dumps s1_video_vel_step02          rel_l2 2.333e-2  cosine 0.999728  max_abs 5.469e-1  n 786432
compare-dumps s1_video_vel_step03          rel_l2 2.426e-2  cosine 0.999706  max_abs 6.406e-1  n 786432
compare-dumps s1_video_vel_step04          rel_l2 2.352e-2  cosine 0.999723  max_abs 4.688e-1  n 786432
compare-dumps s1_video_vel_step05          rel_l2 2.312e-2  cosine 0.999733  max_abs 4.805e-1  n 786432
compare-dumps s1_video_vel_step06          rel_l2 2.349e-2  cosine 0.999724  max_abs 4.805e-1  n 786432
compare-dumps s1_video_vel_step07          rel_l2 2.456e-2  cosine 0.999698  max_abs 5.488e-1  n 786432
compare-dumps s1_video_vel_step08          rel_l2 2.975e-2  cosine 0.999558  max_abs 6.523e-1  n 786432
compare-dumps s1_video_x0_step01           rel_l2 2.771e-2  cosine 0.999617  max_abs 4.243e-1  n 786432
compare-dumps s1_video_x0_step02           rel_l2 2.106e-2  cosine 0.999779  max_abs 4.243e-1  n 786432
compare-dumps s1_video_x0_step03           rel_l2 2.277e-2  cosine 0.999742  max_abs 4.243e-1  n 786432
compare-dumps s1_video_x0_step04           rel_l2 2.139e-2  cosine 0.999772  max_abs 4.243e-1  n 786432
compare-dumps s1_video_x0_step05           rel_l2 2.116e-2  cosine 0.999777  max_abs 4.243e-1  n 786432
compare-dumps s1_video_x0_step06           rel_l2 2.105e-2  cosine 0.999779  max_abs 4.243e-1  n 786432
compare-dumps s1_video_x0_step07           rel_l2 2.047e-2  cosine 0.999791  max_abs 4.243e-1  n 786432
compare-dumps s1_video_x0_step08           rel_l2 1.996e-2  cosine 0.999802  max_abs 4.243e-1  n 786432
compare-dumps text_attention_mask: missing in candidate
compare-dumps text_audio_ctx               rel_l2 5.873e-3  cosine 0.999983  max_abs 5.674e-1  n 2097152
compare-dumps text_audio_ctx_real: missing in candidate
compare-dumps text_audio_feats: missing in candidate
compare-dumps text_hidden_0: missing in candidate
compare-dumps text_hidden_1: missing in candidate
compare-dumps text_hidden_2: missing in candidate
compare-dumps text_hidden_5: missing in candidate
compare-dumps text_hidden_6: missing in candidate
compare-dumps text_hidden_7: missing in candidate
compare-dumps text_hidden_12: missing in candidate
compare-dumps text_hidden_24: missing in candidate
compare-dumps text_hidden_36: missing in candidate
compare-dumps text_hidden_47: missing in candidate
compare-dumps text_hidden_48: missing in candidate
compare-dumps text_input_ids: missing in candidate
compare-dumps text_video_ctx               rel_l2 4.533e-3  cosine 0.999990  max_abs 1.188e0  n 4194304
compare-dumps text_video_ctx_real: missing in candidate
compare-dumps text_video_feats: missing in candidate
compare-dumps v2v_audio_latent             rel_l2 9.943e-2  cosine 0.995058  max_abs 1.961e0  n 16128
compare-dumps v2v_audio_wave               rel_l2 7.021e-5  cosine 1.000000  max_abs 3.747e-4  n 444416
compare-dumps v2v_frame0_pixels            rel_l2 3.254e-6  cosine 1.000000  max_abs 3.052e-5  n 1179648
compare-dumps v2v_region: missing in candidate
compare-dumps v2v_video_latent             rel_l2 1.790e-2  cosine 0.999840  max_abs 4.243e-1  n 786432
[PASS] stage compare-dumps → gpucheck-out/compare-dumps.json (0.3s)
