2026-10-01T19:58:28Z | phase3 agent started
2026-10-01T20:02:06Z | build pod up (scripts/dev/build-pod.sh up): dap2h1xyxyyy10
2026-10-01T20:21:51Z | build pod: merge builds; fal/engine-service/protocol/cudarc lib tests + serve dimension_sweep pass (1 stale director test fixed; ltx2 dit ref test flaked once, passed 2x); release fv-gpucheck --features cuda builds; pushed f6dcd6d
2026-10-01T20:23:54Z | permission classifier denied reading configs/serve/runpod-ltx.toml (Expose Local Services); reverted sidecar /file idea; item d via ltx2 gen at director canvases, not a live fv-serve session
2026-10-01T20:25:40Z | build pod dap2h1xyxyyy10 stopped (created 20:01, ~25 min at $1.12/hr ≈ $0.47)
2026-10-01T20:28:15Z | GPU pod 9lnoscqp7y8v5k created: RTX PRO 6000, EU volume jg48s6o1w0 (EUR-IS-1), $2.09/hr, backstop 12600 s (detached DELETE), idle guard 20 min, balance $77.90
2026-10-01T20:32:42Z | a: fv-gpucheck kernels --groups attn_sage,attn_fp8,attn3_bench (118 s): attn_sage parity 6/6 PASS vs bf16 (rel-L2 0.035-0.039, cos 0.9992-0.9994; peaked S=4097 0.0388/0.99925)
2026-10-01T20:32:42Z | a: attn_sage timing vs dense auto: H3 768p 56x37966 71.43 vs 106.99 ms (1.50x, 579 vs 386 TFLOPS); LTX 720p s2 32x14080 6.00 vs 8.75 ms (1.46x); FastWan 12x32760 11.77 vs 16.54 ms cuDNN (1.41x). Harness (Vast): 70.47 ms at H3 768p
2026-10-01T20:32:42Z | a: attn_fp8 reconfirmed: 5 peaked FAILs (rel-L2 0.067-0.086), dense 768p 94.4 vs 112.6 ms (1.19x); attn3_bench dense auto H3 768p 103.6 ms
2026-10-01T20:44:35Z | b: H3 max (Sol-H3 engine ladder, 768p, 5 prompts): denoise 23.62 -> 20.94 s (1.128x), total 31.30 -> 28.60 s (1.094x); LPIPS 0.31-0.49, PSNR 14.3-21.6, sharpness 0.932-1.052, jitter 0.93-1.10; GATE FAIL (ltx-frogyoga sharpness 0.932 < 0.95; 4/5 prompts pass)
2026-10-01T20:57:45Z | b: H3 4-step dense (Sol-H3 recipe, dense profile sol_h3_4step, 768p, 5 prompts): denoise 35.79 -> 27.01 s (1.325x), total 43.39 -> 34.61 s (1.253x); LPIPS 0.31-0.51, sharpness 0.891-1.031, jitter 0.78-1.06; GATE FAIL (ltx-frogyoga sharpness 0.891, jitter 0.780; 4/5 prompts pass)
2026-10-01T20:57:45Z | note: bf16 arms run cuDNN at the 56x~38k shapes (auto-timed: 106-110 ms vs fwd2 112-117); the d=64 text-encoder shape's auto pick flipped cuDNN/fwd2 between processes -> queued a bf16 control arm (FASTVIDEO_CUDNN_SDPA_GRAPH=composite: fwd2 everywhere) to measure the gate's noise floor
2026-10-01T21:07:22Z | b: h3-turbo (FastH3 4-step VSA, 768p, 5 prompts): denoise 20.57 -> 20.54 s (1.001x); 0 dense video calls (200/200 VSA), attn_sage never invoked; all 5 clips byte-identical to bf16; GATE FAIL on speedup only (no quality change) — as expected
2026-10-01T21:15:51Z | b: CONTROL h3dense bf16 vs bf16 with dense kernel cuDNN->fwd2 (FASTVIDEO_CUDNN_SDPA_GRAPH=composite): LPIPS 0.27-0.49, PSNR 14.0-21.6, sharpness 0.936-1.046, jitter 0.93-1.06; gate quality FAIL too (spark-mountain-lake sharpness 0.936; frogyoga 0.952) -> per-prompt sharpness gate is at H3's chaos floor; Sage's deviation (LPIPS 0.31-0.51) is the same magnitude; only frogyoga under dense Sage (0.891/0.780) is beyond the control
2026-10-01T21:15:51Z | b: lip-sync proxy (h3-demo + ltx-newsbroadcast pooled): uninformative — h3-demo has no stable face (29/124 face frames); newsbroadcast out of sync even in bf16 (best lag +250 ms bf16 max, +42 ms bf16 dense, |r|<=0.3, negative contrast); no arm in sync, no arm separable
2026-10-01T21:15:51Z | b: verdicts (policy gate-policy.toml, lossy): h3-max Sage FAIL (1/5 prompts sharpness), 4-step dense Sage FAIL (1/5 sharpness+jitter), h3-turbo FAIL (no speedup, byte-identical). Sage stays opt-in / default-off for H3.
2026-10-01T21:54:03Z | c: LTX-2.5 turbo (Sol stage 2) 720p 1280x768: denoise 8.25 -> 8.20 s (1.006x), stage2 4.32->4.31; PSNR 34.8-36.4 dB, LPIPS 0.029-0.036, sharpness 0.997-1.005; quality pass, speed gate FAIL (<1.03). Only layer 0 of stage 2 (14080 tok) routes to Sage; stage 1 (3520 tok) below min-seq
2026-10-01T21:54:03Z | c: LTX-2.5 turbo 1080p 1920x1088: denoise 18.92 -> 18.44 s (1.026x; stage1 6.88->6.54 since 8160 tok >= 6144); PSNR 22.3-24.4, LPIPS 0.20-0.22, sharpness 0.986-1.006; quality pass, speed FAIL
2026-10-01T21:54:03Z | c: LTX-2.5 DENSE stage 2 (ltx-pro route) 1080p: denoise 22.75 -> 19.84 s (1.147x), stage2 14.99 -> 12.50 s (1.20x), total 33.71 -> 31.37; PSNR 20.9-24.4, LPIPS 0.20-0.23 (max 0.86 one scene-cut frame, multishot), sharpness 0.986-0.993, jitter 0.986-1.126; GATE PASS
2026-10-01T21:54:03Z | d: director tiers (ltx2 gen two-stage turbo, 121 f, 3 prompts; generation canvases): 480p 896x512 denoise 4.23 s + decode 1.12; 720p 1280x768 8.25+1.91; 768p 1408x768 8.91+2.00; 1080p 1920x1088 18.92+3.80 -> chunk cost vs 768p: 0.49 / 0.93 / 1.00 / 2.08 (code had 0.4/0.9/2.2). Dims correct, 121 frames, non-flat (std 27-70), motion present, all arms; Sage A/B at 480p/768p: 1.006x / 0.994x, PSNR 30.9-37.5
2026-10-01T21:58:37Z | e: queued waiter matched itself in pgrep (GPU idle 21:53-21:59, ~6 min); killed by PID, e started 21:59
2026-10-01T22:14:10Z | GPU pod 9lnoscqp7y8v5k deleted (GET -> 404); lifetime 6364 s at $2.09/hr; balance $73.0186005131
