[fastvideo] cuda device=0 sm_120 kernels=Cubin(120) gemm=Bf16 resident=true sdpa=dense sdpa_chunk=1024 oxide=[bf16_128x128x128,bf16_128x256x128,bf16_256x128x128,bf16_128x128x256,f32_128x128x128] oxide_embedded=10
[INFO] wan/load {"mem_used_mib":21794,"seconds":115.262377144}
[fastvideo] generate preset=fast_wan_2_2_ti2v_5b tiny=false 1024x576 frames=161 steps=3 dmd=true rcm=false latent=1x48x41x36x64 nvfp4=off resident=true cuda=true
[fastvideo] denoise=dmd steps=3
[fastvideo] sdpa: cuDNN fused attention (cuDNN 92600, graph unified CUDNN_HEUR_MODE_A config 0 of 2, engine 11, , workspace 0 B)
[fastvideo] sdpa: fused mma B=1 H=24 Sq=23616 Sk=23616 D=128
[fastvideo] sdpa auto (sm_12x): bh=24 sq=23616 sk=23616 d=128: cuDNN 19.08 ms, flash_mma_fwd2 18.85 ms -> flash_mma_fwd2
[fastvideo] sdpa auto (sm_12x): bh=24 sq=23616 sk=512 d=128: cuDNN 0.58 ms, flash_mma_fwd2 0.56 ms -> flash_mma_fwd2
[fastvideo] dmd step 1/3 t=1000 done in 1897ms
[fastvideo] dmd step 2/3 t=757 done in 1218ms
[fastvideo] dmd step 3/3 t=522 done in 1218ms
[fastvideo] dmd 3 steps done in 4334ms
[fastvideo] sdpa: device dense B=1 H=1 Sq=2304 Sk=2304 D=1024 query_chunk=2304
[fastvideo] vae.decode done in 10091ms
[fastvideo] video writer: 161 frames, png deferred (0 inline, 161 after the mp4 in 0.30s, 0.10 GiB, synced), ffmpeg feed blocked 0.88s, mp4 tail 0.12s, buffered peak 0.27 GiB of 85.15
[fastvideo] wrote mp4 /fvscratch/runs/wan/9b2c963-09282019/fw22-580p-161f/frames/cold/output.mp4
[fastvideo] wrote 161 png frames → /fvscratch/runs/wan/9b2c963-09282019/fw22-580p-161f/frames/cold (text 2.30s, denoise 4.35s, decode+mp4 11.37s, png 0.30s)
[fastvideo] generate done in 18335ms
[INFO] wan/cold_generation {"audio_generate_s":0.0,"audio_s":0.0,"decode_s":11.365927957,"decoder":"wan-vae","denoise_s":4.347247521,"step_s":[1.909556726,1.218511232,1.218938272],"text_cache":"miss","text_s":2.295263592,"total_s":18.335355544,"video_encode_s":0.117118239,"video_push_s":0.00021024099999999998,"video_rgb_s":0.16497311100301326,"video_vae_s":11.192613906860352,"video_wait_s":1.1095779159999999,"write_s":0.29918382}
[fastvideo] generate preset=fast_wan_2_2_ti2v_5b tiny=false 1024x576 frames=161 steps=3 dmd=true rcm=false latent=1x48x41x36x64 nvfp4=off resident=true cuda=true
[fastvideo] denoise=dmd steps=3
[fastvideo] dmd step 1/3 t=1000 done in 1224ms
[fastvideo] dmd step 2/3 t=757 done in 1227ms
[fastvideo] dmd step 3/3 t=522 done in 1231ms
[fastvideo] dmd 3 steps done in 3683ms
[fastvideo] vae.decode done in 10058ms
[fastvideo] video writer: 161 frames, png deferred (0 inline, 161 after the mp4 in 0.22s, 0.10 GiB, synced), ffmpeg feed blocked 1.00s, mp4 tail 0.12s, buffered peak 0.27 GiB of 85.11
[fastvideo] wrote mp4 /fvscratch/runs/wan/9b2c963-09282019/fw22-580p-161f/frames/output.mp4
[fastvideo] wrote 161 png frames → /fvscratch/runs/wan/9b2c963-09282019/fw22-580p-161f/frames (text 0.00s, denoise 3.68s, decode+mp4 11.29s, png 0.22s)
[fastvideo] generate done in 15243ms
[INFO] wan/timings {"audio_generate_s":0.0,"audio_s":0.0,"decode_s":11.292206635,"decoder":"wan-vae","denoise_s":3.684905401,"frames_sha256":"415be1aa27eb7bc27a0d29668b39092d909de7313082a55320bb4de28f6bb5a0","peak_mib":47660,"step_s":[1.225219083,1.227777094,1.231642374],"text_cache":"hit","text_s":0.003063451,"total_s":15.025505494,"video_encode_s":0.12076269,"video_push_s":0.00018978799999999998,"video_rgb_s":0.1594049230019033,"video_vae_s":11.161894065856934,"video_wait_s":1.112608345,"write_s":0.218361966}
wan gen default: total 15.03s (text 0.00s, denoise 3.68s, decode 11.29s) png 0.22s peak Some(47660) MiB frames 415be1aa27eb7bc27a0d29668b39092d909de7313082a55320bb4de28f6bb5a0
[PASS] wan/frames {"decoded":161,"written":161} (limits {"expected":161})
[PASS] wan/middle_frame_not_flat {"frame":"/fvscratch/runs/wan/9b2c963-09282019/fw22-580p-161f/frames/frame-080.png","mean":0.3895227849192445,"std":0.2765492916832876} (limits {"std_min":0.02})
benchmark.json → /fvscratch/runs/wan/9b2c963-09282019/fw22-580p-161f/benchmark.json
[PASS] stage wan → gpucheck-out/wan.json (150.0s)
